     VMA      LMA     Size Align Out     In      Symbol
       0        0 80200000     1 . = 0x80200000
80200000        0        0     1 __kernel_base = .
80200000 80200000     5160     4 .text
80200000 80200000        c     4         /home/u/develop/riscv_os_rust/target/riscv32i-unknown-none-elf/debug/deps/riscv_os_rust-2b1703f02a1b9d0d.b8tpuhouqvmqex52a0pwa2zio.rcgu.o:(.text.boot)
80200000 80200000        0     1                 .Lpcrel_hi0
80200000 80200000        0     1                 $x
80200000 80200000        c     1                 boot
8020000c 8020000c      130     4         /home/u/develop/riscv_os_rust/target/riscv32i-unknown-none-elf/debug/deps/riscv_os_rust-2b1703f02a1b9d0d.0hkgdltn1p8sx4a4z5zv7ggek.rcgu.o:(.text._ZN4core10intrinsics11write_bytes18precondition_check17hfaeb832ee61513fdE)
8020000c 8020000c        0     1                 .L0 
8020000c 8020000c        0     1                 .L0 
8020000c 8020000c        0     1                 $x
8020000c 8020000c        0     1                 .L0 
8020000c 8020000c      130     1                 core::intrinsics::write_bytes::precondition_check::hfaeb832ee61513fd
80200010 80200010        0     1                 .L0 
8020002c 8020002c        0     1                 .L0 
8020002c 8020002c        0     1                 .L0 
80200038 80200038        0     1                 .L0 
80200038 80200038        0     1                 .L0 
80200098 80200098        0     1                 .L0 
802000a0 802000a0        0     1                 .L0 
802000a8 802000a8        0     1                 .L0 
802000a8 802000a8        0     1                 .L0 
802000b0 802000b0        0     1                 .L0 
802000b4 802000b4        0     1                 .L0 
802000b8 802000b8        0     1                 .L0 
802000b8 802000b8        0     1                 .L0 
802000c0 802000c0        0     1                 .L0 
802000c0 802000c0        0     1                 .L0 
802000e8 802000e8        0     1                 .L0 
802000e8 802000e8        0     1                 .L0 
802000fc 802000fc        0     1                 .L0 
802000fc 802000fc        0     1                 .L0 
80200100 80200100        0     1                 .L0 
8020010c 8020010c        0     1                 .L0 
8020010c 8020010c        0     1                 .L0 
80200110 80200110        0     1                 .L0 
80200114 80200114        0     1                 .L0 
8020011c 8020011c        0     1                 .L0 
80200120 80200120        0     1                 .L0 
80200134 80200134        0     1                 .L0 
80200138 80200138        0     1                 .L0 
8020013c 8020013c        0     1                 .L0 
8020013c 8020013c        0     1                 .L0 
8020013c 8020013c        0     1                 .L0 
8020013c 8020013c      238     4         /home/u/develop/riscv_os_rust/target/riscv32i-unknown-none-elf/debug/deps/riscv_os_rust-2b1703f02a1b9d0d.0hkgdltn1p8sx4a4z5zv7ggek.rcgu.o:(.text._ZN4core10intrinsics4copy18precondition_check17h140579a7ccedc3dcE)
8020013c 8020013c        0     1                 .L0 
8020013c 8020013c        0     1                 .L0 
8020013c 8020013c        0     1                 $x
8020013c 8020013c        0     1                 .L0 
8020013c 8020013c      238     1                 core::intrinsics::copy::precondition_check::h140579a7ccedc3dc
80200140 80200140        0     1                 .L0 
80200164 80200164        0     1                 .L0 
80200164 80200164        0     1                 .L0 
80200170 80200170        0     1                 .L0 
80200170 80200170        0     1                 .L0 
80200174 80200174        0     1                 .L0 
80200174 80200174        0     1                 .L0 
802001d4 802001d4        0     1                 .L0 
802001dc 802001dc        0     1                 .L0 
802001e4 802001e4        0     1                 .L0 
802001e4 802001e4        0     1                 .L0 
802001ec 802001ec        0     1                 .L0 
802001f4 802001f4        0     1                 .L0 
802001f8 802001f8        0     1                 .L0 
802001f8 802001f8        0     1                 .L0 
80200200 80200200        0     1                 .L0 
80200200 80200200        0     1                 .L0 
80200228 80200228        0     1                 .L0 
80200228 80200228        0     1                 .L0 
8020023c 8020023c        0     1                 .L0 
8020023c 8020023c        0     1                 .L0 
80200240 80200240        0     1                 .L0 
8020024c 8020024c        0     1                 .L0 
8020024c 8020024c        0     1                 .L0 
80200250 80200250        0     1                 .L0 
80200254 80200254        0     1                 .L0 
8020025c 8020025c        0     1                 .L0 
80200260 80200260        0     1                 .L0 
8020026c 8020026c        0     1                 .L0 
80200270 80200270        0     1                 .L0 
80200270 80200270        0     1                 .L0 
802002d0 802002d0        0     1                 .L0 
802002d8 802002d8        0     1                 .L0 
802002e0 802002e0        0     1                 .L0 
802002e0 802002e0        0     1                 .L0 
802002e8 802002e8        0     1                 .L0 
802002ec 802002ec        0     1                 .L0 
802002ec 802002ec        0     1                 .L0 
802002f4 802002f4        0     1                 .L0 
802002f4 802002f4        0     1                 .L0 
8020031c 8020031c        0     1                 .L0 
8020031c 8020031c        0     1                 .L0 
80200330 80200330        0     1                 .L0 
80200330 80200330        0     1                 .L0 
80200334 80200334        0     1                 .L0 
80200340 80200340        0     1                 .L0 
80200340 80200340        0     1                 .L0 
80200344 80200344        0     1                 .L0 
80200348 80200348        0     1                 .L0 
80200350 80200350        0     1                 .L0 
80200354 80200354        0     1                 .L0 
80200358 80200358        0     1                 .L0 
8020035c 8020035c        0     1                 .L0 
80200360 80200360        0     1                 .L0 
80200374 80200374        0     1                 .L0 
80200374 80200374        0     1                 .L0 
80200374 80200374        0     1                 .L0 
80200374 80200374      1bc     4         /home/u/develop/riscv_os_rust/target/riscv32i-unknown-none-elf/debug/deps/riscv_os_rust-2b1703f02a1b9d0d.1vokk4mzydqs579s7ltujzgc9.rcgu.o:(.text._ZN13riscv_os_rust6memory11alloc_pages17h4f7e9c8db0e66c1eE)
80200374 80200374        0     1                 .L0 
80200374 80200374        0     1                 .L0 
80200374 80200374        0     1                 $x
80200374 80200374        0     1                 .L0 
80200374 80200374      1bc     1                 riscv_os_rust::memory::alloc_pages::h4f7e9c8db0e66c1e
8020037c 8020037c        0     1                 .L0 
80200384 80200384        0     1                 .L0 
802003a8 802003a8        0     1                 .L0 
802003a8 802003a8        0     1                 .L0 
802003b0 802003b0        0     1                 .L0 
802003b0 802003b0        0     1                 .L0 
802003c0 802003c0        0     1                 .L0 
802003c4 802003c4        0     1                 .L0 
802003c4 802003c4        0     1                 .L0 
802003d0 802003d0        0     1                 .L0 
802003e4 802003e4        0     1                 .L0 
802003f4 802003f4        0     1                 .L0 
80200404 80200404        0     1                 .L0 
80200404 80200404        0     1                 .L0 
8020040c 8020040c        0     1                 .L0 
8020041c 8020041c        0     1                 .L0 
8020042c 8020042c        0     1                 .L0 
80200430 80200430        0     1                 .L0 
8020043c 8020043c        0     1                 .L0 
80200444 80200444        0     1                 .L0 
80200454 80200454        0     1                 .L0 
8020047c 8020047c        0     1                 .L0 
80200488 80200488        0     1                 .L0 
8020049c 8020049c        0     1                 .L0 
802004c8 802004c8        0     1                 .L0 
802004e4 802004e4        0     1                 .L0 
802004e4 802004e4        0     1                 .L0 
802004ec 802004ec        0     1                 .L0 
80200508 80200508        0     1                 .L0 
80200514 80200514        0     1                 .L0 
80200514 80200514        0     1                 .L0 
80200518 80200518        0     1                 .L0 
80200520 80200520        0     1                 .L0 
80200520 80200520        0     1                 .L0 
80200530 80200530        0     1                 .L0 
80200530 80200530        0     1                 .L0 
80200530 80200530        0     1                 .L0 
80200530 80200530        0     1                 .L0 
80200530 80200530      3ac     4         /home/u/develop/riscv_os_rust/target/riscv32i-unknown-none-elf/debug/deps/riscv_os_rust-2b1703f02a1b9d0d.1vokk4mzydqs579s7ltujzgc9.rcgu.o:(.text._ZN13riscv_os_rust6memory8map_page17h94523310661cdc9dE)
80200530 80200530        0     1                 .L0 
80200530 80200530        0     1                 .L0 
80200530 80200530        0     1                 $x
80200530 80200530        0     1                 .L0 
80200530 80200530      3ac     1                 riscv_os_rust::memory::map_page::h94523310661cdc9d
80200538 80200538        0     1                 .L0 
80200550 80200550        0     1                 .L0 
80200558 80200558        0     1                 .L0 
80200568 80200568        0     1                 .L0 
80200570 80200570        0     1                 .L0 
802005b8 802005b8        0     1                 .L0 
802005c0 802005c0        0     1                 .L0 
802005d0 802005d0        0     1                 .L0 
802005d8 802005d8        0     1                 .L0 
80200620 80200620        0     1                 .L0 
80200624 80200624        0     1                 .L0 
80200630 80200630        0     1                 .L0 
80200630 80200630        0     1                 .L0 
8020063c 8020063c        0     1                 .L0 
8020064c 8020064c        0     1                 .L0 
8020064c 8020064c        0     1                 .L0 
8020065c 8020065c        0     1                 .L0 
80200670 80200670        0     1                 .L0 
8020067c 8020067c        0     1                 .L0 
80200680 80200680        0     1                 .L0 
80200688 80200688        0     1                 .L0 
8020068c 8020068c        0     1                 .L0 
802006a0 802006a0        0     1                 .L0 
802006a4 802006a4        0     1                 .L0 
802006b4 802006b4        0     1                 .L0 
802006c4 802006c4        0     1                 .L0 
802006c8 802006c8        0     1                 .L0 
802006e0 802006e0        0     1                 .L0 
802006e0 802006e0        0     1                 .L0 
802006f8 802006f8        0     1                 .L0 
802006f8 802006f8        0     1                 .L0 
80200708 80200708        0     1                 .L0 
8020071c 8020071c        0     1                 .L0 
80200728 80200728        0     1                 .L0 
80200728 80200728        0     1                 .L0 
80200730 80200730        0     1                 .L0 
80200734 80200734        0     1                 .L0 
80200750 80200750        0     1                 .L0 
80200750 80200750        0     1                 .L0 
80200760 80200760        0     1                 .L0 
80200774 80200774        0     1                 .L0 
80200780 80200780        0     1                 .L0 
80200780 80200780        0     1                 .L0 
80200784 80200784        0     1                 .L0 
80200784 80200784        0     1                 .L0 
8020078c 8020078c        0     1                 .L0 
80200790 80200790        0     1                 .L0 
802007a4 802007a4        0     1                 .L0 
802007ac 802007ac        0     1                 .L0 
802007b4 802007b4        0     1                 .L0 
802007b4 802007b4        0     1                 .L0 
802007b8 802007b8        0     1                 .L0 
802007b8 802007b8        0     1                 .L0 
802007c8 802007c8        0     1                 .L0 
802007c8 802007c8        0     1                 .L0 
802007cc 802007cc        0     1                 .L0 
802007cc 802007cc        0     1                 .L0 
802007d4 802007d4        0     1                 .L0 
802007d8 802007d8        0     1                 .L0 
802007ec 802007ec        0     1                 .L0 
802007f0 802007f0        0     1                 .L0 
802007f4 802007f4        0     1                 .L0 
802007f8 802007f8        0     1                 .L0 
8020080c 8020080c        0     1                 .L0 
8020081c 8020081c        0     1                 .L0 
80200828 80200828        0     1                 .L0 
8020082c 8020082c        0     1                 .L0 
8020082c 8020082c        0     1                 .L0 
80200830 80200830        0     1                 .L0 
8020084c 8020084c        0     1                 .L0 
8020084c 8020084c        0     1                 .L0 
8020085c 8020085c        0     1                 .L0 
80200870 80200870        0     1                 .L0 
8020087c 8020087c        0     1                 .L0 
8020087c 8020087c        0     1                 .L0 
8020088c 8020088c        0     1                 .L0 
80200890 80200890        0     1                 .L0 
80200890 80200890        0     1                 .L0 
80200898 80200898        0     1                 .L0 
8020089c 8020089c        0     1                 .L0 
802008b0 802008b0        0     1                 .L0 
802008b8 802008b8        0     1                 .L0 
802008c0 802008c0        0     1                 .L0 
802008c0 802008c0        0     1                 .L0 
802008c4 802008c4        0     1                 .L0 
802008cc 802008cc        0     1                 .L0 
802008cc 802008cc        0     1                 .L0 
802008dc 802008dc        0     1                 .L0 
802008dc 802008dc        0     1                 .L0 
802008dc 802008dc        0     1                 .L0 
802008dc 802008dc        0     1                 .L0 
802008dc 802008dc       ac     4         /home/u/develop/riscv_os_rust/target/riscv32i-unknown-none-elf/debug/deps/riscv_os_rust-2b1703f02a1b9d0d.3xavv491ao3ast6pxfl9fki3y.rcgu.o:(.text._ZN4core3ptr7mut_ptr31_$LT$impl$u20$$BP$mut$u20$T$GT$6offset18precondition_check17h27adf689c6c19244E)
802008dc 802008dc        0     1                 .L0 
802008dc 802008dc        0     1                 .L0 
802008dc 802008dc        0     1                 $x
802008dc 802008dc        0     1                 .L0 
802008dc 802008dc       ac     1                 core::ptr::mut_ptr::_$LT$impl$u20$$BP$mut$u20$T$GT$::offset::precondition_check::h27adf689c6c19244
802008e4 802008e4        0     1                 .L0 
80200900 80200900        0     1                 .L0 
80200900 80200900        0     1                 .L0 
80200904 80200904        0     1                 .L0 
80200904 80200904        0     1                 .L0 
8020092c 8020092c        0     1                 .L0 
80200930 80200930        0     1                 .L0 
80200934 80200934        0     1                 .L0 
80200934 80200934        0     1                 .L0 
8020093c 8020093c        0     1                 .L0 
8020093c 8020093c        0     1                 .L0 
80200944 80200944        0     1                 .L0 
80200944 80200944        0     1                 .L0 
80200948 80200948        0     1                 .L0 
80200948 80200948        0     1                 .L0 
80200950 80200950        0     1                 .L0 
80200954 80200954        0     1                 .L0 
8020095c 8020095c        0     1                 .L0 
8020095c 8020095c        0     1                 .L0 
80200964 80200964        0     1                 .L0 
80200968 80200968        0     1                 .L0 
8020097c 8020097c        0     1                 .L0 
80200980 80200980        0     1                 .L0 
80200988 80200988        0     1                 .L0 
80200988 80200988        0     1                 .L0 
80200988 80200988        0     1                 .L0 
80200988 80200988       48     4         /home/u/develop/riscv_os_rust/target/riscv32i-unknown-none-elf/debug/deps/riscv_os_rust-2b1703f02a1b9d0d.410s84ktfqf1nrai1q1lngxwf.rcgu.o:(.text._ZN49_$LT$usize$u20$as$u20$core..iter..range..Step$GT$17forward_unchecked17h65b611ccc37dd813E)
80200988 80200988        0     1                 .L0 
80200988 80200988        0     1                 .L0 
80200988 80200988        0     1                 $x
80200988 80200988        0     1                 .L0 
80200988 80200988       48     1                 _$LT$usize$u20$as$u20$core..iter..range..Step$GT$::forward_unchecked::h65b611ccc37dd813
802009a0 802009a0        0     1                 .L0 
802009a0 802009a0        0     1                 .L0 
802009a4 802009a4        0     1                 .L0 
802009ac 802009ac        0     1                 .L0 
802009b8 802009b8        0     1                 .L0 
802009c0 802009c0        0     1                 .L0 
802009c4 802009c4        0     1                 .L0 
802009d0 802009d0        0     1                 .L0 
802009d0 802009d0       ac     4         /home/u/develop/riscv_os_rust/target/riscv32i-unknown-none-elf/debug/deps/riscv_os_rust-2b1703f02a1b9d0d.41vu7lugbyx7xshs0r1lrkjn7.rcgu.o:(.text._ZN4core3ptr9const_ptr33_$LT$impl$u20$$BP$const$u20$T$GT$6offset18precondition_check17hf15fa39250dc85ceE)
802009d0 802009d0        0     1                 .L0 
802009d0 802009d0        0     1                 .L0 
802009d0 802009d0        0     1                 $x
802009d0 802009d0        0     1                 .L0 
802009d0 802009d0       ac     1                 core::ptr::const_ptr::_$LT$impl$u20$$BP$const$u20$T$GT$::offset::precondition_check::hf15fa39250dc85ce
802009d8 802009d8        0     1                 .L0 
802009f4 802009f4        0     1                 .L0 
802009f4 802009f4        0     1                 .L0 
802009f8 802009f8        0     1                 .L0 
802009f8 802009f8        0     1                 .L0 
80200a20 80200a20        0     1                 .L0 
80200a24 80200a24        0     1                 .L0 
80200a28 80200a28        0     1                 .L0 
80200a28 80200a28        0     1                 .L0 
80200a30 80200a30        0     1                 .L0 
80200a30 80200a30        0     1                 .L0 
80200a38 80200a38        0     1                 .L0 
80200a38 80200a38        0     1                 .L0 
80200a3c 80200a3c        0     1                 .L0 
80200a3c 80200a3c        0     1                 .L0 
80200a44 80200a44        0     1                 .L0 
80200a48 80200a48        0     1                 .L0 
80200a50 80200a50        0     1                 .L0 
80200a50 80200a50        0     1                 .L0 
80200a58 80200a58        0     1                 .L0 
80200a5c 80200a5c        0     1                 .L0 
80200a70 80200a70        0     1                 .L0 
80200a74 80200a74        0     1                 .L0 
80200a7c 80200a7c        0     1                 .L0 
80200a7c 80200a7c        0     1                 .L0 
80200a7c 80200a7c        0     1                 .L0 
80200a7c 80200a7c       18     4         /home/u/develop/riscv_os_rust/target/riscv32i-unknown-none-elf/debug/deps/riscv_os_rust-2b1703f02a1b9d0d.420alaoa4257o0fg9lhfdsr35.rcgu.o:(.text._ZN13riscv_os_rust7process10user_entry17h4b8ccd263e236498E)
80200a7c 80200a7c       18     1                 riscv_os_rust::process::user_entry::h4b8ccd263e236498
80200a7c 80200a7c        0     1                 $x
80200a94 80200a94       7c     4         /home/u/develop/riscv_os_rust/target/riscv32i-unknown-none-elf/debug/deps/riscv_os_rust-2b1703f02a1b9d0d.420alaoa4257o0fg9lhfdsr35.rcgu.o:(.text.switch_context)
80200a94 80200a94        0     1                 $x
80200a94 80200a94       7c     1                 switch_context
80200b10 80200b10      76c     4         /home/u/develop/riscv_os_rust/target/riscv32i-unknown-none-elf/debug/deps/riscv_os_rust-2b1703f02a1b9d0d.420alaoa4257o0fg9lhfdsr35.rcgu.o:(.text._ZN13riscv_os_rust7process14ProcessManager4init17h07141b13fbd443dbE)
80200b10 80200b10        0     1                 .L0 
80200b10 80200b10        0     1                 .L0 
80200b10 80200b10        0     1                 $x
80200b10 80200b10        0     1                 .L0 
80200b10 80200b10      76c     1                 riscv_os_rust::process::ProcessManager::init::h07141b13fbd443db
80200b18 80200b18        0     1                 .L0 
80200b20 80200b20        0     1                 .L0 
80200b2c 80200b2c        0     1                 .L0 
80200b2c 80200b2c        0     1                 .L0 
80200b4c 80200b4c        0     1                 .L0 
80200b4c 80200b4c        0     1                 .L0 
80200b54 80200b54        0     1                 .L0 
80200b68 80200b68        0     1                 .L0 
80200b68 80200b68        0     1                 .L0 
80200b7c 80200b7c        0     1                 .L0 
80200b8c 80200b8c        0     1                 .L0 
80200b98 80200b98        0     1                 .L0 
80200b9c 80200b9c        0     1                 .L0 
80200ba4 80200ba4        0     1                 .L0 
80200ba8 80200ba8        0     1                 .L0 
80200bbc 80200bbc        0     1                 .L0 
80200bc8 80200bc8        0     1                 .L0 
80200bdc 80200bdc        0     1                 .L0 
80200bdc 80200bdc        0     1                 .L0 
80200be8 80200be8        0     1                 .L0 
80200bf8 80200bf8        0     1                 .L0 
80200c04 80200c04        0     1                 .L0 
80200c14 80200c14        0     1                 .L0 
80200c18 80200c18        0     1                 .L0 
80200c20 80200c20        0     1                 .L0 
80200c24 80200c24        0     1                 .L0 
80200c38 80200c38        0     1                 .L0 
80200c44 80200c44        0     1                 .L0 
80200c58 80200c58        0     1                 .L0 
80200c58 80200c58        0     1                 .L0 
80200c64 80200c64        0     1                 .L0 
80200c74 80200c74        0     1                 .L0 
80200c80 80200c80        0     1                 .L0 
80200c90 80200c90        0     1                 .L0 
80200c94 80200c94        0     1                 .L0 
80200c9c 80200c9c        0     1                 .L0 
80200ca0 80200ca0        0     1                 .L0 
80200cb4 80200cb4        0     1                 .L0 
80200cc0 80200cc0        0     1                 .L0 
80200cd4 80200cd4        0     1                 .L0 
80200cd4 80200cd4        0     1                 .L0 
80200ce0 80200ce0        0     1                 .L0 
80200cf0 80200cf0        0     1                 .L0 
80200cfc 80200cfc        0     1                 .L0 
80200d0c 80200d0c        0     1                 .L0 
80200d10 80200d10        0     1                 .L0 
80200d18 80200d18        0     1                 .L0 
80200d1c 80200d1c        0     1                 .L0 
80200d30 80200d30        0     1                 .L0 
80200d3c 80200d3c        0     1                 .L0 
80200d50 80200d50        0     1                 .L0 
80200d50 80200d50        0     1                 .L0 
80200d5c 80200d5c        0     1                 .L0 
80200d6c 80200d6c        0     1                 .L0 
80200d78 80200d78        0     1                 .L0 
80200d88 80200d88        0     1                 .L0 
80200d8c 80200d8c        0     1                 .L0 
80200d94 80200d94        0     1                 .L0 
80200d98 80200d98        0     1                 .L0 
80200dac 80200dac        0     1                 .L0 
80200db8 80200db8        0     1                 .L0 
80200dcc 80200dcc        0     1                 .L0 
80200dcc 80200dcc        0     1                 .L0 
80200dd8 80200dd8        0     1                 .L0 
80200de8 80200de8        0     1                 .L0 
80200df4 80200df4        0     1                 .L0 
80200e04 80200e04        0     1                 .L0 
80200e08 80200e08        0     1                 .L0 
80200e10 80200e10        0     1                 .L0 
80200e14 80200e14        0     1                 .L0 
80200e28 80200e28        0     1                 .L0 
80200e34 80200e34        0     1                 .L0 
80200e48 80200e48        0     1                 .L0 
80200e48 80200e48        0     1                 .L0 
80200e54 80200e54        0     1                 .L0 
80200e64 80200e64        0     1                 .L0 
80200e70 80200e70        0     1                 .L0 
80200e80 80200e80        0     1                 .L0 
80200e84 80200e84        0     1                 .L0 
80200e8c 80200e8c        0     1                 .L0 
80200e90 80200e90        0     1                 .L0 
80200ea4 80200ea4        0     1                 .L0 
80200eb0 80200eb0        0     1                 .L0 
80200ec4 80200ec4        0     1                 .L0 
80200ec4 80200ec4        0     1                 .L0 
80200ed0 80200ed0        0     1                 .L0 
80200ee0 80200ee0        0     1                 .L0 
80200eec 80200eec        0     1                 .L0 
80200efc 80200efc        0     1                 .L0 
80200f00 80200f00        0     1                 .L0 
80200f08 80200f08        0     1                 .L0 
80200f0c 80200f0c        0     1                 .L0 
80200f20 80200f20        0     1                 .L0 
80200f2c 80200f2c        0     1                 .L0 
80200f40 80200f40        0     1                 .L0 
80200f40 80200f40        0     1                 .L0 
80200f4c 80200f4c        0     1                 .L0 
80200f5c 80200f5c        0     1                 .L0 
80200f68 80200f68        0     1                 .L0 
80200f78 80200f78        0     1                 .L0 
80200f7c 80200f7c        0     1                 .L0 
80200f84 80200f84        0     1                 .L0 
80200f88 80200f88        0     1                 .L0 
80200f9c 80200f9c        0     1                 .L0 
80200fa8 80200fa8        0     1                 .L0 
80200fbc 80200fbc        0     1                 .L0 
80200fbc 80200fbc        0     1                 .L0 
80200fc8 80200fc8        0     1                 .L0 
80200fd8 80200fd8        0     1                 .L0 
80200fe4 80200fe4        0     1                 .L0 
80200ff4 80200ff4        0     1                 .L0 
80200ff8 80200ff8        0     1                 .L0 
80201000 80201000        0     1                 .L0 
80201004 80201004        0     1                 .L0 
80201018 80201018        0     1                 .L0 
80201024 80201024        0     1                 .L0 
80201038 80201038        0     1                 .L0 
80201038 80201038        0     1                 .L0 
80201044 80201044        0     1                 .L0 
80201054 80201054        0     1                 .L0 
80201060 80201060        0     1                 .L0 
80201070 80201070        0     1                 .L0 
80201074 80201074        0     1                 .L0 
8020107c 8020107c        0     1                 .L0 
80201080 80201080        0     1                 .L0 
80201094 80201094        0     1                 .L0 
802010a0 802010a0        0     1                 .L0 
802010b4 802010b4        0     1                 .L0 
802010b4 802010b4        0     1                 .L0 
802010c0 802010c0        0     1                 .L0 
802010d0 802010d0        0     1                 .L0 
802010dc 802010dc        0     1                 .L0 
802010ec 802010ec        0     1                 .L0 
802010f0 802010f0        0     1                 .L0 
802010f8 802010f8        0     1                 .L0 
802010fc 802010fc        0     1                 .L0 
80201110 80201110        0     1                 .L0 
8020111c 8020111c        0     1                 .L0 
80201130 80201130        0     1                 .L0 
80201130 80201130        0     1                 .L0 
8020113c 8020113c        0     1                 .L0 
8020114c 8020114c        0     1                 .L0 
80201158 80201158        0     1                 .L0 
80201168 80201168        0     1                 .L0 
8020116c 8020116c        0     1                 .L0 
80201174 80201174        0     1                 .L0 
80201178 80201178        0     1                 .L0 
8020118c 8020118c        0     1                 .L0 
80201194 80201194        0     1                 .L0 
8020119c 8020119c        0     1                 .L0 
802011b0 802011b0        0     1                 .L0 
802011b0 802011b0        0     1                 .L0 
802011bc 802011bc        0     1                 .L0 
802011bc 802011bc        0     1                 .L0 
802011c0 802011c0        0     1                 .L0 
802011c0 802011c0        0     1                 .L0 
802011d0 802011d0        0     1                 .L0 
802011d0 802011d0        0     1                 .L0 
802011e4 802011e4        0     1                 .L0 
802011f0 802011f0        0     1                 .L0 
802011f8 802011f8        0     1                 .L0 
802011fc 802011fc        0     1                 .L0 
8020121c 8020121c        0     1                 .L0 
8020121c 8020121c        0     1                 .L0 
80201230 80201230        0     1                 .L0 
80201234 80201234        0     1                 .L0 
80201238 80201238        0     1                 .L0 
8020123c 8020123c        0     1                 .L0 
8020123c 8020123c        0     1                 .L0 
80201240 80201240        0     1                 .L0 
80201248 80201248        0     1                 .L0 
8020124c 8020124c        0     1                 .L0 
8020124c 8020124c        0     1                 .L0 
80201254 80201254        0     1                 .L0 
80201260 80201260        0     1                 .L0 
80201270 80201270        0     1                 .L0 
80201270 80201270        0     1                 .L0 
80201274 80201274        0     1                 .L0 
80201278 80201278        0     1                 .L0 
8020127c 8020127c        0     1                 .L0 
8020127c 8020127c        0     1                 .L0 
8020127c 8020127c        0     1                 .L0 
8020127c 8020127c        0     1                 .L0 
8020127c 8020127c      924     4         /home/u/develop/riscv_os_rust/target/riscv32i-unknown-none-elf/debug/deps/riscv_os_rust-2b1703f02a1b9d0d.420alaoa4257o0fg9lhfdsr35.rcgu.o:(.text._ZN13riscv_os_rust7process14ProcessManager14create_process17h3dcebc54a26e32acE)
8020127c 8020127c        0     1                 .L0 
8020127c 8020127c        0     1                 .L0 
8020127c 8020127c        0     1                 $x
8020127c 8020127c        0     1                 .L0 
8020127c 8020127c      924     1                 riscv_os_rust::process::ProcessManager::create_process::h3dcebc54a26e32ac
80201284 80201284        0     1                 .L0 
8020129c 8020129c        0     1                 .L0 
8020129c 8020129c        0     1                 .L0 
802012d8 802012d8        0     1                 .L0 
802012e0 802012e0        0     1                 .L0 
802012ec 802012ec        0     1                 .L0 
802012f8 802012f8        0     1                 .L0 
80201318 80201318        0     1                 .L0 
80201318 80201318        0     1                 .L0 
80201320 80201320        0     1                 .L0 
80201334 80201334        0     1                 .L0 
80201334 80201334        0     1                 .L0 
80201348 80201348        0     1                 .L0 
80201358 80201358        0     1                 .L0 
80201364 80201364        0     1                 .L0 
80201364 80201364        0     1                 .L0 
80201390 80201390        0     1                 .L0 
80201394 80201394        0     1                 .L0 
80201394 80201394        0     1                 .L0 
8020139c 8020139c        0     1                 .L0 
802013a0 802013a0        0     1                 .L0 
802013b4 802013b4        0     1                 .L0 
802013c0 802013c0        0     1                 .L0 
802013d4 802013d4        0     1                 .L0 
802013d4 802013d4        0     1                 .L0 
802013e0 802013e0        0     1                 .L0 
802013f0 802013f0        0     1                 .L0 
802013fc 802013fc        0     1                 .L0 
8020140c 8020140c        0     1                 .L0 
80201410 80201410        0     1                 .L0 
80201418 80201418        0     1                 .L0 
8020141c 8020141c        0     1                 .L0 
80201430 80201430        0     1                 .L0 
8020143c 8020143c        0     1                 .L0 
80201450 80201450        0     1                 .L0 
80201450 80201450        0     1                 .L0 
8020145c 8020145c        0     1                 .L0 
8020146c 8020146c        0     1                 .L0 
80201478 80201478        0     1                 .L0 
80201488 80201488        0     1                 .L0 
8020148c 8020148c        0     1                 .L0 
80201494 80201494        0     1                 .L0 
80201498 80201498        0     1                 .L0 
802014ac 802014ac        0     1                 .L0 
802014b8 802014b8        0     1                 .L0 
802014cc 802014cc        0     1                 .L0 
802014cc 802014cc        0     1                 .L0 
802014d8 802014d8        0     1                 .L0 
802014e8 802014e8        0     1                 .L0 
802014f4 802014f4        0     1                 .L0 
80201504 80201504        0     1                 .L0 
80201508 80201508        0     1                 .L0 
80201510 80201510        0     1                 .L0 
80201514 80201514        0     1                 .L0 
80201528 80201528        0     1                 .L0 
80201534 80201534        0     1                 .L0 
80201548 80201548        0     1                 .L0 
80201548 80201548        0     1                 .L0 
80201554 80201554        0     1                 .L0 
80201564 80201564        0     1                 .L0 
80201570 80201570        0     1                 .L0 
80201580 80201580        0     1                 .L0 
80201584 80201584        0     1                 .L0 
8020158c 8020158c        0     1                 .L0 
80201590 80201590        0     1                 .L0 
802015a4 802015a4        0     1                 .L0 
802015b0 802015b0        0     1                 .L0 
802015c4 802015c4        0     1                 .L0 
802015c4 802015c4        0     1                 .L0 
802015d0 802015d0        0     1                 .L0 
802015e0 802015e0        0     1                 .L0 
802015ec 802015ec        0     1                 .L0 
802015fc 802015fc        0     1                 .L0 
80201600 80201600        0     1                 .L0 
80201608 80201608        0     1                 .L0 
8020160c 8020160c        0     1                 .L0 
80201620 80201620        0     1                 .L0 
8020162c 8020162c        0     1                 .L0 
80201640 80201640        0     1                 .L0 
80201640 80201640        0     1                 .L0 
8020164c 8020164c        0     1                 .L0 
8020165c 8020165c        0     1                 .L0 
80201668 80201668        0     1                 .L0 
80201678 80201678        0     1                 .L0 
8020167c 8020167c        0     1                 .L0 
80201684 80201684        0     1                 .L0 
80201688 80201688        0     1                 .L0 
8020169c 8020169c        0     1                 .L0 
802016a8 802016a8        0     1                 .L0 
802016bc 802016bc        0     1                 .L0 
802016bc 802016bc        0     1                 .L0 
802016c8 802016c8        0     1                 .L0 
802016d8 802016d8        0     1                 .L0 
802016e4 802016e4        0     1                 .L0 
802016f4 802016f4        0     1                 .L0 
802016f8 802016f8        0     1                 .L0 
80201700 80201700        0     1                 .L0 
80201704 80201704        0     1                 .L0 
80201718 80201718        0     1                 .L0 
80201724 80201724        0     1                 .L0 
80201738 80201738        0     1                 .L0 
80201738 80201738        0     1                 .L0 
80201744 80201744        0     1                 .L0 
80201754 80201754        0     1                 .L0 
80201760 80201760        0     1                 .L0 
80201770 80201770        0     1                 .L0 
80201774 80201774        0     1                 .L0 
8020177c 8020177c        0     1                 .L0 
80201780 80201780        0     1                 .L0 
80201794 80201794        0     1                 .L0 
802017a0 802017a0        0     1                 .L0 
802017b4 802017b4        0     1                 .L0 
802017b4 802017b4        0     1                 .L0 
802017c0 802017c0        0     1                 .L0 
802017d0 802017d0        0     1                 .L0 
802017dc 802017dc        0     1                 .L0 
802017ec 802017ec        0     1                 .L0 
802017f0 802017f0        0     1                 .L0 
802017f8 802017f8        0     1                 .L0 
802017fc 802017fc        0     1                 .L0 
80201810 80201810        0     1                 .L0 
8020181c 8020181c        0     1                 .L0 
80201830 80201830        0     1                 .L0 
80201830 80201830        0     1                 .L0 
8020183c 8020183c        0     1                 .L0 
8020184c 8020184c        0     1                 .L0 
80201858 80201858        0     1                 .L0 
80201868 80201868        0     1                 .L0 
8020186c 8020186c        0     1                 .L0 
80201874 80201874        0     1                 .L0 
80201878 80201878        0     1                 .L0 
8020188c 8020188c        0     1                 .L0 
80201898 80201898        0     1                 .L0 
802018ac 802018ac        0     1                 .L0 
802018ac 802018ac        0     1                 .L0 
802018b8 802018b8        0     1                 .L0 
802018c8 802018c8        0     1                 .L0 
802018d4 802018d4        0     1                 .L0 
802018e4 802018e4        0     1                 .L0 
802018e8 802018e8        0     1                 .L0 
802018f0 802018f0        0     1                 .L0 
802018f4 802018f4        0     1                 .L0 
80201908 80201908        0     1                 .L0 
80201914 80201914        0     1                 .L0 
80201928 80201928        0     1                 .L0 
80201928 80201928        0     1                 .L0 
80201934 80201934        0     1                 .L0 
80201944 80201944        0     1                 .L0 
80201950 80201950        0     1                 .L0 
80201960 80201960        0     1                 .L0 
80201964 80201964        0     1                 .L0 
8020196c 8020196c        0     1                 .L0 
80201970 80201970        0     1                 .L0 
80201984 80201984        0     1                 .L0 
80201988 80201988        0     1                 .L0 
80201998 80201998        0     1                 .L0 
802019ac 802019ac        0     1                 .L0 
802019ac 802019ac        0     1                 .L0 
802019b8 802019b8        0     1                 .L0 
802019b8 802019b8        0     1                 .L0 
802019bc 802019bc        0     1                 .L0 
802019bc 802019bc        0     1                 .L0 
802019cc 802019cc        0     1                 .L0 
802019cc 802019cc        0     1                 .L0 
802019e0 802019e0        0     1                 .L0 
802019e4 802019e4        0     1                 .L0 
802019e8 802019e8        0     1                 .L0 
802019e8 802019e8        0     1                 .L0 
802019ec 802019ec        0     1                 .L0 
802019ec 802019ec        0     1                 .L0 
802019f0 802019f0        0     1                 .L0 
802019f8 802019f8        0     1                 .L0 
80201a04 80201a04        0     1                 .L0 
80201a14 80201a14        0     1                 .L0 
80201a14 80201a14        0     1                 .L0 
80201a18 80201a18        0     1                 .L0 
80201a1c 80201a1c        0     1                 .L0 
80201a20 80201a20        0     1                 .L0 
80201a24 80201a24        0     1                 .L0 
80201a24 80201a24        0     1                 .L0 
80201a30 80201a30        0     1                 .L0 
80201a3c 80201a3c        0     1                 .L0 
80201a44 80201a44        0     1                 .L0 
80201a48 80201a48        0     1                 .L0 
80201a68 80201a68        0     1                 .L0 
80201a68 80201a68        0     1                 .L0 
80201a7c 80201a7c        0     1                 .L0 
80201a80 80201a80        0     1                 .L0 
80201a84 80201a84        0     1                 .L0 
80201a88 80201a88        0     1                 .L0 
80201a88 80201a88        0     1                 .L0 
80201a8c 80201a8c        0     1                 .L0 
80201a94 80201a94        0     1                 .L0 
80201a98 80201a98        0     1                 .L0 
80201a98 80201a98        0     1                 .L0 
80201ab8 80201ab8        0     1                 .L0 
80201ab8 80201ab8        0     1                 .L0 
80201ad0 80201ad0        0     1                 .L0 
80201ad0 80201ad0        0     1                 .L0 
80201ae8 80201ae8        0     1                 .L0 
80201b08 80201b08        0     1                 .L0 
80201b08 80201b08        0     1                 .L0 
80201b0c 80201b0c        0     1                 .L0 
80201b24 80201b24        0     1                 .L0 
80201b2c 80201b2c        0     1                 .L0 
80201b34 80201b34        0     1                 .L0 
80201b44 80201b44        0     1                 .L0 
80201b54 80201b54        0     1                 .L0 
80201b5c 80201b5c        0     1                 .L0 
80201b74 80201b74        0     1                 .L0 
80201b84 80201b84        0     1                 .L0 
80201b88 80201b88        0     1                 .L0 
80201b8c 80201b8c        0     1                 .L0 
80201b8c 80201b8c        0     1                 .L0 
80201b90 80201b90        0     1                 .L0 
80201b90 80201b90        0     1                 .L0 
80201ba0 80201ba0        0     1                 .L0 
80201ba0 80201ba0        0     1                 .L0 
80201ba0 80201ba0        0     1                 .L0 
80201ba0 80201ba0        0     1                 .L0 
80201ba0 80201ba0      2ac     4         /home/u/develop/riscv_os_rust/target/riscv32i-unknown-none-elf/debug/deps/riscv_os_rust-2b1703f02a1b9d0d.420alaoa4257o0fg9lhfdsr35.rcgu.o:(.text._ZN13riscv_os_rust7process14ProcessManager6yield_17h5872880a57fa203dE)
80201ba0 80201ba0        0     1                 .L0 
80201ba0 80201ba0        0     1                 .L0 
80201ba0 80201ba0        0     1                 $x
80201ba0 80201ba0        0     1                 .L0 
80201ba0 80201ba0      2ac     1                 riscv_os_rust::process::ProcessManager::yield_::h5872880a57fa203d
80201ba8 80201ba8        0     1                 .L0 
80201bb4 80201bb4        0     1                 .L0 
80201bbc 80201bbc        0     1                 .L0 
80201bbc 80201bbc        0     1                 .L0 
80201bcc 80201bcc        0     1                 .L0 
80201bcc 80201bcc        0     1                 .L0 
80201bd0 80201bd0        0     1                 .L0 
80201bd4 80201bd4        0     1                 .L0 
80201bf0 80201bf0        0     1                 .L0 
80201bf0 80201bf0        0     1                 .L0 
80201bf4 80201bf4        0     1                 .L0 
80201bf8 80201bf8        0     1                 .L0 
80201bfc 80201bfc        0     1                 .L0 
80201c08 80201c08        0     1                 .L0 
80201c10 80201c10        0     1                 .L0 
80201c14 80201c14        0     1                 .L0 
80201c14 80201c14        0     1                 .L0 
80201c1c 80201c1c        0     1                 .L0 
80201c1c 80201c1c        0     1                 .L0 
80201c38 80201c38        0     1                 .L0 
80201c3c 80201c3c        0     1                 .L0 
80201c4c 80201c4c        0     1                 .L0 
80201c5c 80201c5c        0     1                 .L0 
80201c60 80201c60        0     1                 .L0 
80201c78 80201c78        0     1                 .L0 
80201c78 80201c78        0     1                 .L0 
80201c80 80201c80        0     1                 .L0 
80201c80 80201c80        0     1                 .L0 
80201c90 80201c90        0     1                 .L0 
80201c98 80201c98        0     1                 .L0 
80201c98 80201c98        0     1                 .L0 
80201cb4 80201cb4        0     1                 .L0 
80201cb4 80201cb4        0     1                 .L0 
80201cd8 80201cd8        0     1                 .L0 
80201cd8 80201cd8        0     1                 .L0 
80201cdc 80201cdc        0     1                 .L0 
80201cf0 80201cf0        0     1                 .L0 
80201cf4 80201cf4        0     1                 .L0 
80201cf4 80201cf4        0     1                 .L0 
80201cf8 80201cf8        0     1                 .L0 
80201cf8 80201cf8        0     1                 .L0 
80201cfc 80201cfc        0     1                 .L0 
80201cfc 80201cfc        0     1                 .L0 
80201d08 80201d08        0     1                 .L0 
80201d10 80201d10        0     1                 .L0 
80201d10 80201d10        0     1                 .L0 
80201d14 80201d14        0     1                 .L0 
80201d1c 80201d1c        0     1                 .L0 
80201d24 80201d24        0     1                 .L0 
80201d24 80201d24        0     1                 .L0 
80201d38 80201d38        0     1                 .L0 
80201d38 80201d38        0     1                 .L0 
80201d54 80201d54        0     1                 .L0 
80201d54 80201d54        0     1                 .L0 
80201d58 80201d58        0     1                 .L0 
80201d5c 80201d5c        0     1                 .L0 
80201d5c 80201d5c        0     1                 .L0 
80201d60 80201d60        0     1                 .L0 
80201d68 80201d68        0     1                 .L0 
80201d6c 80201d6c        0     1                 .L0 
80201d7c 80201d7c        0     1                 .L0 
80201d90 80201d90        0     1                 .L0 
80201d90 80201d90        0     1                 .L0 
80201d94 80201d94        0     1                 .L0 
80201d9c 80201d9c        0     1                 .L0 
80201da4 80201da4        0     1                 .L0 
80201da4 80201da4        0     1                 .L0 
80201da8 80201da8        0     1                 .L0 
80201dbc 80201dbc        0     1                 .L0 
80201dc4 80201dc4        0     1                 .L0 
80201dc4 80201dc4        0     1                 .L0 
80201ddc 80201ddc        0     1                 .L0 
80201de8 80201de8        0     1                 .L0 
80201df0 80201df0        0     1                 .L0 
80201df4 80201df4        0     1                 .L0 
80201e08 80201e08        0     1                 .L0 
80201e14 80201e14        0     1                 .L0 
80201e28 80201e28        0     1                 .L0 
80201e34 80201e34        0     1                 .L0 
80201e38 80201e38        0     1                 .L0 
80201e4c 80201e4c        0     1                 .L0 
80201e4c 80201e4c        0     1                 .L0 
80201e4c 80201e4c        0     1                 .L0 
80201e4c 80201e4c        0     1                 .L0 
80201e4c 80201e4c       2c     4         /home/u/develop/riscv_os_rust/target/riscv32i-unknown-none-elf/debug/deps/riscv_os_rust-2b1703f02a1b9d0d.420alaoa4257o0fg9lhfdsr35.rcgu.o:(.text._ZN70_$LT$riscv_os_rust..process..State$u20$as$u20$core..cmp..PartialEq$GT$2eq17hc30b00220a9c1e01E)
80201e4c 80201e4c        0     1                 .L0 
80201e4c 80201e4c        0     1                 .L0 
80201e4c 80201e4c        0     1                 $x
80201e4c 80201e4c        0     1                 .L0 
80201e4c 80201e4c       2c     1                 _$LT$riscv_os_rust..process..State$u20$as$u20$core..cmp..PartialEq$GT$::eq::hc30b00220a9c1e01
80201e58 80201e58        0     1                 .L0 
80201e60 80201e60        0     1                 .L0 
80201e60 80201e60        0     1                 .L0 
80201e68 80201e68        0     1                 .L0 
80201e68 80201e68        0     1                 .L0 
80201e70 80201e70        0     1                 .L0 
80201e78 80201e78        0     1                 .L0 
80201e78 80201e78       b4     4         /home/u/develop/riscv_os_rust/target/riscv32i-unknown-none-elf/debug/deps/riscv_os_rust-2b1703f02a1b9d0d.5xcv0p2zuhy7h9ritkl4jze5y.rcgu.o:(.text._ZN4core4iter6traits8iterator8Iterator8try_fold17h076a418fccb14324E)
80201e78 80201e78        0     1                 .L0 
80201e78 80201e78        0     1                 .L0 
80201e78 80201e78        0     1                 $x
80201e78 80201e78        0     1                 .L0 
80201e78 80201e78       b4     1                 core::iter::traits::iterator::Iterator::try_fold::h076a418fccb14324
80201e80 80201e80        0     1                 .L0 
80201e8c 80201e8c        0     1                 .L0 
80201e8c 80201e8c        0     1                 .L0 
80201e90 80201e90        0     1                 .L0 
80201e94 80201e94        0     1                 .L0 
80201e94 80201e94        0     1                 .L0 
80201ea4 80201ea4        0     1                 .L0 
80201eac 80201eac        0     1                 .L0 
80201eb8 80201eb8        0     1                 .L0 
80201edc 80201edc        0     1                 .L0 
80201edc 80201edc        0     1                 .L0 
80201eec 80201eec        0     1                 .L0 
80201eec 80201eec        0     1                 .L0 
80201ef0 80201ef0        0     1                 .L0 
80201ef0 80201ef0        0     1                 .L0 
80201ef4 80201ef4        0     1                 .L0 
80201ef4 80201ef4        0     1                 .L0 
80201f04 80201f04        0     1                 .L0 
80201f04 80201f04        0     1                 .L0 
80201f14 80201f14        0     1                 .L0 
80201f14 80201f14        0     1                 .L0 
80201f18 80201f18        0     1                 .L0 
80201f20 80201f20        0     1                 .L0 
80201f24 80201f24        0     1                 .L0 
80201f2c 80201f2c        0     1                 .L0 
80201f2c 80201f2c        0     1                 .L0 
80201f2c 80201f2c        0     1                 .L0 
80201f2c 80201f2c       30     4         /home/u/develop/riscv_os_rust/target/riscv32i-unknown-none-elf/debug/deps/riscv_os_rust-2b1703f02a1b9d0d.5xcv0p2zuhy7h9ritkl4jze5y.rcgu.o:(.text._ZN4core4iter6traits8iterator8Iterator9enumerate17hb4b88471e351231fE)
80201f2c 80201f2c        0     1                 .L0 
80201f2c 80201f2c        0     1                 .L0 
80201f2c 80201f2c        0     1                 $x
80201f2c 80201f2c        0     1                 .L0 
80201f2c 80201f2c       30     1                 core::iter::traits::iterator::Iterator::enumerate::hb4b88471e351231f
80201f44 80201f44        0     1                 .L0 
80201f44 80201f44        0     1                 .L0 
80201f54 80201f54        0     1                 .L0 
80201f5c 80201f5c        0     1                 .L0 
80201f5c 80201f5c       5c     4         /home/u/develop/riscv_os_rust/target/riscv32i-unknown-none-elf/debug/deps/riscv_os_rust-2b1703f02a1b9d0d.5xcv0p2zuhy7h9ritkl4jze5y.rcgu.o:(.text._ZN4core5slice4iter16IterMut$LT$T$GT$3new17h7a80627e23b5f8c0E)
80201f5c 80201f5c        0     1                 .L0 
80201f5c 80201f5c        0     1                 .L0 
80201f5c 80201f5c        0     1                 $x
80201f5c 80201f5c        0     1                 .L0 
80201f5c 80201f5c       5c     1                 core::slice::iter::IterMut$LT$T$GT$::new::h7a80627e23b5f8c0
80201f70 80201f70        0     1                 .L0 
80201f74 80201f74        0     1                 .L0 
80201f74 80201f74        0     1                 .L0 
80201f7c 80201f7c        0     1                 .L0 
80201f7c 80201f7c        0     1                 .L0 
80201f80 80201f80        0     1                 .L0 
80201f80 80201f80        0     1                 .L0 
80201f84 80201f84        0     1                 .L0 
80201f8c 80201f8c        0     1                 .L0 
80201f8c 80201f8c        0     1                 .L0 
80201f90 80201f90        0     1                 .L0 
80201f90 80201f90        0     1                 .L0 
80201fa4 80201fa4        0     1                 .L0 
80201fa8 80201fa8        0     1                 .L0 
80201fac 80201fac        0     1                 .L0 
80201fac 80201fac        0     1                 .L0 
80201fb0 80201fb0        0     1                 .L0 
80201fb8 80201fb8        0     1                 .L0 
80201fb8 80201fb8       ac     4         /home/u/develop/riscv_os_rust/target/riscv32i-unknown-none-elf/debug/deps/riscv_os_rust-2b1703f02a1b9d0d.5xcv0p2zuhy7h9ritkl4jze5y.rcgu.o:(.text._ZN94_$LT$core..slice..iter..IterMut$LT$T$GT$$u20$as$u20$core..iter..traits..iterator..Iterator$GT$4next17h7460a22499978e2bE)
80201fb8 80201fb8       ac     1                 _$LT$core..slice..iter..IterMut$LT$T$GT$$u20$as$u20$core..iter..traits..iterator..Iterator$GT$::next::h7460a22499978e2b
80201fb8 80201fb8        0     1                 .L0 
80201fb8 80201fb8        0     1                 .L0 
80201fb8 80201fb8        0     1                 $x
80201fb8 80201fb8        0     1                 .L0 
80201fbc 80201fbc        0     1                 .L0 
80201fc8 80201fc8        0     1                 .L0 
80201fc8 80201fc8        0     1                 .L0 
80201fcc 80201fcc        0     1                 .L0 
80201fcc 80201fcc        0     1                 .L0 
80201fd0 80201fd0        0     1                 .L0 
80201fd0 80201fd0        0     1                 .L0 
80201fd8 80201fd8        0     1                 .L0 
80201fd8 80201fd8        0     1                 .L0 
80201fe4 80201fe4        0     1                 .L0 
80201fe4 80201fe4        0     1                 .L0 
80201fe8 80201fe8        0     1                 .L0 
80201ff0 80201ff0        0     1                 .L0 
80201ff4 80201ff4        0     1                 .L0 
80202000 80202000        0     1                 .L0 
80202000 80202000        0     1                 .L0 
80202004 80202004        0     1                 .L0 
80202004 80202004        0     1                 .L0 
80202008 80202008        0     1                 .L0 
80202010 80202010        0     1                 .L0 
80202014 80202014        0     1                 .L0 
80202014 80202014        0     1                 .L0 
80202020 80202020        0     1                 .L0 
80202024 80202024        0     1                 .L0 
80202024 80202024        0     1                 .L0 
80202028 80202028        0     1                 .L0 
8020202c 8020202c        0     1                 .L0 
80202030 80202030        0     1                 .L0 
80202034 80202034        0     1                 .L0 
80202038 80202038        0     1                 .L0 
80202044 80202044        0     1                 .L0 
80202048 80202048        0     1                 .L0 
80202048 80202048        0     1                 .L0 
8020204c 8020204c        0     1                 .L0 
80202050 80202050        0     1                 .L0 
80202050 80202050        0     1                 .L0 
80202058 80202058        0     1                 .L0 
8020205c 8020205c        0     1                 .L0 
80202060 80202060        0     1                 .L0 
80202064 80202064        0     1                 .L0 
80202064 80202064        0     1                 .L0 
80202064 80202064        0     1                 .L0 
80202064 80202064       3c     4         /home/u/develop/riscv_os_rust/target/riscv32i-unknown-none-elf/debug/deps/riscv_os_rust-2b1703f02a1b9d0d.6ap7wky5sv4c2892k12t6yfg6.rcgu.o:(.text._ZN4core3fmt2rt8Argument11new_display17hba90b114d27a3bfcE)
80202064 80202064        0     1                 .L0 
80202064 80202064        0     1                 .L0 
80202064 80202064        0     1                 $x
80202064 80202064        0     1                 .L0 
80202064 80202064       3c     1                 core::fmt::rt::Argument::new_display::hba90b114d27a3bfc
80202078 80202078        0     1                 .L0 
80202078 80202078        0     1                 .L0 
80202088 80202088        0     1                 .L0 
80202098 80202098        0     1                 .L0 
802020a0 802020a0        0     1                 .L0 
802020a0 802020a0       3c     4         /home/u/develop/riscv_os_rust/target/riscv32i-unknown-none-elf/debug/deps/riscv_os_rust-2b1703f02a1b9d0d.6ap7wky5sv4c2892k12t6yfg6.rcgu.o:(.text._ZN4core3fmt2rt8Argument11new_display17hd08a229f2b168574E)
802020a0 802020a0        0     1                 .L0 
802020a0 802020a0        0     1                 .L0 
802020a0 802020a0        0     1                 $x
802020a0 802020a0        0     1                 .L0 
802020a0 802020a0       3c     1                 core::fmt::rt::Argument::new_display::hd08a229f2b168574
802020b4 802020b4        0     1                 .L0 
802020b4 802020b4        0     1                 .L0 
802020c4 802020c4        0     1                 .L0 
802020d4 802020d4        0     1                 .L0 
802020dc 802020dc        0     1                 .L0 
802020dc 802020dc       3c     4         /home/u/develop/riscv_os_rust/target/riscv32i-unknown-none-elf/debug/deps/riscv_os_rust-2b1703f02a1b9d0d.6ap7wky5sv4c2892k12t6yfg6.rcgu.o:(.text._ZN4core3fmt2rt8Argument13new_lower_hex17h14ff833bd76ad76eE)
802020dc 802020dc        0     1                 .L0 
802020dc 802020dc        0     1                 .L0 
802020dc 802020dc        0     1                 $x
802020dc 802020dc        0     1                 .L0 
802020dc 802020dc       3c     1                 core::fmt::rt::Argument::new_lower_hex::h14ff833bd76ad76e
802020f0 802020f0        0     1                 .L0 
802020f0 802020f0        0     1                 .L0 
80202100 80202100        0     1                 .L0 
80202110 80202110        0     1                 .L0 
80202118 80202118        0     1                 .L0 
80202118 80202118       2c     4         /home/u/develop/riscv_os_rust/target/riscv32i-unknown-none-elf/debug/deps/riscv_os_rust-2b1703f02a1b9d0d.6knxg9v3jaxgu9l1fd2trufk0.rcgu.o:(.text._ZN185_$LT$core..ops..control_flow..ControlFlow$LT$B$C$C$GT$$u20$as$u20$core..ops..try_trait..FromResidual$LT$core..ops..control_flow..ControlFlow$LT$B$C$core..convert..Infallible$GT$$GT$$GT$13from_residual17ha35dfd3a619fd019E)
80202118 80202118        0     1                 .L0 
80202118 80202118        0     1                 .L0 
80202118 80202118        0     1                 $x
80202118 80202118        0     1                 .L0 
80202118 80202118       2c     1                 _$LT$core..ops..control_flow..ControlFlow$LT$B$C$C$GT$$u20$as$u20$core..ops..try_trait..FromResidual$LT$core..ops..control_flow..ControlFlow$LT$B$C$core..convert..Infallible$GT$$GT$$GT$::from_residual::ha35dfd3a619fd019
80202124 80202124        0     1                 .L0 
8020212c 8020212c        0     1                 .L0 
80202134 80202134        0     1                 .L0 
8020213c 8020213c        0     1                 .L0 
80202144 80202144        0     1                 .L0 
80202144 80202144       1c     4         /home/u/develop/riscv_os_rust/target/riscv32i-unknown-none-elf/debug/deps/riscv_os_rust-2b1703f02a1b9d0d.6knxg9v3jaxgu9l1fd2trufk0.rcgu.o:(.text._ZN95_$LT$core..ops..control_flow..ControlFlow$LT$B$C$C$GT$$u20$as$u20$core..ops..try_trait..Try$GT$11from_output17h9045764e46906390E)
80202144 80202144        0     1                 .L0 
80202144 80202144        0     1                 .L0 
80202144 80202144        0     1                 $x
80202144 80202144        0     1                 .L0 
80202144 80202144       1c     1                 _$LT$core..ops..control_flow..ControlFlow$LT$B$C$C$GT$$u20$as$u20$core..ops..try_trait..Try$GT$::from_output::h9045764e46906390
8020214c 8020214c        0     1                 .L0 
80202150 80202150        0     1                 .L0 
80202158 80202158        0     1                 .L0 
80202160 80202160        0     1                 .L0 
80202160 80202160       60     4         /home/u/develop/riscv_os_rust/target/riscv32i-unknown-none-elf/debug/deps/riscv_os_rust-2b1703f02a1b9d0d.6knxg9v3jaxgu9l1fd2trufk0.rcgu.o:(.text._ZN95_$LT$core..ops..control_flow..ControlFlow$LT$B$C$C$GT$$u20$as$u20$core..ops..try_trait..Try$GT$6branch17h82cbb9f65eeeb505E)
80202160 80202160        0     1                 .L0 
80202160 80202160        0     1                 .L0 
80202160 80202160        0     1                 $x
80202160 80202160        0     1                 .L0 
80202160 80202160       60     1                 _$LT$core..ops..control_flow..ControlFlow$LT$B$C$C$GT$$u20$as$u20$core..ops..try_trait..Try$GT$::branch::h82cbb9f65eeeb505
80202164 80202164        0     1                 .L0 
8020216c 8020216c        0     1                 .L0 
80202170 80202170        0     1                 .L0 
80202178 80202178        0     1                 .L0 
8020217c 8020217c        0     1                 .L0 
8020217c 8020217c        0     1                 .L0 
80202180 80202180        0     1                 .L0 
80202184 80202184        0     1                 .L0 
80202194 80202194        0     1                 .L0 
80202194 80202194        0     1                 .L0 
8020219c 8020219c        0     1                 .L0 
802021ac 802021ac        0     1                 .L0 
802021b0 802021b0        0     1                 .L0 
802021b8 802021b8        0     1                 .L0 
802021bc 802021bc        0     1                 .L0 
802021c0 802021c0        0     1                 .L0 
802021c0 802021c0        0     1                 .L0 
802021c0 802021c0        0     1                 .L0 
802021c0 802021c0       40     4         /home/u/develop/riscv_os_rust/target/riscv32i-unknown-none-elf/debug/deps/riscv_os_rust-2b1703f02a1b9d0d.6qo3aqdb0n5ob19amzbuybbgi.rcgu.o:(.text._ZN4core3num23_$LT$impl$u20$usize$GT$13unchecked_add18precondition_check17hfb0cb5a0ce11f8edE)
802021c0 802021c0        0     1                 .L0 
802021c0 802021c0        0     1                 .L0 
802021c0 802021c0        0     1                 $x
802021c0 802021c0        0     1                 .L0 
802021c0 802021c0       40     1                 core::num::_$LT$impl$u20$usize$GT$::unchecked_add::precondition_check::hfb0cb5a0ce11f8ed
802021c4 802021c4        0     1                 .L0 
802021d8 802021d8        0     1                 .L0 
802021d8 802021d8        0     1                 .L0 
802021dc 802021dc        0     1                 .L0 
802021e4 802021e4        0     1                 .L0 
802021e8 802021e8        0     1                 .L0 
802021ec 802021ec        0     1                 .L0 
80202200 80202200        0     1                 .L0 
80202200 80202200        0     1                 .L0 
80202200 80202200        0     1                 .L0 
80202200 80202200       40     4         /home/u/develop/riscv_os_rust/target/riscv32i-unknown-none-elf/debug/deps/riscv_os_rust-2b1703f02a1b9d0d.7quug5b7ikui1aud23bkz9ho6.rcgu.o:(.text._ZN13riscv_os_rust3sbi8sbi_call17h58a745af41431e39E)
80202200 80202200       40     1                 riscv_os_rust::sbi::sbi_call::h58a745af41431e39
80202200 80202200        0     1                 .L0 
80202200 80202200        0     1                 .L0 
80202200 80202200        0     1                 $x
80202200 80202200        0     1                 .L0 
80202224 80202224        0     1                 .L0 
80202224 80202224        0     1                 .L0 
80202230 80202230        0     1                 .L0 
80202234 80202234        0     1                 .L0 
80202238 80202238        0     1                 .L0 
80202240 80202240        0     1                 .L0 
80202240 80202240       3c     4         /home/u/develop/riscv_os_rust/target/riscv32i-unknown-none-elf/debug/deps/riscv_os_rust-2b1703f02a1b9d0d.7quug5b7ikui1aud23bkz9ho6.rcgu.o:(.text.putchar)
80202240 80202240        0     1                 .L0 
80202240 80202240        0     1                 .L0 
80202240 80202240        0     1                 $x
80202240 80202240        0     1                 .L0 
80202240 80202240       3c     1                 putchar
80202254 80202254        0     1                 .L0 
80202270 80202270        0     1                 .L0 
8020227c 8020227c        0     1                 .L0 
8020227c 8020227c       44     4         /home/u/develop/riscv_os_rust/target/riscv32i-unknown-none-elf/debug/deps/riscv_os_rust-2b1703f02a1b9d0d.7quug5b7ikui1aud23bkz9ho6.rcgu.o:(.text.getchar)
8020227c 8020227c        0     1                 .L0 
8020227c 8020227c        0     1                 .L0 
8020227c 8020227c        0     1                 $x
8020227c 8020227c        0     1                 .L0 
8020227c 8020227c       44     1                 getchar
8020228c 8020228c        0     1                 .L0 
802022b4 802022b4        0     1                 .L0 
802022c0 802022c0        0     1                 .L0 
802022c0 802022c0       28     4         /home/u/develop/riscv_os_rust/target/riscv32i-unknown-none-elf/debug/deps/riscv_os_rust-2b1703f02a1b9d0d.983csy263qpk12s0rdvd5s99w.rcgu.o:(.text._ZN110_$LT$core..iter..adapters..enumerate..Enumerate$LT$I$GT$$u20$as$u20$core..iter..traits..iterator..Iterator$GT$8try_fold17hbde907d861a8ba38E)
802022c0 802022c0       28     1                 _$LT$core..iter..adapters..enumerate..Enumerate$LT$I$GT$$u20$as$u20$core..iter..traits..iterator..Iterator$GT$::try_fold::hbde907d861a8ba38
802022c0 802022c0        0     1                 .L0 
802022c0 802022c0        0     1                 .L0 
802022c0 802022c0        0     1                 $x
802022c0 802022c0        0     1                 .L0 
802022cc 802022cc        0     1                 .L0 
802022d4 802022d4        0     1                 .L0 
802022dc 802022dc        0     1                 .L0 
802022e8 802022e8        0     1                 .L0 
802022e8 802022e8       9c     4         /home/u/develop/riscv_os_rust/target/riscv32i-unknown-none-elf/debug/deps/riscv_os_rust-2b1703f02a1b9d0d.983csy263qpk12s0rdvd5s99w.rcgu.o:(.text._ZN110_$LT$core..iter..adapters..enumerate..Enumerate$LT$I$GT$$u20$as$u20$core..iter..traits..iterator..Iterator$GT$8try_fold9enumerate28_$u7b$$u7b$closure$u7d$$u7d$17h274282378e794eb7E)
802022e8 802022e8        0     1                 .L0 
802022e8 802022e8        0     1                 .L0 
802022e8 802022e8        0     1                 $x
802022e8 802022e8        0     1                 .L0 
802022e8 802022e8       9c     1                 _$LT$core..iter..adapters..enumerate..Enumerate$LT$I$GT$$u20$as$u20$core..iter..traits..iterator..Iterator$GT$::try_fold::enumerate::_$u7b$$u7b$closure$u7d$$u7d$::h274282378e794eb7
802022f0 802022f0        0     1                 .L0 
80202304 80202304        0     1                 .L0 
80202308 80202308        0     1                 .L0 
80202310 80202310        0     1                 .L0 
80202338 80202338        0     1                 .L0 
80202338 80202338        0     1                 .L0 
80202350 80202350        0     1                 .L0 
80202360 80202360        0     1                 .L0 
80202368 80202368        0     1                 .L0 
80202368 80202368        0     1                 .L0 
8020236c 8020236c        0     1                 .L0 
80202374 80202374        0     1                 .L0 
80202374 80202374        0     1                 .L0 
80202384 80202384        0     1                 .L0 
80202384 80202384        0     1                 .L0 
80202384 80202384        0     1                 .L0 
80202384 80202384        0     1                 .L0 
80202384 80202384       74     4         /home/u/develop/riscv_os_rust/target/riscv32i-unknown-none-elf/debug/deps/riscv_os_rust-2b1703f02a1b9d0d.983csy263qpk12s0rdvd5s99w.rcgu.o:(.text._ZN4core4iter6traits8iterator8Iterator4find17he1dd2347bb4a0560E)
80202384 80202384        0     1                 .L0 
80202384 80202384        0     1                 .L0 
80202384 80202384        0     1                 $x
80202384 80202384        0     1                 .L0 
80202384 80202384       74     1                 core::iter::traits::iterator::Iterator::find::he1dd2347bb4a0560
8020238c 8020238c        0     1                 .L0 
80202390 80202390        0     1                 .L0 
802023a0 802023a0        0     1                 .L0 
802023a0 802023a0        0     1                 .L0 
802023a4 802023a4        0     1                 .L0 
802023ac 802023ac        0     1                 .L0 
802023b0 802023b0        0     1                 .L0 
802023b8 802023b8        0     1                 .L0 
802023c8 802023c8        0     1                 .L0 
802023c8 802023c8        0     1                 .L0 
802023d0 802023d0        0     1                 .L0 
802023d4 802023d4        0     1                 .L0 
802023e0 802023e0        0     1                 .L0 
802023e0 802023e0        0     1                 .L0 
802023e8 802023e8        0     1                 .L0 
802023ec 802023ec        0     1                 .L0 
802023f4 802023f4        0     1                 .L0 
802023f4 802023f4        0     1                 .L0 
802023f8 802023f8        0     1                 .L0 
802023f8 802023f8        0     1                 .L0 
802023f8 802023f8        0     1                 .L0 
802023f8 802023f8        0     1                 .L0 
802023f8 802023f8       28     4         /home/u/develop/riscv_os_rust/target/riscv32i-unknown-none-elf/debug/deps/riscv_os_rust-2b1703f02a1b9d0d.b2tvf42p8jm8l3n531w7eis3x.rcgu.o:(.text._ZN44_$LT$$RF$T$u20$as$u20$core..fmt..Display$GT$3fmt17he01e22edd655b072E)
802023f8 802023f8        0     1                 .L0 
802023f8 802023f8        0     1                 .L0 
802023f8 802023f8        0     1                 $x
802023f8 802023f8        0     1                 .L0 
802023f8 802023f8       28     1                 _$LT$$RF$T$u20$as$u20$core..fmt..Display$GT$::fmt::he01e22edd655b072
80202408 80202408        0     1                 .L0 
8020240c 8020240c        0     1                 .L0 
80202414 80202414        0     1                 .L0 
80202420 80202420        0     1                 .L0 
80202420 80202420       20     4         /home/u/develop/riscv_os_rust/target/riscv32i-unknown-none-elf/debug/deps/riscv_os_rust-2b1703f02a1b9d0d.b7qqy7ktkadf9mta1wixpzlbi.rcgu.o:(.text._ZN4core3ptr99drop_in_place$LT$riscv_os_rust..mutex..MutexGuard$LT$riscv_os_rust..process..ProcessManager$GT$$GT$17hda1f8b9f3f56a3d0E)
80202420 80202420        0     1                 .L0 
80202420 80202420        0     1                 .L0 
80202420 80202420        0     1                 $x
80202420 80202420        0     1                 .L0 
80202420 80202420       20     1                 core::ptr::drop_in_place$LT$riscv_os_rust..mutex..MutexGuard$LT$riscv_os_rust..process..ProcessManager$GT$$GT$::hda1f8b9f3f56a3d0
8020242c 8020242c        0     1                 .L0 
80202434 80202434        0     1                 .L0 
80202440 80202440        0     1                 .L0 
80202440 80202440       3c     4         /home/u/develop/riscv_os_rust/target/riscv32i-unknown-none-elf/debug/deps/riscv_os_rust-2b1703f02a1b9d0d.b7qqy7ktkadf9mta1wixpzlbi.rcgu.o:(.text._ZN83_$LT$riscv_os_rust..mutex..MutexGuard$LT$T$GT$$u20$as$u20$core..ops..drop..Drop$GT$4drop17h950c0bf10cd3e16aE)
80202440 80202440       3c     1                 _$LT$riscv_os_rust..mutex..MutexGuard$LT$T$GT$$u20$as$u20$core..ops..drop..Drop$GT$::drop::h950c0bf10cd3e16a
80202440 80202440        0     1                 .L0 
80202440 80202440        0     1                 .L0 
80202440 80202440        0     1                 $x
80202440 80202440        0     1                 .L0 
80202444 80202444        0     1                 .L0 
80202448 80202448        0     1                 .L0 
80202464 80202464        0     1                 .L0 
80202468 80202468        0     1                 .L0 
8020246c 8020246c        0     1                 .L0 
8020247c 8020247c        0     1                 .L0 
8020247c 8020247c        0     1                 .L0 
8020247c 8020247c        0     1                 .L0 
8020247c 8020247c      174     4         /home/u/develop/riscv_os_rust/target/riscv32i-unknown-none-elf/debug/deps/riscv_os_rust-2b1703f02a1b9d0d.b8tpuhouqvmqex52a0pwa2zio.rcgu.o:(.text.kernel_main)
8020247c 8020247c        0     1                 .L0 
8020247c 8020247c        0     1                 .L0 
8020247c 8020247c        0     1                 $x
8020247c 8020247c        0     1                 .L0 
8020247c 8020247c      174     1                 kernel_main
80202484 80202484        0     1                 .L0 
80202490 80202490        0     1                 .L0 
80202490 80202490        0     1                 .L0 
8020249c 8020249c        0     1                 .L0 
8020249c 8020249c        0     1                 .L0 
802024a4 802024a4        0     1                 .L0 
802024d4 802024d4        0     1                 .L0 
802024d4 802024d4        0     1                 .L0 
802024dc 802024dc        0     1                 .L0 
802024f8 802024f8        0     1                 .L0 
80202504 80202504        0     1                 .L0 
80202504 80202504        0     1                 .L0 
8020250c 8020250c        0     1                 .L0 
80202510 80202510        0     1                 .L0 
80202514 80202514        0     1                 .L0 
80202520 80202520        0     1                 .L0 
80202530 80202530        0     1                 .L0 
80202530 80202530        0     1                 .L0 
80202540 80202540        0     1                 .L0 
80202540 80202540        0     1                 .L0 
8020255c 8020255c        0     1                 .L0 
8020255c 8020255c        0     1                 .L0 
80202570 80202570        0     1                 .L0 
8020258c 8020258c        0     1                 .L0 
8020259c 8020259c        0     1                 .L0 
802025d0 802025d0        0     1                 .L0 
802025dc 802025dc        0     1                 .L0 
802025ec 802025ec        0     1                 .L0 
802025ec 802025ec        0     1                 .L0 
802025f0 802025f0        0     1                 .L0 
802025f0 802025f0        0     1                 .L0 
802025f0 802025f0        0     1                 .L0 
802025f0 802025f0       60     4         /home/u/develop/riscv_os_rust/target/riscv32i-unknown-none-elf/debug/deps/riscv_os_rust-2b1703f02a1b9d0d.b8tpuhouqvmqex52a0pwa2zio.rcgu.o:(.text.rust_begin_unwind)
802025f0 802025f0        0     1                 .L0 
802025f0 802025f0        0     1                 .L0 
802025f0 802025f0        0     1                 $x
802025f0 802025f0        0     1                 .L0 
802025f0 802025f0       60     1                 rust_begin_unwind
80202604 80202604        0     1                 .L0 
80202648 80202648        0     1                 .L0 
80202650 80202650        0     1                 .L0 
80202650 80202650       38     4         /home/u/develop/riscv_os_rust/target/riscv32i-unknown-none-elf/debug/deps/riscv_os_rust-2b1703f02a1b9d0d.bws6rkv79u9krzl2b6da71qgr.rcgu.o:(.text._ZN4core3ptr7mut_ptr31_$LT$impl$u20$$BP$mut$u20$T$GT$6as_mut17h01b18f114d569671E)
80202650 80202650        0     1                 .L0 
80202650 80202650        0     1                 .L0 
80202650 80202650        0     1                 $x
80202650 80202650        0     1                 .L0 
80202650 80202650       38     1                 core::ptr::mut_ptr::_$LT$impl$u20$$BP$mut$u20$T$GT$::as_mut::h01b18f114d569671
80202654 80202654        0     1                 .L0 
8020265c 8020265c        0     1                 .L0 
80202664 80202664        0     1                 .L0 
80202668 80202668        0     1                 .L0 
8020266c 8020266c        0     1                 .L0 
80202670 80202670        0     1                 .L0 
80202674 80202674        0     1                 .L0 
80202678 80202678        0     1                 .L0 
8020267c 8020267c        0     1                 .L0 
80202680 80202680        0     1                 .L0 
80202684 80202684        0     1                 .L0 
80202688 80202688        0     1                 .L0 
80202688 80202688        0     1                 .L0 
80202688 80202688        0     1                 .L0 
80202688 80202688        4     4         /home/u/develop/riscv_os_rust/target/riscv32i-unknown-none-elf/debug/deps/riscv_os_rust-2b1703f02a1b9d0d.cdutiohhv99kcg8tbfob8xv91.rcgu.o:(.text._ZN4core3fmt2rt8Argument4none17hb962974b3ffdcb86E)
80202688 80202688        0     1                 .L0 
80202688 80202688        0     1                 .L0 
80202688 80202688        0     1                 $x
80202688 80202688        0     1                 .L0 
80202688 80202688        4     1                 core::fmt::rt::Argument::none::hb962974b3ffdcb86
8020268c 8020268c        0     1                 .L0 
8020268c 8020268c      11c     4         /home/u/develop/riscv_os_rust/target/riscv32i-unknown-none-elf/debug/deps/riscv_os_rust-2b1703f02a1b9d0d.cn1eb8r58nqkzj4m2grzrl0k6.rcgu.o:(.text.trap_handler_entry)
8020268c 8020268c        0     1                 $x
8020268c 8020268c      11c     1                 trap_handler_entry
802027a8 802027a8      124     4         /home/u/develop/riscv_os_rust/target/riscv32i-unknown-none-elf/debug/deps/riscv_os_rust-2b1703f02a1b9d0d.cn1eb8r58nqkzj4m2grzrl0k6.rcgu.o:(.text.handle_trap)
802027a8 802027a8        0     1                 .L0 
802027a8 802027a8        0     1                 .L0 
802027a8 802027a8        0     1                 $x
802027a8 802027a8        0     1                 .L0 
802027a8 802027a8      124     1                 handle_trap
802027b0 802027b0        0     1                 .L0 
802027b8 802027b8        0     1                 .L0 
802027b8 802027b8        0     1                 .L0 
802027c8 802027c8        0     1                 .L0 
802027c8 802027c8        0     1                 .L0 
802027d8 802027d8        0     1                 .L0 
802027d8 802027d8        0     1                 .L0 
802027e8 802027e8        0     1                 .L0 
802027e8 802027e8        0     1                 .L0 
802027f8 802027f8        0     1                 .L0 
80202800 80202800        0     1                 .L0 
80202888 80202888        0     1                 .L0 
[...]
    2f66     2f66        0     1                 $d
    3054     3054       a1     1         /home/u/develop/riscv_os_rust/target/riscv32i-unknown-none-elf/debug/deps/riscv_os_rust-2b1703f02a1b9d0d.cdutiohhv99kcg8tbfob8xv91.rcgu.o:(.debug_line)
    3054     3054        0     1                 .Lline_table_start0
    3054     3054        0     1                 $d
    30f5     30f5      1ea     1         /home/u/develop/riscv_os_rust/target/riscv32i-unknown-none-elf/debug/deps/riscv_os_rust-2b1703f02a1b9d0d.cn1eb8r58nqkzj4m2grzrl0k6.rcgu.o:(.debug_line)
    30f5     30f5        0     1                 .Lline_table_start0
    30f5     30f5        0     1                 $d
    32df     32df       2e     1         /home/u/develop/riscv_os_rust/target/riscv32i-unknown-none-elf/debug/deps/riscv_os_rust-2b1703f02a1b9d0d.cueyp4y2mw0025ve0gryudgdm.rcgu.o:(.debug_line)
    32df     32df        0     1                 .Lline_table_start0
    32df     32df        0     1                 $d
    330d     330d       f9     1         /home/u/develop/riscv_os_rust/target/riscv32i-unknown-none-elf/debug/deps/riscv_os_rust-2b1703f02a1b9d0d.dk3m3ch7h289na7ze2egyz882.rcgu.o:(.debug_line)
    330d     330d        0     1                 .Lline_table_start0
    330d     330d        0     1                 $d
    3406     3406       f3     1         /home/u/develop/riscv_os_rust/target/riscv32i-unknown-none-elf/debug/deps/riscv_os_rust-2b1703f02a1b9d0d.dlxdiwd393g3khbnitauksb30.rcgu.o:(.debug_line)
    3406     3406        0     1                 .Lline_table_start0
    3406     3406        0     1                 $d
    34f9     34f9      13d     1         /home/u/develop/riscv_os_rust/target/riscv32i-unknown-none-elf/debug/deps/riscv_os_rust-2b1703f02a1b9d0d.drjvzcmgev5mmkz806aszu27y.rcgu.o:(.debug_line)
    34f9     34f9        0     1                 .Lline_table_start0
    34f9     34f9        0     1                 $d
    3636     3636      24f     1         /home/u/develop/riscv_os_rust/target/riscv32i-unknown-none-elf/debug/deps/riscv_os_rust-2b1703f02a1b9d0d.dwgogk4yoxlqsifi0e609w5nk.rcgu.o:(.debug_line)
    3636     3636        0     1                 .Lline_table_start0
    3636     3636        0     1                 $d
    3885     3885      1cf     1         /home/u/develop/riscv_os_rust/target/riscv32i-unknown-none-elf/debug/deps/riscv_os_rust-2b1703f02a1b9d0d.emfb5i2ifrdu9iyrq63gv77yi.rcgu.o:(.debug_line)
    3885     3885        0     1                 .Lline_table_start0
    3885     3885        0     1                 $d
    3a54     3a54      1f1     1         /home/u/develop/riscv_os_rust/target/riscv32i-unknown-none-elf/debug/deps/libcommon-a7b6431491be7327.rlib(common-a7b6431491be7327.1ctyyytgnp4hzo1hxfingdxga.rcgu.o):(.debug_line)
    3a54     3a54        0     1                 .Lline_table_start0
    3a54     3a54        0     1                 $d
    3c45     3c45       b2     1         /home/u/develop/riscv_os_rust/target/riscv32i-unknown-none-elf/debug/deps/libcommon-a7b6431491be7327.rlib(common-a7b6431491be7327.33y656i6n5a9tu5i4nzquol2a.rcgu.o):(.debug_line)
    3c45     3c45        0     1                 .Lline_table_start0
    3c45     3c45        0     1                 $d
    3cf7     3cf7      3b9     1         /home/u/develop/riscv_os_rust/target/riscv32i-unknown-none-elf/debug/deps/libcommon-a7b6431491be7327.rlib(common-a7b6431491be7327.9wxhof4v7wui67ednlpcrq0po.rcgu.o):(.debug_line)
    3cf7     3cf7        0     1                 .Lline_table_start0
    3cf7     3cf7        0     1                 $d
    40b0     40b0      2b1     1         /home/u/develop/riscv_os_rust/target/riscv32i-unknown-none-elf/debug/deps/libcommon-a7b6431491be7327.rlib(common-a7b6431491be7327.ejnzu6ozhhnss8fbjzxo9awk1.rcgu.o):(.debug_line)
    40b0     40b0        0     1                 .Lline_table_start0
    40b0     40b0        0     1                 $d
    4361     4361      472     1         /home/u/develop/riscv_os_rust/target/riscv32i-unknown-none-elf/debug/deps/libcommon-a7b6431491be7327.rlib(common-a7b6431491be7327.blgfiejse4nnjs1xjnociuk5a.rcgu.o):(.debug_line)
    4361     4361        0     1                 .Lline_table_start0
    4361     4361        0     1                 $d
    47d3     47d3      43c     1         /home/u/develop/riscv_os_rust/target/riscv32i-unknown-none-elf/debug/deps/libcommon-a7b6431491be7327.rlib(common-a7b6431491be7327.d7kpdc1nf9d592n7l3aupbsu7.rcgu.o):(.debug_line)
    47d3     47d3        0     1                 .Lline_table_start0
    47d3     47d3        0     1                 $d
    4c0f     4c0f    230b9     1         /home/u/.rustup/toolchains/nightly-x86_64-unknown-linux-gnu/lib/rustlib/riscv32i-unknown-none-elf/lib/libcore-79273813dd84e0c2.rlib(core-79273813dd84e0c2.core.a104237158e28b59-cgu.0.rcgu.o):(.debug_line)
    4c0f     4c0f        0     1                 .Lline_table_start0
    4c0f     4c0f        0     1                 $d
   27cc8    27cc8       e2     1         /home/u/.rustup/toolchains/nightly-x86_64-unknown-linux-gnu/lib/rustlib/riscv32i-unknown-none-elf/lib/libcompiler_builtins-9a865600320e43f2.rlib(compiler_builtins-9a865600320e43f2.compiler_builtins.6412b3e9820bbce5-cgu.087.rcgu.o):(.debug_line)
   27cc8    27cc8        0     1                 .Lline_table_start0
   27cc8    27cc8        0     1                 $d
   27daa    27daa       93     1         /home/u/.rustup/toolchains/nightly-x86_64-unknown-linux-gnu/lib/rustlib/riscv32i-unknown-none-elf/lib/libcompiler_builtins-9a865600320e43f2.rlib(compiler_builtins-9a865600320e43f2.compiler_builtins.6412b3e9820bbce5-cgu.088.rcgu.o):(.debug_line)
   27daa    27daa        0     1                 .Lline_table_start0
   27daa    27daa        0     1                 $d
   27e3d    27e3d      28b     1         /home/u/.rustup/toolchains/nightly-x86_64-unknown-linux-gnu/lib/rustlib/riscv32i-unknown-none-elf/lib/libcompiler_builtins-9a865600320e43f2.rlib(compiler_builtins-9a865600320e43f2.compiler_builtins.6412b3e9820bbce5-cgu.128.rcgu.o):(.debug_line)
   27e3d    27e3d        0     1                 .Lline_table_start0
   27e3d    27e3d        0     1                 $d
   27feb    27feb        0     1                 .Lline_table_start1
   280c8    280c8       9a     1         /home/u/.rustup/toolchains/nightly-x86_64-unknown-linux-gnu/lib/rustlib/riscv32i-unknown-none-elf/lib/libcompiler_builtins-9a865600320e43f2.rlib(compiler_builtins-9a865600320e43f2.compiler_builtins.6412b3e9820bbce5-cgu.139.rcgu.o):(.debug_line)
   280c8    280c8        0     1                 .Lline_table_start0
   280c8    280c8        0     1                 $d
   28133    28133        0     1                 .Lline_table_start1
   28162    28162      f2a     1         /home/u/.rustup/toolchains/nightly-x86_64-unknown-linux-gnu/lib/rustlib/riscv32i-unknown-none-elf/lib/libcompiler_builtins-9a865600320e43f2.rlib(compiler_builtins-9a865600320e43f2.compiler_builtins.6412b3e9820bbce5-cgu.006.rcgu.o):(.debug_line)
   28162    28162        0     1                 .Lline_table_start0
   28162    28162        0     1                 $d
   2908c    2908c       4a     1         /home/u/.rustup/toolchains/nightly-x86_64-unknown-linux-gnu/lib/rustlib/riscv32i-unknown-none-elf/lib/libcompiler_builtins-9a865600320e43f2.rlib(compiler_builtins-9a865600320e43f2.compiler_builtins.6412b3e9820bbce5-cgu.141.rcgu.o):(.debug_line)
   2908c    2908c        0     1                 .Lline_table_start0
   2908c    2908c        0     1                 $d
   290d6    290d6     18d5     1         /home/u/.rustup/toolchains/nightly-x86_64-unknown-linux-gnu/lib/rustlib/riscv32i-unknown-none-elf/lib/libcompiler_builtins-9a865600320e43f2.rlib(compiler_builtins-9a865600320e43f2.compiler_builtins.6412b3e9820bbce5-cgu.000.rcgu.o):(.debug_line)
   290d6    290d6        0     1                 .Lline_table_start0
   290d6    290d6        0     1                 $d
   2a8de    2a8de        0     1                 .Lline_table_start1
   2a90e    2a90e        0     1                 .Lline_table_start2
   2a9ab    2a9ab      83d     1         /home/u/.rustup/toolchains/nightly-x86_64-unknown-linux-gnu/lib/rustlib/riscv32i-unknown-none-elf/lib/libcompiler_builtins-9a865600320e43f2.rlib(compiler_builtins-9a865600320e43f2.compiler_builtins.6412b3e9820bbce5-cgu.017.rcgu.o):(.debug_line)
   2a9ab    2a9ab        0     1                 .Lline_table_start0
   2a9ab    2a9ab        0     1                 $d
   2b1e8    2b1e8       4a     1         /home/u/.rustup/toolchains/nightly-x86_64-unknown-linux-gnu/lib/rustlib/riscv32i-unknown-none-elf/lib/libcompiler_builtins-9a865600320e43f2.rlib(compiler_builtins-9a865600320e43f2.compiler_builtins.6412b3e9820bbce5-cgu.158.rcgu.o):(.debug_line)
   2b1e8    2b1e8        0     1                 .Lline_table_start0
   2b1e8    2b1e8        0     1                 $d
   2b232    2b232      c8e     1         /home/u/.rustup/toolchains/nightly-x86_64-unknown-linux-gnu/lib/rustlib/riscv32i-unknown-none-elf/lib/libcompiler_builtins-9a865600320e43f2.rlib(compiler_builtins-9a865600320e43f2.compiler_builtins.6412b3e9820bbce5-cgu.008.rcgu.o):(.debug_line)
   2b232    2b232        0     1                 .Lline_table_start0
   2b232    2b232        0     1                 $d
   2bec0    2bec0      49c     1         /home/u/.rustup/toolchains/nightly-x86_64-unknown-linux-gnu/lib/rustlib/riscv32i-unknown-none-elf/lib/libcompiler_builtins-9a865600320e43f2.rlib(compiler_builtins-9a865600320e43f2.compiler_builtins.6412b3e9820bbce5-cgu.164.rcgu.o):(.debug_line)
   2bec0    2bec0        0     1                 .Lline_table_start0
   2bec0    2bec0        0     1                 $d
   2c209    2c209        0     1                 .Lline_table_start1
   2c35c    2c35c      31b     1         /home/u/.rustup/toolchains/nightly-x86_64-unknown-linux-gnu/lib/rustlib/riscv32i-unknown-none-elf/lib/libcompiler_builtins-9a865600320e43f2.rlib(compiler_builtins-9a865600320e43f2.compiler_builtins.6412b3e9820bbce5-cgu.214.rcgu.o):(.debug_line)
   2c35c    2c35c        0     1                 .Lline_table_start0
   2c35c    2c35c        0     1                 $d
   2c59a    2c59a        0     1                 .Lline_table_start1
   2c677    2c677       4a     1         /home/u/.rustup/toolchains/nightly-x86_64-unknown-linux-gnu/lib/rustlib/riscv32i-unknown-none-elf/lib/libcompiler_builtins-9a865600320e43f2.rlib(compiler_builtins-9a865600320e43f2.compiler_builtins.6412b3e9820bbce5-cgu.217.rcgu.o):(.debug_line)
   2c677    2c677        0     1                 .Lline_table_start0
   2c677    2c677        0     1                 $d
   2c6c1    2c6c1       4a     1         /home/u/.rustup/toolchains/nightly-x86_64-unknown-linux-gnu/lib/rustlib/riscv32i-unknown-none-elf/lib/libcompiler_builtins-9a865600320e43f2.rlib(compiler_builtins-9a865600320e43f2.compiler_builtins.6412b3e9820bbce5-cgu.221.rcgu.o):(.debug_line)
   2c6c1    2c6c1        0     1                 .Lline_table_start0
   2c6c1    2c6c1        0     1                 $d
   2c70b    2c70b     11b3     1         /home/u/.rustup/toolchains/nightly-x86_64-unknown-linux-gnu/lib/rustlib/riscv32i-unknown-none-elf/lib/libcompiler_builtins-9a865600320e43f2.rlib(compiler_builtins-9a865600320e43f2.compiler_builtins.6412b3e9820bbce5-cgu.004.rcgu.o):(.debug_line)
   2c70b    2c70b        0     1                 .Lline_table_start0
   2c70b    2c70b        0     1                 $d
   2d78d    2d78d        0     1                 .Lline_table_start1
   2d821    2d821        0     1                 .Lline_table_start2
   2d8be    2d8be      267     1         /home/u/.rustup/toolchains/nightly-x86_64-unknown-linux-gnu/lib/rustlib/riscv32i-unknown-none-elf/lib/libcompiler_builtins-9a865600320e43f2.rlib(compiler_builtins-9a865600320e43f2.compiler_builtins.6412b3e9820bbce5-cgu.223.rcgu.o):(.debug_line)
   2d8be    2d8be        0     1                 .Lline_table_start0
   2d8be    2d8be        0     1                 $d
   2da48    2da48        0     1                 .Lline_table_start1
   2db25    2db25      326     1         /home/u/.rustup/toolchains/nightly-x86_64-unknown-linux-gnu/lib/rustlib/riscv32i-unknown-none-elf/lib/libcompiler_builtins-9a865600320e43f2.rlib(compiler_builtins-9a865600320e43f2.compiler_builtins.6412b3e9820bbce5-cgu.225.rcgu.o):(.debug_line)
   2db25    2db25        0     1                 .Lline_table_start0
   2db25    2db25        0     1                 $d
   2dd37    2dd37        0     1                 .Lline_table_start1
   2de1c    2de1c        0     1                 .Lline_table_start2
   2de4b    2de4b       a1     1         /home/u/.rustup/toolchains/nightly-x86_64-unknown-linux-gnu/lib/rustlib/riscv32i-unknown-none-elf/lib/libcompiler_builtins-9a865600320e43f2.rlib(compiler_builtins-9a865600320e43f2.compiler_builtins.6412b3e9820bbce5-cgu.269.rcgu.o):(.debug_line)
   2de4b    2de4b        0     1                 .Lline_table_start0
   2de4b    2de4b        0     1                 $d
   2debd    2debd        0     1                 .Lline_table_start1
   2deec    2deec       9a     1         /home/u/.rustup/toolchains/nightly-x86_64-unknown-linux-gnu/lib/rustlib/riscv32i-unknown-none-elf/lib/libcompiler_builtins-9a865600320e43f2.rlib(compiler_builtins-9a865600320e43f2.compiler_builtins.6412b3e9820bbce5-cgu.279.rcgu.o):(.debug_line)
   2deec    2deec        0     1                 .Lline_table_start0
   2deec    2deec        0     1                 $d
   2df57    2df57        0     1                 .Lline_table_start1
   2df86    2df86      31b     1         /home/u/.rustup/toolchains/nightly-x86_64-unknown-linux-gnu/lib/rustlib/riscv32i-unknown-none-elf/lib/libcompiler_builtins-9a865600320e43f2.rlib(compiler_builtins-9a865600320e43f2.compiler_builtins.6412b3e9820bbce5-cgu.290.rcgu.o):(.debug_line)
   2df86    2df86        0     1                 .Lline_table_start0
   2df86    2df86        0     1                 $d
   2e1c4    2e1c4        0     1                 .Lline_table_start1
   2e2a1    2e2a1      3b4     1         /home/u/.rustup/toolchains/nightly-x86_64-unknown-linux-gnu/lib/rustlib/riscv32i-unknown-none-elf/lib/libcompiler_builtins-9a865600320e43f2.rlib(compiler_builtins-9a865600320e43f2.compiler_builtins.6412b3e9820bbce5-cgu.295.rcgu.o):(.debug_line)
   2e2a1    2e2a1        0     1                 .Lline_table_start0
   2e2a1    2e2a1        0     1                 $d
   2e512    2e512        0     1                 .Lline_table_start1
   2e655    2e655      30b     1         /home/u/.rustup/toolchains/nightly-x86_64-unknown-linux-gnu/lib/rustlib/riscv32i-unknown-none-elf/lib/libcompiler_builtins-9a865600320e43f2.rlib(compiler_builtins-9a865600320e43f2.compiler_builtins.6412b3e9820bbce5-cgu.301.rcgu.o):(.debug_line)
   2e655    2e655        0     1                 .Lline_table_start0
   2e655    2e655        0     1                 $d
   2e84c    2e84c        0     1                 .Lline_table_start1
   2e931    2e931        0     1                 .Lline_table_start2
   2e960    2e960       9a     1         /home/u/.rustup/toolchains/nightly-x86_64-unknown-linux-gnu/lib/rustlib/riscv32i-unknown-none-elf/lib/libcompiler_builtins-9a865600320e43f2.rlib(compiler_builtins-9a865600320e43f2.compiler_builtins.6412b3e9820bbce5-cgu.302.rcgu.o):(.debug_line)
   2e960    2e960        0     1                 .Lline_table_start0
   2e960    2e960        0     1                 $d
   2e9cb    2e9cb        0     1                 .Lline_table_start1
   2e9fa    2e9fa      2fe     1         /home/u/.rustup/toolchains/nightly-x86_64-unknown-linux-gnu/lib/rustlib/riscv32i-unknown-none-elf/lib/libcompiler_builtins-9a865600320e43f2.rlib(compiler_builtins-9a865600320e43f2.compiler_builtins.6412b3e9820bbce5-cgu.306.rcgu.o):(.debug_line)
   2e9fa    2e9fa        0     1                 .Lline_table_start0
   2e9fa    2e9fa        0     1                 $d
   2ec1b    2ec1b        0     1                 .Lline_table_start1
   2ecf8    2ecf8       fc     1         /home/u/.rustup/toolchains/nightly-x86_64-unknown-linux-gnu/lib/rustlib/riscv32i-unknown-none-elf/lib/libcompiler_builtins-9a865600320e43f2.rlib(compiler_builtins-9a865600320e43f2.compiler_builtins.6412b3e9820bbce5-cgu.308.rcgu.o):(.debug_line)
   2ecf8    2ecf8        0     1                 .Lline_table_start0
   2ecf8    2ecf8        0     1                 $d
   2edb1    2edb1        0     1                 .Lline_table_start1
   2edf4    2edf4       4a     1         /home/u/.rustup/toolchains/nightly-x86_64-unknown-linux-gnu/lib/rustlib/riscv32i-unknown-none-elf/lib/libcompiler_builtins-9a865600320e43f2.rlib(compiler_builtins-9a865600320e43f2.compiler_builtins.6412b3e9820bbce5-cgu.311.rcgu.o):(.debug_line)
   2edf4    2edf4        0     1                 .Lline_table_start0
   2edf4    2edf4        0     1                 $d
   2ee3e    2ee3e      28b     1         /home/u/.rustup/toolchains/nightly-x86_64-unknown-linux-gnu/lib/rustlib/riscv32i-unknown-none-elf/lib/libcompiler_builtins-9a865600320e43f2.rlib(compiler_builtins-9a865600320e43f2.compiler_builtins.6412b3e9820bbce5-cgu.314.rcgu.o):(.debug_line)
   2ee3e    2ee3e        0     1                 .Lline_table_start0
   2ee3e    2ee3e        0     1                 $d
   2efec    2efec        0     1                 .Lline_table_start1
   2f0c9    2f0c9       8f     1         /home/u/.rustup/toolchains/nightly-x86_64-unknown-linux-gnu/lib/rustlib/riscv32i-unknown-none-elf/lib/libcompiler_builtins-9a865600320e43f2.rlib(compiler_builtins-9a865600320e43f2.compiler_builtins.6412b3e9820bbce5-cgu.326.rcgu.o):(.debug_line)
   2f0c9    2f0c9        0     1                 .Lline_table_start0
   2f0c9    2f0c9        0     1                 $d
   2f129    2f129        0     1                 .Lline_table_start1
   2f158    2f158       fc     1         /home/u/.rustup/toolchains/nightly-x86_64-unknown-linux-gnu/lib/rustlib/riscv32i-unknown-none-elf/lib/libcompiler_builtins-9a865600320e43f2.rlib(compiler_builtins-9a865600320e43f2.compiler_builtins.6412b3e9820bbce5-cgu.334.rcgu.o):(.debug_line)
   2f158    2f158        0     1                 .Lline_table_start0
   2f158    2f158        0     1                 $d
   2f1f6    2f1f6        0     1                 .Lline_table_start1
   2f225    2f225        0     1                 .Lline_table_start2
   2f254    2f254       a1     1         /home/u/.rustup/toolchains/nightly-x86_64-unknown-linux-gnu/lib/rustlib/riscv32i-unknown-none-elf/lib/libcompiler_builtins-9a865600320e43f2.rlib(compiler_builtins-9a865600320e43f2.compiler_builtins.6412b3e9820bbce5-cgu.341.rcgu.o):(.debug_line)
   2f254    2f254        0     1                 .Lline_table_start0
   2f254    2f254        0     1                 $d
   2f2c6    2f2c6        0     1                 .Lline_table_start1
       0        0       61     1 .debug_loc
       0        0       1c     1         /home/u/develop/riscv_os_rust/target/riscv32i-unknown-none-elf/debug/deps/libcommon-a7b6431491be7327.rlib(common-a7b6431491be7327.1ctyyytgnp4hzo1hxfingdxga.rcgu.o):(.debug_loc)
       0        0        0     1                 .L0 
       0        0        0     1                 $d
      1c       1c       45     1         /home/u/develop/riscv_os_rust/target/riscv32i-unknown-none-elf/debug/deps/libcommon-a7b6431491be7327.rlib(common-a7b6431491be7327.ejnzu6ozhhnss8fbjzxo9awk1.rcgu.o):(.debug_loc)
      1c       1c        0     1                 .L0 
      1c       1c        0     1                 $d
      38       38        0     1                 .L0 
       0        0    161f0     4 .symtab
       0        0    161f0     4         <internal>:(.symtab)
       0        0       ca     1 .shstrtab
       0        0       ca     1         <internal>:(.shstrtab)
       0        0     a6f3     1 .strtab
       0        0     a6f3     1         <internal>:(.strtab)
