     VMA      LMA     Size Align Out     In      Symbol
       0        0 80200000     1 . = 0x80200000
80200000        0        0     1 __kernel_base = .
80200000 80200000      688     4 .text
80200000 80200000       10     4         /home/u/develop/riscv_os_rust/target/riscv32i-unknown-none-elf/debug/deps/riscv_os_rust-12deafda19753ebd.afkkr8xjcztptktbyy9y39map.rcgu.o:(.text.boot)
80200000 80200000        0     1                 .L0 
80200000 80200000        0     1                 .L0 
80200000 80200000        0     1                 .Lpcrel_hi0
80200000 80200000        0     1                 $x
80200000 80200000        0     1                 .L0 
80200000 80200000       10     1                 boot
80200010 80200010        0     1                 .L0 
80200010 80200010       40     4         /home/u/develop/riscv_os_rust/target/riscv32i-unknown-none-elf/debug/deps/riscv_os_rust-12deafda19753ebd.1bu88p5r2timwm4uqpbt203cu.rcgu.o:(.text._ZN13riscv_os_rust3sbi8sbi_call17h953c88734e3d6a68E)
80200010 80200010       40     1                 riscv_os_rust::sbi::sbi_call::h953c88734e3d6a68
80200010 80200010        0     1                 .L0 
80200010 80200010        0     1                 .L0 
80200010 80200010        0     1                 $x
80200010 80200010        0     1                 .L0 
80200034 80200034        0     1                 .L0 
80200034 80200034        0     1                 .L0 
80200040 80200040        0     1                 .L0 
80200044 80200044        0     1                 .L0 
80200048 80200048        0     1                 .L0 
80200050 80200050        0     1                 .L0 
80200050 80200050       3c     4         /home/u/develop/riscv_os_rust/target/riscv32i-unknown-none-elf/debug/deps/riscv_os_rust-12deafda19753ebd.1bu88p5r2timwm4uqpbt203cu.rcgu.o:(.text.putchar)
80200050 80200050        0     1                 .L0 
80200050 80200050        0     1                 .L0 
80200050 80200050        0     1                 $x
80200050 80200050        0     1                 .L0 
80200050 80200050       3c     1                 putchar
80200064 80200064        0     1                 .L0 
80200084 80200084        0     1                 .L0 
8020008c 8020008c        0     1                 .L0 
8020008c 8020008c      14c     4         /home/u/develop/riscv_os_rust/target/riscv32i-unknown-none-elf/debug/deps/riscv_os_rust-12deafda19753ebd.53ji8b1jq2ls8wncfovhobsou.rcgu.o:(.text._ZN4core10intrinsics11write_bytes18precondition_check17h6e25d7f8a87843c6E)
8020008c 8020008c        0     1                 .L0 
8020008c 8020008c        0     1                 .L0 
8020008c 8020008c        0     1                 $x
8020008c 8020008c        0     1                 .L0 
8020008c 8020008c      14c     1                 core::intrinsics::write_bytes::precondition_check::h6e25d7f8a87843c6
802000ac 802000ac        0     1                 .L0 
802000b8 802000b8        0     1                 .L0 
802000b8 802000b8        0     1                 .L0 
80200118 80200118        0     1                 .L0 
80200120 80200120        0     1                 .L0 
80200128 80200128        0     1                 .L0 
80200128 80200128        0     1                 .L0 
80200130 80200130        0     1                 .L0 
80200134 80200134        0     1                 .L0 
80200138 80200138        0     1                 .L0 
80200138 80200138        0     1                 .L0 
80200140 80200140        0     1                 .L0 
80200140 80200140        0     1                 .L0 
8020017c 8020017c        0     1                 .L0 
8020017c 8020017c        0     1                 .L0 
80200190 80200190        0     1                 .L0 
80200190 80200190        0     1                 .L0 
80200194 80200194        0     1                 .L0 
802001a0 802001a0        0     1                 .L0 
802001a0 802001a0        0     1                 .L0 
802001a4 802001a4        0     1                 .L0 
802001ac 802001ac        0     1                 .L0 
802001ac 802001ac        0     1                 .L0 
802001b0 802001b0        0     1                 .L0 
802001b0 802001b0        0     1                 .L0 
802001bc 802001bc        0     1                 .L0 
802001d0 802001d0        0     1                 .L0 
802001d8 802001d8        0     1                 .L0 
802001d8 802001d8        0     1                 .L0 
802001d8 802001d8        0     1                 .L0 
802001d8 802001d8       50     4         /home/u/develop/riscv_os_rust/target/riscv32i-unknown-none-elf/debug/deps/riscv_os_rust-12deafda19753ebd.9vn2a4zenjnvyuw4tpml9sw8a.rcgu.o:(.text._ZN4core5slice4iter13Iter$LT$T$GT$3new17h56b3b054bfb83089E)
802001d8 802001d8        0     1                 .L0 
802001d8 802001d8        0     1                 .L0 
802001d8 802001d8        0     1                 $x
802001d8 802001d8        0     1                 .L0 
802001d8 802001d8       50     1                 core::slice::iter::Iter$LT$T$GT$::new::h56b3b054bfb83089
802001ec 802001ec        0     1                 .L0 
802001f0 802001f0        0     1                 .L0 
802001f0 802001f0        0     1                 .L0 
802001f8 802001f8        0     1                 .L0 
802001f8 802001f8        0     1                 .L0 
802001fc 802001fc        0     1                 .L0 
802001fc 802001fc        0     1                 .L0 
80200200 80200200        0     1                 .L0 
80200208 80200208        0     1                 .L0 
80200208 80200208        0     1                 .L0 
8020020c 8020020c        0     1                 .L0 
8020020c 8020020c        0     1                 .L0 
80200210 80200210        0     1                 .L0 
80200214 80200214        0     1                 .L0 
80200218 80200218        0     1                 .L0 
8020021c 8020021c        0     1                 .L0 
8020021c 8020021c        0     1                 .L0 
80200220 80200220        0     1                 .L0 
80200228 80200228        0     1                 .L0 
80200228 80200228       14     4         /home/u/develop/riscv_os_rust/target/riscv32i-unknown-none-elf/debug/deps/riscv_os_rust-12deafda19753ebd.9vn2a4zenjnvyuw4tpml9sw8a.rcgu.o:(.text._ZN63_$LT$I$u20$as$u20$core..iter..traits..collect..IntoIterator$GT$9into_iter17h38df040181e26e8fE)
80200228 80200228        0     1                 .L0 
80200228 80200228        0     1                 .L0 
80200228 80200228        0     1                 $x
80200228 80200228        0     1                 .L0 
80200228 80200228       14     1                 _$LT$I$u20$as$u20$core..iter..traits..collect..IntoIterator$GT$::into_iter::h38df040181e26e8f
80200234 80200234        0     1                 .L0 
8020023c 8020023c        0     1                 .L0 
8020023c 8020023c       cc     4         /home/u/develop/riscv_os_rust/target/riscv32i-unknown-none-elf/debug/deps/riscv_os_rust-12deafda19753ebd.9vn2a4zenjnvyuw4tpml9sw8a.rcgu.o:(.text._ZN91_$LT$core..slice..iter..Iter$LT$T$GT$$u20$as$u20$core..iter..traits..iterator..Iterator$GT$4next17h584b386ba71c9c0dE)
8020023c 8020023c        0     1                 .L0 
8020023c 8020023c        0     1                 .L0 
8020023c 8020023c        0     1                 $x
8020023c 8020023c        0     1                 .L0 
8020023c 8020023c       cc     1                 _$LT$core..slice..iter..Iter$LT$T$GT$$u20$as$u20$core..iter..traits..iterator..Iterator$GT$::next::h584b386ba71c9c0d
8020024c 8020024c        0     1                 .L0 
8020024c 8020024c        0     1                 .L0 
80200250 80200250        0     1                 .L0 
80200250 80200250        0     1                 .L0 
80200254 80200254        0     1                 .L0 
80200254 80200254        0     1                 .L0 
80200258 80200258        0     1                 .L0 
8020025c 8020025c        0     1                 .L0 
80200264 80200264        0     1                 .L0 
8020026c 8020026c        0     1                 .L0 
8020026c 8020026c        0     1                 .L0 
80200274 80200274        0     1                 .L0 
80200278 80200278        0     1                 .L0 
80200278 80200278        0     1                 .L0 
80200280 80200280        0     1                 .L0 
80200280 80200280        0     1                 .L0 
80200284 80200284        0     1                 .L0 
80200290 80200290        0     1                 .L0 
80200294 80200294        0     1                 .L0 
802002a4 802002a4        0     1                 .L0 
802002a8 802002a8        0     1                 .L0 
802002a8 802002a8        0     1                 .L0 
802002b0 802002b0        0     1                 .L0 
802002b0 802002b0        0     1                 .L0 
802002b4 802002b4        0     1                 .L0 
802002b4 802002b4        0     1                 .L0 
802002b8 802002b8        0     1                 .L0 
802002bc 802002bc        0     1                 .L0 
802002c0 802002c0        0     1                 .L0 
802002c4 802002c4        0     1                 .L0 
802002c4 802002c4        0     1                 .L0 
802002cc 802002cc        0     1                 .L0 
802002cc 802002cc        0     1                 .L0 
802002d0 802002d0        0     1                 .L0 
802002d0 802002d0        0     1                 .L0 
802002d8 802002d8        0     1                 .L0 
802002d8 802002d8        0     1                 .L0 
802002dc 802002dc        0     1                 .L0 
802002dc 802002dc        0     1                 .L0 
802002e0 802002e0        0     1                 .L0 
802002e0 802002e0        0     1                 .L0 
802002e4 802002e4        0     1                 .L0 
802002e4 802002e4        0     1                 .L0 
802002e8 802002e8        0     1                 .L0 
802002ec 802002ec        0     1                 .L0 
802002ec 802002ec        0     1                 .L0 
802002f4 802002f4        0     1                 .L0 
802002f4 802002f4        0     1                 .L0 
802002f8 802002f8        0     1                 .L0 
802002fc 802002fc        0     1                 .L0 
80200300 80200300        0     1                 .L0 
80200308 80200308        0     1                 .L0 
80200308 80200308        0     1                 .L0 
80200308 80200308        0     1                 .L0 
80200308 80200308      10c     4         /home/u/develop/riscv_os_rust/target/riscv32i-unknown-none-elf/debug/deps/riscv_os_rust-12deafda19753ebd.afkkr8xjcztptktbyy9y39map.rcgu.o:(.text.kernel_main)
80200308 80200308        0     1                 .L0 
80200308 80200308        0     1                 .L0 
80200308 80200308        0     1                 $x
80200308 80200308        0     1                 .L0 
80200308 80200308      10c     1                 kernel_main
80200310 80200310        0     1                 .L0 
80200310 80200310        0     1                 .L0 
8020031c 8020031c        0     1                 .L0 
8020031c 8020031c        0     1                 .L0 
80200328 80200328        0     1                 .L0 
80200328 80200328        0     1                 .L0 
80200334 80200334        0     1                 .L0 
80200334 80200334        0     1                 .L0 
8020033c 8020033c        0     1                 .L0 
8020036c 8020036c        0     1                 .L0 
8020036c 8020036c        0     1                 .L0 
80200374 80200374        0     1                 .L0 
80200394 80200394        0     1                 .L0 
802003a0 802003a0        0     1                 .L0 
802003a0 802003a0        0     1                 .L0 
802003c4 802003c4        0     1                 .L0 
802003c4 802003c4        0     1                 .L0 
802003c8 802003c8        0     1                 .L0 
802003c8 802003c8        0     1                 .L0 
802003d8 802003d8        0     1                 .L0 
802003dc 802003dc        0     1                 .L0 
802003dc 802003dc        0     1                 .L0 
802003f4 802003f4        0     1                 .L0 
802003f4 802003f4        0     1                 .L0 
802003fc 802003fc        0     1                 .L0 
802003fc 802003fc        0     1                 .L0 
80200408 80200408        0     1                 .L0 
80200408 80200408        0     1                 .L0 
80200414 80200414        0     1                 .L0 
80200414 80200414        0     1                 .L0 
80200414 80200414        0     1                 .L0 
80200414 80200414        0     1                 .L0 
80200414 80200414       10     4         /home/u/develop/riscv_os_rust/target/riscv32i-unknown-none-elf/debug/deps/riscv_os_rust-12deafda19753ebd.afkkr8xjcztptktbyy9y39map.rcgu.o:(.text.rust_begin_unwind)
80200414 80200414        0     1                 .L0 
80200414 80200414        0     1                 .L0 
80200414 80200414        0     1                 $x
80200414 80200414        0     1                 .L0 
80200414 80200414       10     1                 rust_begin_unwind
8020041c 8020041c        0     1                 .L0 
80200424 80200424        0     1                 .L0 
80200424 80200424       24     4         /home/u/develop/riscv_os_rust/target/riscv32i-unknown-none-elf/debug/deps/riscv_os_rust-12deafda19753ebd.enhj97f4piyhc9xt494araed0.rcgu.o:(.text._ZN4core5slice29_$LT$impl$u20$$u5b$T$u5d$$GT$4iter17h30c79a41d100233aE)
80200424 80200424        0     1                 .L0 
80200424 80200424        0     1                 .L0 
80200424 80200424        0     1                 $x
80200424 80200424        0     1                 .L0 
80200424 80200424       24     1                 core::slice::_$LT$impl$u20$$u5b$T$u5d$$GT$::iter::h30c79a41d100233a
80200434 80200434        0     1                 .L0 
80200440 80200440        0     1                 .L0 
80200448 80200448        0     1                 .L0 
80200448 80200448       2c     4         /home/u/.rustup/toolchains/nightly-x86_64-unknown-linux-gnu/lib/rustlib/riscv32i-unknown-none-elf/lib/libcore-bf7d222d0ce7676f.rlib(core-bf7d222d0ce7676f.core.4d02cc0f8c18e725-cgu.0.rcgu.o):(.text.unlikely._ZN4core9panicking9panic_fmt17h9f74ce027e0694f3E)
80200448 80200448        0     1                 .L0 
80200448 80200448        0     1                 .L0 
80200448 80200448        0     1                 $x
80200448 80200448        0     1                 .L0 
80200448 80200448       2c     1                 core::panicking::panic_fmt::h9f74ce027e0694f3
80200458 80200458        0     1                 .L0 
80200458 80200458        0     1                 .L0 
80200468 80200468        0     1                 .L0 
80200474 80200474        0     1                 .L0 
80200474 80200474       60     4         /home/u/.rustup/toolchains/nightly-x86_64-unknown-linux-gnu/lib/rustlib/riscv32i-unknown-none-elf/lib/libcore-bf7d222d0ce7676f.rlib(core-bf7d222d0ce7676f.core.4d02cc0f8c18e725-cgu.0.rcgu.o):(.text.unlikely._ZN4core9panicking18panic_nounwind_fmt17h1fd8fb02450c056dE)
80200474 80200474        0     1                 .L0 
80200474 80200474        0     1                 .L0 
80200474 80200474        0     1                 $x
80200474 80200474        0     1                 .L0 
80200474 80200474       60     1                 core::panicking::panic_nounwind_fmt::h1fd8fb02450c056d
80200484 80200484        0     1                 .L0 
802004b8 802004b8        0     1                 .L0 
802004b8 802004b8        0     1                 .L0 
802004c8 802004c8        0     1                 .L0 
802004d4 802004d4        0     1                 .L0 
802004d4 802004d4       50     4         /home/u/.rustup/toolchains/nightly-x86_64-unknown-linux-gnu/lib/rustlib/riscv32i-unknown-none-elf/lib/libcore-bf7d222d0ce7676f.rlib(core-bf7d222d0ce7676f.core.4d02cc0f8c18e725-cgu.0.rcgu.o):(.text.unlikely._ZN4core9panicking14panic_nounwind17h534939f1f479e939E)
802004d4 802004d4        0     1                 .L0 
802004d4 802004d4        0     1                 .L0 
802004d4 802004d4        0     1                 $x
802004d4 802004d4        0     1                 .L0 
802004d4 802004d4       50     1                 core::panicking::panic_nounwind::h534939f1f479e939
802004e4 802004e4        0     1                 .L0 
802004f0 802004f0        0     1                 .L0 
802004f0 802004f0        0     1                 .L0 
8020050c 8020050c        0     1                 .L0 
80200524 80200524        0     1                 .L0 
80200524 80200524       44     4         /home/u/.rustup/toolchains/nightly-x86_64-unknown-linux-gnu/lib/rustlib/riscv32i-unknown-none-elf/lib/libcore-bf7d222d0ce7676f.rlib(core-bf7d222d0ce7676f.core.4d02cc0f8c18e725-cgu.0.rcgu.o):(.text.unlikely._ZN4core9panicking11panic_const24panic_const_sub_overflow17hc13061e646819cb3E)
80200524 80200524        0     1                 .L0 
80200524 80200524        0     1                 .L0 
80200524 80200524        0     1                 $x
80200524 80200524        0     1                 .L0 
80200524 80200524       44     1                 core::panicking::panic_const::panic_const_sub_overflow::hc13061e646819cb3
80200538 80200538        0     1                 .L0 
80200538 80200538        0     1                 .L0 
8020055c 8020055c        0     1                 .L0 
80200568 80200568        0     1                 .L0 
80200568 80200568       48     4         /home/u/.rustup/toolchains/nightly-x86_64-unknown-linux-gnu/lib/rustlib/riscv32i-unknown-none-elf/lib/libcompiler_builtins-20b151bf0444a219.rlib(compiler_builtins-20b151bf0444a219.compiler_builtins.a1118c3463fd1229-cgu.079.rcgu.o):(.text.__mulsi3)
80200568 80200568        0     1                 .L0 
80200568 80200568        0     1                 .L0 
80200568 80200568        0     1                 $x
80200568 80200568        0     1                 .L0 
80200568 80200568       48     1                 __mulsi3
8020057c 8020057c        0     1                 .L0 
8020057c 8020057c        0     1                 .L0 
80200580 80200580        0     1                 .L0 
80200590 80200590        0     1                 .L0 
80200594 80200594        0     1                 .L0 
80200598 80200598        0     1                 .L0 
8020059c 8020059c        0     1                 .L0 
8020059c 8020059c        0     1                 .L0 
802005a8 802005a8        0     1                 .L0 
802005b0 802005b0        0     1                 .L0 
802005b0 802005b0        0     1                 .L0 
802005b0 802005b0        0     1                 .L0 
802005b0 802005b0       d8     4         /home/u/.rustup/toolchains/nightly-x86_64-unknown-linux-gnu/lib/rustlib/riscv32i-unknown-none-elf/lib/libcompiler_builtins-20b151bf0444a219.rlib(compiler_builtins-20b151bf0444a219.compiler_builtins.a1118c3463fd1229-cgu.128.rcgu.o):(.text.memset)
802005b0 802005b0        0     1                 .L0 
802005b0 802005b0        0     1                 .L0 
802005b0 802005b0        0     1                 $x
802005b0 802005b0        0     1                 .L0 
802005b0 802005b0       d8     1                 memset
802005dc 802005dc        0     1                 .L0 
802005dc 802005dc        0     1                 .L0 
802005e0 802005e0        0     1                 .L0 
802005e0 802005e0        0     1                 .L0 
802005e4 802005e4        0     1                 .L0 
802005e8 802005e8        0     1                 .L0 
802005e8 802005e8        0     1                 .L0 
802005ec 802005ec        0     1                 .L0 
802005f0 802005f0        0     1                 .L0 
802005f8 802005f8        0     1                 .L0 
802005fc 802005fc        0     1                 .L0 
80200600 80200600        0     1                 .L0 
80200600 80200600        0     1                 .L0 
80200604 80200604        0     1                 .L0 
80200608 80200608        0     1                 .L0 
80200608 80200608        0     1                 .L0 
8020060c 8020060c        0     1                 .L0 
8020060c 8020060c        0     1                 .L0 
80200618 80200618        0     1                 .L0 
80200620 80200620        0     1                 .L0 
80200620 80200620        0     1                 .L0 
80200624 80200624        0     1                 .L0 
80200624 80200624        0     1                 .L0 
80200628 80200628        0     1                 .L0 
8020062c 8020062c        0     1                 .L0 
80200630 80200630        0     1                 .L0 
80200630 80200630        0     1                 .L0 
80200634 80200634        0     1                 .L0 
80200638 80200638        0     1                 .L0 
80200638 80200638        0     1                 .L0 
8020063c 8020063c        0     1                 .L0 
8020063c 8020063c        0     1                 .L0 
80200644 80200644        0     1                 .L0 
80200644 80200644        0     1                 .L0 
80200648 80200648        0     1                 .L0 
8020064c 8020064c        0     1                 .L0 
8020064c 8020064c        0     1                 .L0 
80200654 80200654        0     1                 .L0 
80200654 80200654        0     1                 .L0 
80200670 80200670        0     1                 .L0 
80200678 80200678        0     1                 .L0 
8020067c 8020067c        0     1                 .L0 
8020067c 8020067c        0     1                 .L0 
80200688 80200688        0     1                 .L0 
80200688 80200688        0     1                 .L0 
80200688 80200688        0     1                 .L0 
80200688 80200688        0     1                 .L0 
80200688 80200688      1b4     4 .rodata
80200688 80200688       2a     1         /home/u/develop/riscv_os_rust/target/riscv32i-unknown-none-elf/debug/deps/riscv_os_rust-12deafda19753ebd.53ji8b1jq2ls8wncfovhobsou.rcgu.o:(.rodata..L__unnamed_5)
80200688 80200688       2a     1                 .L__unnamed_5
80200688 80200688        0     1                 $d
802006b4 802006b4        8     4         /home/u/develop/riscv_os_rust/target/riscv32i-unknown-none-elf/debug/deps/riscv_os_rust-12deafda19753ebd.53ji8b1jq2ls8wncfovhobsou.rcgu.o:(.rodata..L__unnamed_1)
802006b4 802006b4        8     1                 .L__unnamed_1
802006b4 802006b4        0     1                 $d
802006bc 802006bc       6f     1         /home/u/develop/riscv_os_rust/target/riscv32i-unknown-none-elf/debug/deps/riscv_os_rust-12deafda19753ebd.53ji8b1jq2ls8wncfovhobsou.rcgu.o:(.rodata..L__unnamed_4)
802006bc 802006bc       6f     1                 .L__unnamed_4
802006bc 802006bc        0     1                 $d
8020072c 8020072c        8     4         <internal>:(.rodata.cst8)
80200734 80200734       72     1         /home/u/develop/riscv_os_rust/target/riscv32i-unknown-none-elf/debug/deps/riscv_os_rust-12deafda19753ebd.53ji8b1jq2ls8wncfovhobsou.rcgu.o:(.rodata..L__unnamed_6)
80200734 80200734       72     1                 .L__unnamed_6
80200734 80200734        0     1                 $d
802007a8 802007a8       10     4         /home/u/develop/riscv_os_rust/target/riscv32i-unknown-none-elf/debug/deps/riscv_os_rust-12deafda19753ebd.53ji8b1jq2ls8wncfovhobsou.rcgu.o:(.rodata..L__unnamed_3)
802007a8 802007a8       10     1                 .L__unnamed_3
802007a8 802007a8        0     1                 $d
802007b8 802007b8        c     1         /home/u/develop/riscv_os_rust/target/riscv32i-unknown-none-elf/debug/deps/riscv_os_rust-12deafda19753ebd.afkkr8xjcztptktbyy9y39map.rcgu.o:(.rodata..L__unnamed_1)
802007b8 802007b8        c     1                 .L__unnamed_1
802007b8 802007b8        0     1                 $d
802007c4 802007c4        b     1         /home/u/develop/riscv_os_rust/target/riscv32i-unknown-none-elf/debug/deps/riscv_os_rust-12deafda19753ebd.afkkr8xjcztptktbyy9y39map.rcgu.o:(.rodata..L__unnamed_3)
802007c4 802007c4        b     1                 .L__unnamed_3
802007c4 802007c4        0     1                 $d
802007d0 802007d0       10     4         /home/u/develop/riscv_os_rust/target/riscv32i-unknown-none-elf/debug/deps/riscv_os_rust-12deafda19753ebd.afkkr8xjcztptktbyy9y39map.rcgu.o:(.rodata..L__unnamed_2)
802007d0 802007d0       10     1                 .L__unnamed_2
802007d0 802007d0        0     1                 $d
802007e0 802007e0       21     1         /home/u/.rustup/toolchains/nightly-x86_64-unknown-linux-gnu/lib/rustlib/riscv32i-unknown-none-elf/lib/libcore-bf7d222d0ce7676f.rlib(core-bf7d222d0ce7676f.core.4d02cc0f8c18e725-cgu.0.rcgu.o):(.rodata..Lanon.c82afe84e5a9e6c5609b2a89aed27da4.126)
802007e0 802007e0       21     1                 .Lanon.c82afe84e5a9e6c5609b2a89aed27da4.126
802007e0 802007e0        0     1                 $d
80200804 80200804        8     4         /home/u/.rustup/toolchains/nightly-x86_64-unknown-linux-gnu/lib/rustlib/riscv32i-unknown-none-elf/lib/libcore-bf7d222d0ce7676f.rlib(core-bf7d222d0ce7676f.core.4d02cc0f8c18e725-cgu.0.rcgu.o):(.rodata..Lanon.c82afe84e5a9e6c5609b2a89aed27da4.127)
80200804 80200804        8     1                 .Lanon.c82afe84e5a9e6c5609b2a89aed27da4.127
80200804 80200804        0     1                 $d
8020080c 8020080c       1d     1         /home/u/.rustup/toolchains/nightly-x86_64-unknown-linux-gnu/lib/rustlib/riscv32i-unknown-none-elf/lib/libcore-bf7d222d0ce7676f.rlib(core-bf7d222d0ce7676f.core.4d02cc0f8c18e725-cgu.0.rcgu.o):(.rodata..Lanon.c82afe84e5a9e6c5609b2a89aed27da4.226)
8020080c 8020080c       1d     1                 .Lanon.c82afe84e5a9e6c5609b2a89aed27da4.226
8020080c 8020080c        0     1                 $d
8020082c 8020082c       10     4         /home/u/.rustup/toolchains/nightly-x86_64-unknown-linux-gnu/lib/rustlib/riscv32i-unknown-none-elf/lib/libcore-bf7d222d0ce7676f.rlib(core-bf7d222d0ce7676f.core.4d02cc0f8c18e725-cgu.0.rcgu.o):(.rodata..Lanon.c82afe84e5a9e6c5609b2a89aed27da4.227)
8020082c 8020082c       10     1                 .Lanon.c82afe84e5a9e6c5609b2a89aed27da4.227
8020082c 8020082c        0     1                 $d
8020083c 8020083c       e0     4 .eh_frame
8020083c 8020083c       14     1         /home/u/.rustup/toolchains/nightly-x86_64-unknown-linux-gnu/lib/rustlib/riscv32i-unknown-none-elf/lib/libcore-bf7d222d0ce7676f.rlib(core-bf7d222d0ce7676f.core.4d02cc0f8c18e725-cgu.0.rcgu.o):(.eh_frame+0x0)
80200850 80200850       40     1         /home/u/.rustup/toolchains/nightly-x86_64-unknown-linux-gnu/lib/rustlib/riscv32i-unknown-none-elf/lib/libcore-bf7d222d0ce7676f.rlib(core-bf7d222d0ce7676f.core.4d02cc0f8c18e725-cgu.0.rcgu.o):(.eh_frame+0x1160)
80200890 80200890       20     1         /home/u/.rustup/toolchains/nightly-x86_64-unknown-linux-gnu/lib/rustlib/riscv32i-unknown-none-elf/lib/libcore-bf7d222d0ce7676f.rlib(core-bf7d222d0ce7676f.core.4d02cc0f8c18e725-cgu.0.rcgu.o):(.eh_frame+0x11c0)
802008b0 802008b0       20     1         /home/u/.rustup/toolchains/nightly-x86_64-unknown-linux-gnu/lib/rustlib/riscv32i-unknown-none-elf/lib/libcore-bf7d222d0ce7676f.rlib(core-bf7d222d0ce7676f.core.4d02cc0f8c18e725-cgu.0.rcgu.o):(.eh_frame+0x3110)
802008d0 802008d0       20     1         /home/u/.rustup/toolchains/nightly-x86_64-unknown-linux-gnu/lib/rustlib/riscv32i-unknown-none-elf/lib/libcompiler_builtins-20b151bf0444a219.rlib(compiler_builtins-20b151bf0444a219.compiler_builtins.a1118c3463fd1229-cgu.079.rcgu.o):(.eh_frame+0x14)
802008f0 802008f0       28     1         /home/u/.rustup/toolchains/nightly-x86_64-unknown-linux-gnu/lib/rustlib/riscv32i-unknown-none-elf/lib/libcompiler_builtins-20b151bf0444a219.rlib(compiler_builtins-20b151bf0444a219.compiler_builtins.a1118c3463fd1229-cgu.128.rcgu.o):(.eh_frame+0x14)
8020091c 8020091c        0     4 .bss
8020091c 8020091c        0     1         __bss = .
8020091c 8020091c        0     1         __bss_end = .
8020091c 8020091c        0     1 . = ALIGN ( 4 )
8020091c 8020091c    20000     1 . += 128 * 1024
8022091c 8022091c        0     1 __stack_top = .
8022091c 8022091c      6e4     1 . = ALIGN ( 4096 )
80221000 80221000        0     1 __free_ram = .
80221000 80221000  4000000     1 . += 64 * 1024 * 1024
84221000 84221000        0     1 __free_ram_end = .
       0        0     1baf     1 .debug_abbrev
       0        0       a8     1         /home/u/develop/riscv_os_rust/target/riscv32i-unknown-none-elf/debug/deps/riscv_os_rust-12deafda19753ebd.1bu88p5r2timwm4uqpbt203cu.rcgu.o:(.debug_abbrev)
       0        0        0     1                 $d
      a8       a8      1e3     1         /home/u/develop/riscv_os_rust/target/riscv32i-unknown-none-elf/debug/deps/riscv_os_rust-12deafda19753ebd.53ji8b1jq2ls8wncfovhobsou.rcgu.o:(.debug_abbrev)
      a8       a8        0     1                 $d
     28b      28b      1ef     1         /home/u/develop/riscv_os_rust/target/riscv32i-unknown-none-elf/debug/deps/riscv_os_rust-12deafda19753ebd.9vn2a4zenjnvyuw4tpml9sw8a.rcgu.o:(.debug_abbrev)
     28b      28b        0     1                 $d
     47a      47a      19a     1         /home/u/develop/riscv_os_rust/target/riscv32i-unknown-none-elf/debug/deps/riscv_os_rust-12deafda19753ebd.afkkr8xjcztptktbyy9y39map.rcgu.o:(.debug_abbrev)
     47a      47a        0     1                 $d
     614      614       9f     1         /home/u/develop/riscv_os_rust/target/riscv32i-unknown-none-elf/debug/deps/riscv_os_rust-12deafda19753ebd.enhj97f4piyhc9xt494araed0.rcgu.o:(.debug_abbrev)
     614      614        0     1                 $d
     6b3      6b3      2da     1         /home/u/.rustup/toolchains/nightly-x86_64-unknown-linux-gnu/lib/rustlib/riscv32i-unknown-none-elf/lib/libcore-bf7d222d0ce7676f.rlib(core-bf7d222d0ce7676f.core.4d02cc0f8c18e725-cgu.0.rcgu.o):(.debug_abbrev)
     6b3      6b3        0     1                 $d
     98d      98d       4e     1         /home/u/.rustup/toolchains/nightly-x86_64-unknown-linux-gnu/lib/rustlib/riscv32i-unknown-none-elf/lib/libcompiler_builtins-20b151bf0444a219.rlib(compiler_builtins-20b151bf0444a219.compiler_builtins.a1118c3463fd1229-cgu.079.rcgu.o):(.debug_abbrev)
     98d      98d        0     1                 $d
     9db      9db       4e     1         /home/u/.rustup/toolchains/nightly-x86_64-unknown-linux-gnu/lib/rustlib/riscv32i-unknown-none-elf/lib/libcompiler_builtins-20b151bf0444a219.rlib(compiler_builtins-20b151bf0444a219.compiler_builtins.a1118c3463fd1229-cgu.080.rcgu.o):(.debug_abbrev)
     9db      9db        0     1                 $d
     a29      a29       2e     1         /home/u/.rustup/toolchains/nightly-x86_64-unknown-linux-gnu/lib/rustlib/riscv32i-unknown-none-elf/lib/libcompiler_builtins-20b151bf0444a219.rlib(compiler_builtins-20b151bf0444a219.compiler_builtins.a1118c3463fd1229-cgu.112.rcgu.o):(.debug_abbrev)
     a29      a29        0     1                 $d
     a57      a57      163     1         /home/u/.rustup/toolchains/nightly-x86_64-unknown-linux-gnu/lib/rustlib/riscv32i-unknown-none-elf/lib/libcompiler_builtins-20b151bf0444a219.rlib(compiler_builtins-20b151bf0444a219.compiler_builtins.a1118c3463fd1229-cgu.005.rcgu.o):(.debug_abbrev)
     a57      a57        0     1                 $d
     bba      bba      15b     1         /home/u/.rustup/toolchains/nightly-x86_64-unknown-linux-gnu/lib/rustlib/riscv32i-unknown-none-elf/lib/libcompiler_builtins-20b151bf0444a219.rlib(compiler_builtins-20b151bf0444a219.compiler_builtins.a1118c3463fd1229-cgu.015.rcgu.o):(.debug_abbrev)
     bba      bba        0     1                 $d
     d15      d15       ea     1         /home/u/.rustup/toolchains/nightly-x86_64-unknown-linux-gnu/lib/rustlib/riscv32i-unknown-none-elf/lib/libcompiler_builtins-20b151bf0444a219.rlib(compiler_builtins-20b151bf0444a219.compiler_builtins.a1118c3463fd1229-cgu.114.rcgu.o):(.debug_abbrev)
     d15      d15        0     1                 $d
     dff      dff      109     1         /home/u/.rustup/toolchains/nightly-x86_64-unknown-linux-gnu/lib/rustlib/riscv32i-unknown-none-elf/lib/libcompiler_builtins-20b151bf0444a219.rlib(compiler_builtins-20b151bf0444a219.compiler_builtins.a1118c3463fd1229-cgu.128.rcgu.o):(.debug_abbrev)
     dff      dff        0     1                 $d
     f08      f08       5f     1         /home/u/.rustup/toolchains/nightly-x86_64-unknown-linux-gnu/lib/rustlib/riscv32i-unknown-none-elf/lib/libcompiler_builtins-20b151bf0444a219.rlib(compiler_builtins-20b151bf0444a219.compiler_builtins.a1118c3463fd1229-cgu.134.rcgu.o):(.debug_abbrev)
     f08      f08        0     1                 $d
     f67      f67       de     1         /home/u/.rustup/toolchains/nightly-x86_64-unknown-linux-gnu/lib/rustlib/riscv32i-unknown-none-elf/lib/libcompiler_builtins-20b151bf0444a219.rlib(compiler_builtins-20b151bf0444a219.compiler_builtins.a1118c3463fd1229-cgu.006.rcgu.o):(.debug_abbrev)
     f67      f67        0     1                 $d
    1045     1045       70     1         /home/u/.rustup/toolchains/nightly-x86_64-unknown-linux-gnu/lib/rustlib/riscv32i-unknown-none-elf/lib/libcompiler_builtins-20b151bf0444a219.rlib(compiler_builtins-20b151bf0444a219.compiler_builtins.a1118c3463fd1229-cgu.137.rcgu.o):(.debug_abbrev)
    1045     1045        0     1                 $d
    10b5     10b5       5f     1         /home/u/.rustup/toolchains/nightly-x86_64-unknown-linux-gnu/lib/rustlib/riscv32i-unknown-none-elf/lib/libcompiler_builtins-20b151bf0444a219.rlib(compiler_builtins-20b151bf0444a219.compiler_builtins.a1118c3463fd1229-cgu.156.rcgu.o):(.debug_abbrev)
    10b5     10b5        0     1                 $d
    1114     1114       b9     1         /home/u/.rustup/toolchains/nightly-x86_64-unknown-linux-gnu/lib/rustlib/riscv32i-unknown-none-elf/lib/libcompiler_builtins-20b151bf0444a219.rlib(compiler_builtins-20b151bf0444a219.compiler_builtins.a1118c3463fd1229-cgu.177.rcgu.o):(.debug_abbrev)
    1114     1114        0     1                 $d
    11cd     11cd       b9     1         /home/u/.rustup/toolchains/nightly-x86_64-unknown-linux-gnu/lib/rustlib/riscv32i-unknown-none-elf/lib/libcompiler_builtins-20b151bf0444a219.rlib(compiler_builtins-20b151bf0444a219.compiler_builtins.a1118c3463fd1229-cgu.183.rcgu.o):(.debug_abbrev)
    11cd     11cd        0     1                 $d
    1286     1286       5f     1         /home/u/.rustup/toolchains/nightly-x86_64-unknown-linux-gnu/lib/rustlib/riscv32i-unknown-none-elf/lib/libcompiler_builtins-20b151bf0444a219.rlib(compiler_builtins-20b151bf0444a219.compiler_builtins.a1118c3463fd1229-cgu.185.rcgu.o):(.debug_abbrev)
    1286     1286        0     1                 $d
    12e5     12e5       2e     1         /home/u/.rustup/toolchains/nightly-x86_64-unknown-linux-gnu/lib/rustlib/riscv32i-unknown-none-elf/lib/libcompiler_builtins-20b151bf0444a219.rlib(compiler_builtins-20b151bf0444a219.compiler_builtins.a1118c3463fd1229-cgu.199.rcgu.o):(.debug_abbrev)
    12e5     12e5        0     1                 $d
    1313     1313       ae     1         /home/u/.rustup/toolchains/nightly-x86_64-unknown-linux-gnu/lib/rustlib/riscv32i-unknown-none-elf/lib/libcompiler_builtins-20b151bf0444a219.rlib(compiler_builtins-20b151bf0444a219.compiler_builtins.a1118c3463fd1229-cgu.200.rcgu.o):(.debug_abbrev)
    1313     1313        0     1                 $d
    13c1     13c1       e5     1         /home/u/.rustup/toolchains/nightly-x86_64-unknown-linux-gnu/lib/rustlib/riscv32i-unknown-none-elf/lib/libcompiler_builtins-20b151bf0444a219.rlib(compiler_builtins-20b151bf0444a219.compiler_builtins.a1118c3463fd1229-cgu.201.rcgu.o):(.debug_abbrev)
    13c1     13c1        0     1                 $d
    14a6     14a6       5f     1         /home/u/.rustup/toolchains/nightly-x86_64-unknown-linux-gnu/lib/rustlib/riscv32i-unknown-none-elf/lib/libcompiler_builtins-20b151bf0444a219.rlib(compiler_builtins-20b151bf0444a219.compiler_builtins.a1118c3463fd1229-cgu.209.rcgu.o):(.debug_abbrev)
    14a6     14a6        0     1                 $d
    1505     1505       cc     1         /home/u/.rustup/toolchains/nightly-x86_64-unknown-linux-gnu/lib/rustlib/riscv32i-unknown-none-elf/lib/libcompiler_builtins-20b151bf0444a219.rlib(compiler_builtins-20b151bf0444a219.compiler_builtins.a1118c3463fd1229-cgu.211.rcgu.o):(.debug_abbrev)
    1505     1505        0     1                 $d
    15d1     15d1       5f     1         /home/u/.rustup/toolchains/nightly-x86_64-unknown-linux-gnu/lib/rustlib/riscv32i-unknown-none-elf/lib/libcompiler_builtins-20b151bf0444a219.rlib(compiler_builtins-20b151bf0444a219.compiler_builtins.a1118c3463fd1229-cgu.215.rcgu.o):(.debug_abbrev)
    15d1     15d1        0     1                 $d
    1630     1630       7b     1         /home/u/.rustup/toolchains/nightly-x86_64-unknown-linux-gnu/lib/rustlib/riscv32i-unknown-none-elf/lib/libcompiler_builtins-20b151bf0444a219.rlib(compiler_builtins-20b151bf0444a219.compiler_builtins.a1118c3463fd1229-cgu.216.rcgu.o):(.debug_abbrev)
    1630     1630        0     1                 $d
    16ab     16ab       aa     1         /home/u/.rustup/toolchains/nightly-x86_64-unknown-linux-gnu/lib/rustlib/riscv32i-unknown-none-elf/lib/libcompiler_builtins-20b151bf0444a219.rlib(compiler_builtins-20b151bf0444a219.compiler_builtins.a1118c3463fd1229-cgu.217.rcgu.o):(.debug_abbrev)
    16ab     16ab        0     1                 $d
    1755     1755       b9     1         /home/u/.rustup/toolchains/nightly-x86_64-unknown-linux-gnu/lib/rustlib/riscv32i-unknown-none-elf/lib/libcompiler_builtins-20b151bf0444a219.rlib(compiler_builtins-20b151bf0444a219.compiler_builtins.a1118c3463fd1229-cgu.220.rcgu.o):(.debug_abbrev)
    1755     1755        0     1                 $d
    180e     180e       5f     1         /home/u/.rustup/toolchains/nightly-x86_64-unknown-linux-gnu/lib/rustlib/riscv32i-unknown-none-elf/lib/libcompiler_builtins-20b151bf0444a219.rlib(compiler_builtins-20b151bf0444a219.compiler_builtins.a1118c3463fd1229-cgu.232.rcgu.o):(.debug_abbrev)
    180e     180e        0     1                 $d
    186d     186d       aa     1         /home/u/.rustup/toolchains/nightly-x86_64-unknown-linux-gnu/lib/rustlib/riscv32i-unknown-none-elf/lib/libcompiler_builtins-20b151bf0444a219.rlib(compiler_builtins-20b151bf0444a219.compiler_builtins.a1118c3463fd1229-cgu.246.rcgu.o):(.debug_abbrev)
    186d     186d        0     1                 $d
    1917     1917       ae     1         /home/u/.rustup/toolchains/nightly-x86_64-unknown-linux-gnu/lib/rustlib/riscv32i-unknown-none-elf/lib/libcompiler_builtins-20b151bf0444a219.rlib(compiler_builtins-20b151bf0444a219.compiler_builtins.a1118c3463fd1229-cgu.250.rcgu.o):(.debug_abbrev)
    1917     1917        0     1                 $d
    19c5     19c5       2e     1         /home/u/.rustup/toolchains/nightly-x86_64-unknown-linux-gnu/lib/rustlib/riscv32i-unknown-none-elf/lib/libcompiler_builtins-20b151bf0444a219.rlib(compiler_builtins-20b151bf0444a219.compiler_builtins.a1118c3463fd1229-cgu.259.rcgu.o):(.debug_abbrev)
    19c5     19c5        0     1                 $d
    19f3     19f3      18e     1         /home/u/.rustup/toolchains/nightly-x86_64-unknown-linux-gnu/lib/rustlib/riscv32i-unknown-none-elf/lib/libcompiler_builtins-20b151bf0444a219.rlib(compiler_builtins-20b151bf0444a219.compiler_builtins.a1118c3463fd1229-cgu.000.rcgu.o):(.debug_abbrev)
    19f3     19f3        0     1                 $d
    1b81     1b81       2e     1         /home/u/.rustup/toolchains/nightly-x86_64-unknown-linux-gnu/lib/rustlib/riscv32i-unknown-none-elf/lib/libcompiler_builtins-20b151bf0444a219.rlib(compiler_builtins-20b151bf0444a219.compiler_builtins.a1118c3463fd1229-cgu.277.rcgu.o):(.debug_abbrev)
    1b81     1b81        0     1                 $d
       0        0    24e32     1 .debug_info
       0        0      151     1         /home/u/develop/riscv_os_rust/target/riscv32i-unknown-none-elf/debug/deps/riscv_os_rust-12deafda19753ebd.1bu88p5r2timwm4uqpbt203cu.rcgu.o:(.debug_info)
       0        0        0     1                 .L0 
       0        0        0     1                 $d
     151      151      7ea     1         /home/u/develop/riscv_os_rust/target/riscv32i-unknown-none-elf/debug/deps/riscv_os_rust-12deafda19753ebd.53ji8b1jq2ls8wncfovhobsou.rcgu.o:(.debug_info)
     151      151        0     1                 .L0 
     151      151        0     1                 $d
     93b      93b      777     1         /home/u/develop/riscv_os_rust/target/riscv32i-unknown-none-elf/debug/deps/riscv_os_rust-12deafda19753ebd.9vn2a4zenjnvyuw4tpml9sw8a.rcgu.o:(.debug_info)
     93b      93b        0     1                 .L0 
     93b      93b        0     1                 $d
    10b2     10b2      796     1         /home/u/develop/riscv_os_rust/target/riscv32i-unknown-none-elf/debug/deps/riscv_os_rust-12deafda19753ebd.afkkr8xjcztptktbyy9y39map.rcgu.o:(.debug_info)
    10b2     10b2        0     1                 .L0 
    10b2     10b2        0     1                 $d
    1848     1848      139     1         /home/u/develop/riscv_os_rust/target/riscv32i-unknown-none-elf/debug/deps/riscv_os_rust-12deafda19753ebd.enhj97f4piyhc9xt494araed0.rcgu.o:(.debug_info)
    1848     1848        0     1                 .L0 
    1848     1848        0     1                 $d
    1981     1981    1e3aa     1         /home/u/.rustup/toolchains/nightly-x86_64-unknown-linux-gnu/lib/rustlib/riscv32i-unknown-none-elf/lib/libcore-bf7d222d0ce7676f.rlib(core-bf7d222d0ce7676f.core.4d02cc0f8c18e725-cgu.0.rcgu.o):(.debug_info)
    1981     1981        0     1                 .L0 
    1981     1981        0     1                 $d
   1fd2b    1fd2b       6a     1         /home/u/.rustup/toolchains/nightly-x86_64-unknown-linux-gnu/lib/rustlib/riscv32i-unknown-none-elf/lib/libcompiler_builtins-20b151bf0444a219.rlib(compiler_builtins-20b151bf0444a219.compiler_builtins.a1118c3463fd1229-cgu.079.rcgu.o):(.debug_info)
   1fd2b    1fd2b        0     1                 .L0 
   1fd2b    1fd2b        0     1                 $d
   1fd95    1fd95       6a     1         /home/u/.rustup/toolchains/nightly-x86_64-unknown-linux-gnu/lib/rustlib/riscv32i-unknown-none-elf/lib/libcompiler_builtins-20b151bf0444a219.rlib(compiler_builtins-20b151bf0444a219.compiler_builtins.a1118c3463fd1229-cgu.080.rcgu.o):(.debug_info)
   1fd95    1fd95        0     1                 .L0 
   1fd95    1fd95        0     1                 $d
   1fdff    1fdff       51     1         /home/u/.rustup/toolchains/nightly-x86_64-unknown-linux-gnu/lib/rustlib/riscv32i-unknown-none-elf/lib/libcompiler_builtins-20b151bf0444a219.rlib(compiler_builtins-20b151bf0444a219.compiler_builtins.a1118c3463fd1229-cgu.112.rcgu.o):(.debug_info)
   1fdff    1fdff        0     1                 .L0 
   1fdff    1fdff        0     1                 $d
   1fe50    1fe50     1018     1         /home/u/.rustup/toolchains/nightly-x86_64-unknown-linux-gnu/lib/rustlib/riscv32i-unknown-none-elf/lib/libcompiler_builtins-20b151bf0444a219.rlib(compiler_builtins-20b151bf0444a219.compiler_builtins.a1118c3463fd1229-cgu.005.rcgu.o):(.debug_info)
   1fe50    1fe50        0     1                 .L0 
   1fe50    1fe50        0     1                 $d
   20e68    20e68      424     1         /home/u/.rustup/toolchains/nightly-x86_64-unknown-linux-gnu/lib/rustlib/riscv32i-unknown-none-elf/lib/libcompiler_builtins-20b151bf0444a219.rlib(compiler_builtins-20b151bf0444a219.compiler_builtins.a1118c3463fd1229-cgu.015.rcgu.o):(.debug_info)
   20e68    20e68        0     1                 .L0 
   20e68    20e68        0     1                 $d
   2128c    2128c      262     1         /home/u/.rustup/toolchains/nightly-x86_64-unknown-linux-gnu/lib/rustlib/riscv32i-unknown-none-elf/lib/libcompiler_builtins-20b151bf0444a219.rlib(compiler_builtins-20b151bf0444a219.compiler_builtins.a1118c3463fd1229-cgu.114.rcgu.o):(.debug_info)
   2128c    2128c        0     1                 .L0 
   2128c    2128c        0     1                 $d
   214ee    214ee      29c     1         /home/u/.rustup/toolchains/nightly-x86_64-unknown-linux-gnu/lib/rustlib/riscv32i-unknown-none-elf/lib/libcompiler_builtins-20b151bf0444a219.rlib(compiler_builtins-20b151bf0444a219.compiler_builtins.a1118c3463fd1229-cgu.128.rcgu.o):(.debug_info)
   214ee    214ee        0     1                 .L0 
   214ee    214ee        0     1                 $d
   2178a    2178a       a1     1         /home/u/.rustup/toolchains/nightly-x86_64-unknown-linux-gnu/lib/rustlib/riscv32i-unknown-none-elf/lib/libcompiler_builtins-20b151bf0444a219.rlib(compiler_builtins-20b151bf0444a219.compiler_builtins.a1118c3463fd1229-cgu.134.rcgu.o):(.debug_info)
   2178a    2178a        0     1                 .L0 
   2178a    2178a        0     1                 $d
   2182b    2182b      51b     1         /home/u/.rustup/toolchains/nightly-x86_64-unknown-linux-gnu/lib/rustlib/riscv32i-unknown-none-elf/lib/libcompiler_builtins-20b151bf0444a219.rlib(compiler_builtins-20b151bf0444a219.compiler_builtins.a1118c3463fd1229-cgu.006.rcgu.o):(.debug_info)
   2182b    2182b        0     1                 .L0 
   2182b    2182b        0     1                 $d
   21d46    21d46       f0     1         /home/u/.rustup/toolchains/nightly-x86_64-unknown-linux-gnu/lib/rustlib/riscv32i-unknown-none-elf/lib/libcompiler_builtins-20b151bf0444a219.rlib(compiler_builtins-20b151bf0444a219.compiler_builtins.a1118c3463fd1229-cgu.137.rcgu.o):(.debug_info)
   21d46    21d46        0     1                 .L0 
   21d46    21d46        0     1                 $d
   21e36    21e36       a1     1         /home/u/.rustup/toolchains/nightly-x86_64-unknown-linux-gnu/lib/rustlib/riscv32i-unknown-none-elf/lib/libcompiler_builtins-20b151bf0444a219.rlib(compiler_builtins-20b151bf0444a219.compiler_builtins.a1118c3463fd1229-cgu.156.rcgu.o):(.debug_info)
   21e36    21e36        0     1                 .L0 
   21e36    21e36        0     1                 $d
   21ed7    21ed7      1d8     1         /home/u/.rustup/toolchains/nightly-x86_64-unknown-linux-gnu/lib/rustlib/riscv32i-unknown-none-elf/lib/libcompiler_builtins-20b151bf0444a219.rlib(compiler_builtins-20b151bf0444a219.compiler_builtins.a1118c3463fd1229-cgu.177.rcgu.o):(.debug_info)
   21ed7    21ed7        0     1                 .L0 
   21ed7    21ed7        0     1                 $d
   220af    220af      1d8     1         /home/u/.rustup/toolchains/nightly-x86_64-unknown-linux-gnu/lib/rustlib/riscv32i-unknown-none-elf/lib/libcompiler_builtins-20b151bf0444a219.rlib(compiler_builtins-20b151bf0444a219.compiler_builtins.a1118c3463fd1229-cgu.183.rcgu.o):(.debug_info)
   220af    220af        0     1                 .L0 
   220af    220af        0     1                 $d
   22287    22287       a1     1         /home/u/.rustup/toolchains/nightly-x86_64-unknown-linux-gnu/lib/rustlib/riscv32i-unknown-none-elf/lib/libcompiler_builtins-20b151bf0444a219.rlib(compiler_builtins-20b151bf0444a219.compiler_builtins.a1118c3463fd1229-cgu.185.rcgu.o):(.debug_info)
   22287    22287        0     1                 .L0 
   22287    22287        0     1                 $d
   22328    22328       51     1         /home/u/.rustup/toolchains/nightly-x86_64-unknown-linux-gnu/lib/rustlib/riscv32i-unknown-none-elf/lib/libcompiler_builtins-20b151bf0444a219.rlib(compiler_builtins-20b151bf0444a219.compiler_builtins.a1118c3463fd1229-cgu.199.rcgu.o):(.debug_info)
   22328    22328        0     1                 .L0 
   22328    22328        0     1                 $d
   22379    22379      166     1         /home/u/.rustup/toolchains/nightly-x86_64-unknown-linux-gnu/lib/rustlib/riscv32i-unknown-none-elf/lib/libcompiler_builtins-20b151bf0444a219.rlib(compiler_builtins-20b151bf0444a219.compiler_builtins.a1118c3463fd1229-cgu.200.rcgu.o):(.debug_info)
   22379    22379        0     1                 .L0 
   22379    22379        0     1                 $d
   224df    224df      398     1         /home/u/.rustup/toolchains/nightly-x86_64-unknown-linux-gnu/lib/rustlib/riscv32i-unknown-none-elf/lib/libcompiler_builtins-20b151bf0444a219.rlib(compiler_builtins-20b151bf0444a219.compiler_builtins.a1118c3463fd1229-cgu.201.rcgu.o):(.debug_info)
   224df    224df        0     1                 .L0 
   224df    224df        0     1                 $d
   22877    22877       a1     1         /home/u/.rustup/toolchains/nightly-x86_64-unknown-linux-gnu/lib/rustlib/riscv32i-unknown-none-elf/lib/libcompiler_builtins-20b151bf0444a219.rlib(compiler_builtins-20b151bf0444a219.compiler_builtins.a1118c3463fd1229-cgu.209.rcgu.o):(.debug_info)
   22877    22877        0     1                 .L0 
   22877    22877        0     1                 $d
   22918    22918      267     1         /home/u/.rustup/toolchains/nightly-x86_64-unknown-linux-gnu/lib/rustlib/riscv32i-unknown-none-elf/lib/libcompiler_builtins-20b151bf0444a219.rlib(compiler_builtins-20b151bf0444a219.compiler_builtins.a1118c3463fd1229-cgu.211.rcgu.o):(.debug_info)
   22918    22918        0     1                 .L0 
   22918    22918        0     1                 $d
   22b7f    22b7f       a1     1         /home/u/.rustup/toolchains/nightly-x86_64-unknown-linux-gnu/lib/rustlib/riscv32i-unknown-none-elf/lib/libcompiler_builtins-20b151bf0444a219.rlib(compiler_builtins-20b151bf0444a219.compiler_builtins.a1118c3463fd1229-cgu.215.rcgu.o):(.debug_info)
   22b7f    22b7f        0     1                 .L0 
   22b7f    22b7f        0     1                 $d
   22c20    22c20       b1     1         /home/u/.rustup/toolchains/nightly-x86_64-unknown-linux-gnu/lib/rustlib/riscv32i-unknown-none-elf/lib/libcompiler_builtins-20b151bf0444a219.rlib(compiler_builtins-20b151bf0444a219.compiler_builtins.a1118c3463fd1229-cgu.216.rcgu.o):(.debug_info)
   22c20    22c20        0     1                 .L0 
   22c20    22c20        0     1                 $d
   22cd1    22cd1      262     1         /home/u/.rustup/toolchains/nightly-x86_64-unknown-linux-gnu/lib/rustlib/riscv32i-unknown-none-elf/lib/libcompiler_builtins-20b151bf0444a219.rlib(compiler_builtins-20b151bf0444a219.compiler_builtins.a1118c3463fd1229-cgu.217.rcgu.o):(.debug_info)
   22cd1    22cd1        0     1                 .L0 
   22cd1    22cd1        0     1                 $d
   22f33    22f33      1d8     1         /home/u/.rustup/toolchains/nightly-x86_64-unknown-linux-gnu/lib/rustlib/riscv32i-unknown-none-elf/lib/libcompiler_builtins-20b151bf0444a219.rlib(compiler_builtins-20b151bf0444a219.compiler_builtins.a1118c3463fd1229-cgu.220.rcgu.o):(.debug_info)
   22f33    22f33        0     1                 .L0 
   22f33    22f33        0     1                 $d
   2310b    2310b       a1     1         /home/u/.rustup/toolchains/nightly-x86_64-unknown-linux-gnu/lib/rustlib/riscv32i-unknown-none-elf/lib/libcompiler_builtins-20b151bf0444a219.rlib(compiler_builtins-20b151bf0444a219.compiler_builtins.a1118c3463fd1229-cgu.232.rcgu.o):(.debug_info)
   2310b    2310b        0     1                 .L0 
   2310b    2310b        0     1                 $d
   231ac    231ac      15e     1         /home/u/.rustup/toolchains/nightly-x86_64-unknown-linux-gnu/lib/rustlib/riscv32i-unknown-none-elf/lib/libcompiler_builtins-20b151bf0444a219.rlib(compiler_builtins-20b151bf0444a219.compiler_builtins.a1118c3463fd1229-cgu.246.rcgu.o):(.debug_info)
   231ac    231ac        0     1                 .L0 
   231ac    231ac        0     1                 $d
   2330a    2330a      166     1         /home/u/.rustup/toolchains/nightly-x86_64-unknown-linux-gnu/lib/rustlib/riscv32i-unknown-none-elf/lib/libcompiler_builtins-20b151bf0444a219.rlib(compiler_builtins-20b151bf0444a219.compiler_builtins.a1118c3463fd1229-cgu.250.rcgu.o):(.debug_info)
   2330a    2330a        0     1                 .L0 
   2330a    2330a        0     1                 $d
   23470    23470       51     1         /home/u/.rustup/toolchains/nightly-x86_64-unknown-linux-gnu/lib/rustlib/riscv32i-unknown-none-elf/lib/libcompiler_builtins-20b151bf0444a219.rlib(compiler_builtins-20b151bf0444a219.compiler_builtins.a1118c3463fd1229-cgu.259.rcgu.o):(.debug_info)
   23470    23470        0     1                 .L0 
   23470    23470        0     1                 $d
   234c1    234c1     1920     1         /home/u/.rustup/toolchains/nightly-x86_64-unknown-linux-gnu/lib/rustlib/riscv32i-unknown-none-elf/lib/libcompiler_builtins-20b151bf0444a219.rlib(compiler_builtins-20b151bf0444a219.compiler_builtins.a1118c3463fd1229-cgu.000.rcgu.o):(.debug_info)
   234c1    234c1        0     1                 .L0 
   234c1    234c1        0     1                 $d
   24de1    24de1       51     1         /home/u/.rustup/toolchains/nightly-x86_64-unknown-linux-gnu/lib/rustlib/riscv32i-unknown-none-elf/lib/libcompiler_builtins-20b151bf0444a219.rlib(compiler_builtins-20b151bf0444a219.compiler_builtins.a1118c3463fd1229-cgu.277.rcgu.o):(.debug_info)
   24de1    24de1        0     1                 .L0 
   24de1    24de1        0     1                 $d
       0        0     1320     1 .debug_aranges
       0        0       30     1         /home/u/develop/riscv_os_rust/target/riscv32i-unknown-none-elf/debug/deps/riscv_os_rust-12deafda19753ebd.1bu88p5r2timwm4uqpbt203cu.rcgu.o:(.debug_aranges)
       0        0        0     1                 $d
      30       30       20     1         /home/u/develop/riscv_os_rust/target/riscv32i-unknown-none-elf/debug/deps/riscv_os_rust-12deafda19753ebd.53ji8b1jq2ls8wncfovhobsou.rcgu.o:(.debug_aranges)
      30       30        0     1                 $d
      50       50       30     1         /home/u/develop/riscv_os_rust/target/riscv32i-unknown-none-elf/debug/deps/riscv_os_rust-12deafda19753ebd.9vn2a4zenjnvyuw4tpml9sw8a.rcgu.o:(.debug_aranges)
      50       50        0     1                 $d
      80       80       30     1         /home/u/develop/riscv_os_rust/target/riscv32i-unknown-none-elf/debug/deps/riscv_os_rust-12deafda19753ebd.afkkr8xjcztptktbyy9y39map.rcgu.o:(.debug_aranges)
      80       80        0     1                 $d
      b0       b0       20     1         /home/u/develop/riscv_os_rust/target/riscv32i-unknown-none-elf/debug/deps/riscv_os_rust-12deafda19753ebd.enhj97f4piyhc9xt494araed0.rcgu.o:(.debug_aranges)
      b0       b0        0     1                 $d
      d0       d0      e40     1         /home/u/.rustup/toolchains/nightly-x86_64-unknown-linux-gnu/lib/rustlib/riscv32i-unknown-none-elf/lib/libcore-bf7d222d0ce7676f.rlib(core-bf7d222d0ce7676f.core.4d02cc0f8c18e725-cgu.0.rcgu.o):(.debug_aranges)
      d0       d0        0     1                 $d
     f10      f10       20     1         /home/u/.rustup/toolchains/nightly-x86_64-unknown-linux-gnu/lib/rustlib/riscv32i-unknown-none-elf/lib/libcompiler_builtins-20b151bf0444a219.rlib(compiler_builtins-20b151bf0444a219.compiler_builtins.a1118c3463fd1229-cgu.079.rcgu.o):(.debug_aranges)
     f10      f10        0     1                 $d
     f30      f30       20     1         /home/u/.rustup/toolchains/nightly-x86_64-unknown-linux-gnu/lib/rustlib/riscv32i-unknown-none-elf/lib/libcompiler_builtins-20b151bf0444a219.rlib(compiler_builtins-20b151bf0444a219.compiler_builtins.a1118c3463fd1229-cgu.080.rcgu.o):(.debug_aranges)
     f30      f30        0     1                 $d
     f50      f50       20     1         /home/u/.rustup/toolchains/nightly-x86_64-unknown-linux-gnu/lib/rustlib/riscv32i-unknown-none-elf/lib/libcompiler_builtins-20b151bf0444a219.rlib(compiler_builtins-20b151bf0444a219.compiler_builtins.a1118c3463fd1229-cgu.112.rcgu.o):(.debug_aranges)
     f50      f50        0     1                 $d
     f70      f70       30     1         /home/u/.rustup/toolchains/nightly-x86_64-unknown-linux-gnu/lib/rustlib/riscv32i-unknown-none-elf/lib/libcompiler_builtins-20b151bf0444a219.rlib(compiler_builtins-20b151bf0444a219.compiler_builtins.a1118c3463fd1229-cgu.005.rcgu.o):(.debug_aranges)
     f70      f70        0     1                 $d
     fa0      fa0       60     1         /home/u/.rustup/toolchains/nightly-x86_64-unknown-linux-gnu/lib/rustlib/riscv32i-unknown-none-elf/lib/libcompiler_builtins-20b151bf0444a219.rlib(compiler_builtins-20b151bf0444a219.compiler_builtins.a1118c3463fd1229-cgu.015.rcgu.o):(.debug_aranges)
     fa0      fa0        0     1                 $d
    1000     1000       20     1         /home/u/.rustup/toolchains/nightly-x86_64-unknown-linux-gnu/lib/rustlib/riscv32i-unknown-none-elf/lib/libcompiler_builtins-20b151bf0444a219.rlib(compiler_builtins-20b151bf0444a219.compiler_builtins.a1118c3463fd1229-cgu.114.rcgu.o):(.debug_aranges)
    1000     1000        0     1                 $d
    1020     1020       20     1         /home/u/.rustup/toolchains/nightly-x86_64-unknown-linux-gnu/lib/rustlib/riscv32i-unknown-none-elf/lib/libcompiler_builtins-20b151bf0444a219.rlib(compiler_builtins-20b151bf0444a219.compiler_builtins.a1118c3463fd1229-cgu.128.rcgu.o):(.debug_aranges)
    1020     1020        0     1                 $d
    1040     1040       20     1         /home/u/.rustup/toolchains/nightly-x86_64-unknown-linux-gnu/lib/rustlib/riscv32i-unknown-none-elf/lib/libcompiler_builtins-20b151bf0444a219.rlib(compiler_builtins-20b151bf0444a219.compiler_builtins.a1118c3463fd1229-cgu.134.rcgu.o):(.debug_aranges)
    1040     1040        0     1                 $d
    1060     1060       30     1         /home/u/.rustup/toolchains/nightly-x86_64-unknown-linux-gnu/lib/rustlib/riscv32i-unknown-none-elf/lib/libcompiler_builtins-20b151bf0444a219.rlib(compiler_builtins-20b151bf0444a219.compiler_builtins.a1118c3463fd1229-cgu.006.rcgu.o):(.debug_aranges)
    1060     1060        0     1                 $d
    1090     1090       20     1         /home/u/.rustup/toolchains/nightly-x86_64-unknown-linux-gnu/lib/rustlib/riscv32i-unknown-none-elf/lib/libcompiler_builtins-20b151bf0444a219.rlib(compiler_builtins-20b151bf0444a219.compiler_builtins.a1118c3463fd1229-cgu.137.rcgu.o):(.debug_aranges)
    1090     1090        0     1                 $d
    10b0     10b0       20     1         /home/u/.rustup/toolchains/nightly-x86_64-unknown-linux-gnu/lib/rustlib/riscv32i-unknown-none-elf/lib/libcompiler_builtins-20b151bf0444a219.rlib(compiler_builtins-20b151bf0444a219.compiler_builtins.a1118c3463fd1229-cgu.156.rcgu.o):(.debug_aranges)
    10b0     10b0        0     1                 $d
    10d0     10d0       20     1         /home/u/.rustup/toolchains/nightly-x86_64-unknown-linux-gnu/lib/rustlib/riscv32i-unknown-none-elf/lib/libcompiler_builtins-20b151bf0444a219.rlib(compiler_builtins-20b151bf0444a219.compiler_builtins.a1118c3463fd1229-cgu.177.rcgu.o):(.debug_aranges)
    10d0     10d0        0     1                 $d
    10f0     10f0       20     1         /home/u/.rustup/toolchains/nightly-x86_64-unknown-linux-gnu/lib/rustlib/riscv32i-unknown-none-elf/lib/libcompiler_builtins-20b151bf0444a219.rlib(compiler_builtins-20b151bf0444a219.compiler_builtins.a1118c3463fd1229-cgu.183.rcgu.o):(.debug_aranges)
    10f0     10f0        0     1                 $d
    1110     1110       20     1         /home/u/.rustup/toolchains/nightly-x86_64-unknown-linux-gnu/lib/rustlib/riscv32i-unknown-none-elf/lib/libcompiler_builtins-20b151bf0444a219.rlib(compiler_builtins-20b151bf0444a219.compiler_builtins.a1118c3463fd1229-cgu.185.rcgu.o):(.debug_aranges)
    1110     1110        0     1                 $d
    1130     1130       20     1         /home/u/.rustup/toolchains/nightly-x86_64-unknown-linux-gnu/lib/rustlib/riscv32i-unknown-none-elf/lib/libcompiler_builtins-20b151bf0444a219.rlib(compiler_builtins-20b151bf0444a219.compiler_builtins.a1118c3463fd1229-cgu.199.rcgu.o):(.debug_aranges)
    1130     1130        0     1                 $d
    1150     1150       20     1         /home/u/.rustup/toolchains/nightly-x86_64-unknown-linux-gnu/lib/rustlib/riscv32i-unknown-none-elf/lib/libcompiler_builtins-20b151bf0444a219.rlib(compiler_builtins-20b151bf0444a219.compiler_builtins.a1118c3463fd1229-cgu.200.rcgu.o):(.debug_aranges)
    1150     1150        0     1                 $d
    1170     1170       20     1         /home/u/.rustup/toolchains/nightly-x86_64-unknown-linux-gnu/lib/rustlib/riscv32i-unknown-none-elf/lib/libcompiler_builtins-20b151bf0444a219.rlib(compiler_builtins-20b151bf0444a219.compiler_builtins.a1118c3463fd1229-cgu.201.rcgu.o):(.debug_aranges)
    1170     1170        0     1                 $d
    1190     1190       20     1         /home/u/.rustup/toolchains/nightly-x86_64-unknown-linux-gnu/lib/rustlib/riscv32i-unknown-none-elf/lib/libcompiler_builtins-20b151bf0444a219.rlib(compiler_builtins-20b151bf0444a219.compiler_builtins.a1118c3463fd1229-cgu.209.rcgu.o):(.debug_aranges)
    1190     1190        0     1                 $d
    11b0     11b0       20     1         /home/u/.rustup/toolchains/nightly-x86_64-unknown-linux-gnu/lib/rustlib/riscv32i-unknown-none-elf/lib/libcompiler_builtins-20b151bf0444a219.rlib(compiler_builtins-20b151bf0444a219.compiler_builtins.a1118c3463fd1229-cgu.211.rcgu.o):(.debug_aranges)
    11b0     11b0        0     1                 $d
    11d0     11d0       20     1         /home/u/.rustup/toolchains/nightly-x86_64-unknown-linux-gnu/lib/rustlib/riscv32i-unknown-none-elf/lib/libcompiler_builtins-20b151bf0444a219.rlib(compiler_builtins-20b151bf0444a219.compiler_builtins.a1118c3463fd1229-cgu.215.rcgu.o):(.debug_aranges)
    11d0     11d0        0     1                 $d
    11f0     11f0       20     1         /home/u/.rustup/toolchains/nightly-x86_64-unknown-linux-gnu/lib/rustlib/riscv32i-unknown-none-elf/lib/libcompiler_builtins-20b151bf0444a219.rlib(compiler_builtins-20b151bf0444a219.compiler_builtins.a1118c3463fd1229-cgu.216.rcgu.o):(.debug_aranges)
    11f0     11f0        0     1                 $d
    1210     1210       20     1         /home/u/.rustup/toolchains/nightly-x86_64-unknown-linux-gnu/lib/rustlib/riscv32i-unknown-none-elf/lib/libcompiler_builtins-20b151bf0444a219.rlib(compiler_builtins-20b151bf0444a219.compiler_builtins.a1118c3463fd1229-cgu.217.rcgu.o):(.debug_aranges)
    1210     1210        0     1                 $d
    1230     1230       20     1         /home/u/.rustup/toolchains/nightly-x86_64-unknown-linux-gnu/lib/rustlib/riscv32i-unknown-none-elf/lib/libcompiler_builtins-20b151bf0444a219.rlib(compiler_builtins-20b151bf0444a219.compiler_builtins.a1118c3463fd1229-cgu.220.rcgu.o):(.debug_aranges)
    1230     1230        0     1                 $d
    1250     1250       20     1         /home/u/.rustup/toolchains/nightly-x86_64-unknown-linux-gnu/lib/rustlib/riscv32i-unknown-none-elf/lib/libcompiler_builtins-20b151bf0444a219.rlib(compiler_builtins-20b151bf0444a219.compiler_builtins.a1118c3463fd1229-cgu.232.rcgu.o):(.debug_aranges)
    1250     1250        0     1                 $d
    1270     1270       20     1         /home/u/.rustup/toolchains/nightly-x86_64-unknown-linux-gnu/lib/rustlib/riscv32i-unknown-none-elf/lib/libcompiler_builtins-20b151bf0444a219.rlib(compiler_builtins-20b151bf0444a219.compiler_builtins.a1118c3463fd1229-cgu.246.rcgu.o):(.debug_aranges)
    1270     1270        0     1                 $d
    1290     1290       20     1         /home/u/.rustup/toolchains/nightly-x86_64-unknown-linux-gnu/lib/rustlib/riscv32i-unknown-none-elf/lib/libcompiler_builtins-20b151bf0444a219.rlib(compiler_builtins-20b151bf0444a219.compiler_builtins.a1118c3463fd1229-cgu.250.rcgu.o):(.debug_aranges)
    1290     1290        0     1                 $d
    12b0     12b0       20     1         /home/u/.rustup/toolchains/nightly-x86_64-unknown-linux-gnu/lib/rustlib/riscv32i-unknown-none-elf/lib/libcompiler_builtins-20b151bf0444a219.rlib(compiler_builtins-20b151bf0444a219.compiler_builtins.a1118c3463fd1229-cgu.259.rcgu.o):(.debug_aranges)
    12b0     12b0        0     1                 $d
    12d0     12d0       30     1         /home/u/.rustup/toolchains/nightly-x86_64-unknown-linux-gnu/lib/rustlib/riscv32i-unknown-none-elf/lib/libcompiler_builtins-20b151bf0444a219.rlib(compiler_builtins-20b151bf0444a219.compiler_builtins.a1118c3463fd1229-cgu.000.rcgu.o):(.debug_aranges)
    12d0     12d0        0     1                 $d
    1300     1300       20     1         /home/u/.rustup/toolchains/nightly-x86_64-unknown-linux-gnu/lib/rustlib/riscv32i-unknown-none-elf/lib/libcompiler_builtins-20b151bf0444a219.rlib(compiler_builtins-20b151bf0444a219.compiler_builtins.a1118c3463fd1229-cgu.277.rcgu.o):(.debug_aranges)
    1300     1300        0     1                 $d
       0        0     d8c0     1 .debug_ranges
       0        0       20     1         /home/u/develop/riscv_os_rust/target/riscv32i-unknown-none-elf/debug/deps/riscv_os_rust-12deafda19753ebd.1bu88p5r2timwm4uqpbt203cu.rcgu.o:(.debug_ranges)
       0        0        0     1                 .L0 
       0        0        0     1                 $d
      20       20       60     1         /home/u/develop/riscv_os_rust/target/riscv32i-unknown-none-elf/debug/deps/riscv_os_rust-12deafda19753ebd.53ji8b1jq2ls8wncfovhobsou.rcgu.o:(.debug_ranges)
      20       20        0     1                 .L0 
      20       20        0     1                 $d
      38       38        0     1                 .L0 
      50       50        0     1                 .L0 
      68       68        0     1                 .L0 
      80       80       b0     1         /home/u/develop/riscv_os_rust/target/riscv32i-unknown-none-elf/debug/deps/riscv_os_rust-12deafda19753ebd.9vn2a4zenjnvyuw4tpml9sw8a.rcgu.o:(.debug_ranges)
      80       80        0     1                 .L0 
      80       80        0     1                 $d
      a0       a0        0     1                 .L0 
      c0       c0        0     1                 .L0 
      e0       e0        0     1                 .L0 
      f8       f8        0     1                 .L0 
     110      110        0     1                 .L0 
     130      130       a8     1         /home/u/develop/riscv_os_rust/target/riscv32i-unknown-none-elf/debug/deps/riscv_os_rust-12deafda19753ebd.afkkr8xjcztptktbyy9y39map.rcgu.o:(.debug_ranges)
     130      130        0     1                 .L0 
     130      130        0     1                 $d
     150      150        0     1                 .L0 
     170      170        0     1                 .L0 
     198      198        0     1                 .L0 
     1b8      1b8        0     1                 .L0 
     1d8      1d8     c5d0     1         /home/u/.rustup/toolchains/nightly-x86_64-unknown-linux-gnu/lib/rustlib/riscv32i-unknown-none-elf/lib/libcore-bf7d222d0ce7676f.rlib(core-bf7d222d0ce7676f.core.4d02cc0f8c18e725-cgu.0.rcgu.o):(.debug_ranges)
     1d8      1d8        0     1                 .L0 
     1d8      1d8        0     1                 $d
     1f8      1f8        0     1                 .L0 
     210      210        0     1                 .L0 
     228      228        0     1                 .L0 
     240      240        0     1                 .L0 
     260      260        0     1                 .L0 
     280      280        0     1                 .L0 
     2a0      2a0        0     1                 .L0 
     2b8      2b8        0     1                 .L0 
     2d0      2d0        0     1                 .L0 
     2e8      2e8        0     1                 .L0 
     300      300        0     1                 .L0 
     318      318        0     1                 .L0 
     330      330        0     1                 .L0 
     348      348        0     1                 .L0 
     360      360        0     1                 .L0 
     378      378        0     1                 .L0 
     390      390        0     1                 .L0 
     3a8      3a8        0     1                 .L0 
     3c0      3c0        0     1                 .L0 
     3d8      3d8        0     1                 .L0 
     3f0      3f0        0     1                 .L0 
     408      408        0     1                 .L0 
     420      420        0     1                 .L0 
     448      448        0     1                 .L0 
     460      460        0     1                 .L0 
     478      478        0     1                 .L0 
     490      490        0     1                 .L0 
     4b0      4b0        0     1                 .L0 
     4d0      4d0        0     1                 .L0 
     4f0      4f0        0     1                 .L0 
     508      508        0     1                 .L0 
     520      520        0     1                 .L0 
     538      538        0     1                 .L0 
     558      558        0     1                 .L0 
     578      578        0     1                 .L0 
     590      590        0     1                 .L0 
     5a8      5a8        0     1                 .L0 
     5c0      5c0        0     1                 .L0 
     5e0      5e0        0     1                 .L0 
     5f8      5f8        0     1                 .L0 
     620      620        0     1                 .L0 
     648      648        0     1                 .L0 
     660      660        0     1                 .L0 
     680      680        0     1                 .L0 
     6a0      6a0        0     1                 .L0 
     6b8      6b8        0     1                 .L0 
     6d0      6d0        0     1                 .L0 
     6e8      6e8        0     1                 .L0 
     708      708        0     1                 .L0 
     728      728        0     1                 .L0 
     740      740        0     1                 .L0 
     758      758        0     1                 .L0 
     778      778        0     1                 .L0 
     798      798        0     1                 .L0 
     7b8      7b8        0     1                 .L0 
     7d0      7d0        0     1                 .L0 
     7e8      7e8        0     1                 .L0 
     818      818        0     1                 .L0 
     830      830        0     1                 .L0 
     848      848        0     1                 .L0 
     860      860        0     1                 .L0 
     878      878        0     1                 .L0 
     8d0      8d0        0     1                 .L0 
     8e8      8e8        0     1                 .L0 
     900      900        0     1                 .L0 
     918      918        0     1                 .L0 
     930      930        0     1                 .L0 
     948      948        0     1                 .L0 
     960      960        0     1                 .L0 
     978      978        0     1                 .L0 
     9b8      9b8        0     1                 .L0 
     9f0      9f0        0     1                 .L0 
     a08      a08        0     1                 .L0 
     a20      a20        0     1                 .L0 
     a40      a40        0     1                 .L0 
     a58      a58        0     1                 .L0 
     a70      a70        0     1                 .L0 
     a90      a90        0     1                 .L0 
     aa8      aa8        0     1                 .L0 
     ac0      ac0        0     1                 .L0 
     ad8      ad8        0     1                 .L0 
     af0      af0        0     1                 .L0 
     b18      b18        0     1                 .L0 
     b38      b38        0     1                 .L0 
     b50      b50        0     1                 .L0 
     b68      b68        0     1                 .L0 
     b80      b80        0     1                 .L0 
     b98      b98        0     1                 .L0 
     bc0      bc0        0     1                 .L0 
     be8      be8        0     1                 .L0 
     c08      c08        0     1                 .L0 
     c28      c28        0     1                 .L0 
     c48      c48        0     1                 .L0 
     c68      c68        0     1                 .L0 
     c80      c80        0     1                 .L0 
     c98      c98        0     1                 .L0 
     cb0      cb0        0     1                 .L0 
     cc8      cc8        0     1                 .L0 
     ce0      ce0        0     1                 .L0 
     cf8      cf8        0     1                 .L0 
     d10      d10        0     1                 .L0 
     d28      d28        0     1                 .L0 
     d48      d48        0     1                 .L0 
     d68      d68        0     1                 .L0 
     d88      d88        0     1                 .L0 
     da0      da0        0     1                 .L0 
     db8      db8        0     1                 .L0 
     dd0      dd0        0     1                 .L0 
     de8      de8        0     1                 .L0 
     e00      e00        0     1                 .L0 
     e18      e18        0     1                 .L0 
     e30      e30        0     1                 .L0 
     e48      e48        0     1                 .L0 
     e68      e68        0     1                 .L0 
     e88      e88        0     1                 .L0 
     ea8      ea8        0     1                 .L0 
     ec0      ec0        0     1                 .L0 
     ed8      ed8        0     1                 .L0 
     ef0      ef0        0     1                 .L0 
     f08      f08        0     1                 .L0 
     f20      f20        0     1                 .L0 
     f38      f38        0     1                 .L0 
     f50      f50        0     1                 .L0 
     f68      f68        0     1                 .L0 
     f90      f90        0     1                 .L0 
     fb8      fb8        0     1                 .L0 
     fe0      fe0        0     1                 .L0 
     ff8      ff8        0     1                 .L0 
    1010     1010        0     1                 .L0 
    1028     1028        0     1                 .L0 
    1040     1040        0     1                 .L0 
    1058     1058        0     1                 .L0 
    1070     1070        0     1                 .L0 
    1088     1088        0     1                 .L0 
    10a0     10a0        0     1                 .L0 
    10b8     10b8        0     1                 .L0 
    10d0     10d0        0     1                 .L0 
    10e8     10e8        0     1                 .L0 
    1100     1100        0     1                 .L0 
    1120     1120        0     1                 .L0 
    1138     1138        0     1                 .L0 
    1150     1150        0     1                 .L0 
    1168     1168        0     1                 .L0 
    1180     1180        0     1                 .L0 
    1198     1198        0     1                 .L0 
    11c0     11c0        0     1                 .L0 
    11e0     11e0        0     1                 .L0 
    1210     1210        0     1                 .L0 
    1230     1230        0     1                 .L0 
    1268     1268        0     1                 .L0 
    1280     1280        0     1                 .L0 
    1298     1298        0     1                 .L0 
    12b0     12b0        0     1                 .L0 
    12c8     12c8        0     1                 .L0 
    12e0     12e0        0     1                 .L0 
    12f8     12f8        0     1                 .L0 
    1318     1318        0     1                 .L0 
    1338     1338        0     1                 .L0 
    1350     1350        0     1                 .L0 
    1368     1368        0     1                 .L0 
    1380     1380        0     1                 .L0 
    1398     1398        0     1                 .L0 
    13b0     13b0        0     1                 .L0 
    13c8     13c8        0     1                 .L0 
    13e0     13e0        0     1                 .L0 
    13f8     13f8        0     1                 .L0 
    1410     1410        0     1                 .L0 
    1428     1428        0     1                 .L0 
    1440     1440        0     1                 .L0 
    1458     1458        0     1                 .L0 
    1470     1470        0     1                 .L0 
    1488     1488        0     1                 .L0 
    14a0     14a0        0     1                 .L0 
    14b8     14b8        0     1                 .L0 
    14d0     14d0        0     1                 .L0 
    14e8     14e8        0     1                 .L0 
    1500     1500        0     1                 .L0 
    1518     1518        0     1                 .L0 
    1530     1530        0     1                 .L0 
    1548     1548        0     1                 .L0 
    1560     1560        0     1                 .L0 
    1578     1578        0     1                 .L0 
    15a0     15a0        0     1                 .L0 
    15c0     15c0        0     1                 .L0 
    15d8     15d8        0     1                 .L0 
    15f0     15f0        0     1                 .L0 
    1608     1608        0     1                 .L0 
    1620     1620        0     1                 .L0 
    1638     1638        0     1                 .L0 
    1650     1650        0     1                 .L0 
    1668     1668        0     1                 .L0 
    1680     1680        0     1                 .L0 
    16a0     16a0        0     1                 .L0 
    16c0     16c0        0     1                 .L0 
    16e0     16e0        0     1                 .L0 
    16f8     16f8        0     1                 .L0 
    1710     1710        0     1                 .L0 
    1728     1728        0     1                 .L0 
    1740     1740        0     1                 .L0 
    1758     1758        0     1                 .L0 
    1770     1770        0     1                 .L0 
    1788     1788        0     1                 .L0 
    17a0     17a0        0     1                 .L0 
    17c8     17c8        0     1                 .L0 
    17f0     17f0        0     1                 .L0 
    1818     1818        0     1                 .L0 
    1830     1830        0     1                 .L0 
    1848     1848        0     1                 .L0 
    1860     1860        0     1                 .L0 
    1878     1878        0     1                 .L0 
    1890     1890        0     1                 .L0 
    18a8     18a8        0     1                 .L0 
    18c0     18c0        0     1                 .L0 
    18d8     18d8        0     1                 .L0 
    18f0     18f0        0     1                 .L0 
    1908     1908        0     1                 .L0 
    1920     1920        0     1                 .L0 
    1938     1938        0     1                 .L0 
    1958     1958        0     1                 .L0 
    1978     1978        0     1                 .L0 
    1998     1998        0     1                 .L0 
    19b0     19b0        0     1                 .L0 
    19c8     19c8        0     1                 .L0 
    19e0     19e0        0     1                 .L0 
    19f8     19f8        0     1                 .L0 
    1a10     1a10        0     1                 .L0 
    1a28     1a28        0     1                 .L0 
    1a40     1a40        0     1                 .L0 
    1a58     1a58        0     1                 .L0 
    1a70     1a70        0     1                 .L0 
    1a98     1a98        0     1                 .L0 
    1ab8     1ab8        0     1                 .L0 
    1ad8     1ad8        0     1                 .L0 
    1af0     1af0        0     1                 .L0 
    1b10     1b10        0     1                 .L0 
    1b30     1b30        0     1                 .L0 
    1b48     1b48        0     1                 .L0 
    1b60     1b60        0     1                 .L0 
    1b78     1b78        0     1                 .L0 
    1b90     1b90        0     1                 .L0 
    1ba8     1ba8        0     1                 .L0 
    1bd0     1bd0        0     1                 .L0 
    1bf0     1bf0        0     1                 .L0 
    1c08     1c08        0     1                 .L0 
    1c28     1c28        0     1                 .L0 
    1c40     1c40        0     1                 .L0 
[...]
    d488     d488        0     1                 .L0 
    d4a0     d4a0        0     1                 .L0 
    d4b8     d4b8        0     1                 .L0 
    d4e0     d4e0        0     1                 .L0 
    d4f8     d4f8        0     1                 .L0 
    d510     d510        0     1                 .L0 
    d528     d528        0     1                 .L0 
    d540     d540        0     1                 .L0 
    d558     d558        0     1                 .L0 
    d570     d570        0     1                 .L0 
    d588     d588        0     1                 .L0 
    d5a0     d5a0        0     1                 .L0 
    d5b8     d5b8        0     1                 .L0 
    d5d0     d5d0        0     1                 .L0 
    d5e8     d5e8        0     1                 .L0 
    d600     d600        0     1                 .L0 
    d618     d618        0     1                 .L0 
    d630     d630        0     1                 .L0 
    d650     d650        0     1                 .L0 
    d670     d670        0     1                 .L0 
    d690     d690        0     1                 .L0 
    d6b0     d6b0        0     1                 .L0 
    d6d0     d6d0        0     1                 .L0 
    d6f0     d6f0        0     1                 .L0 
    d710     d710        0     1                 .L0 
    d740     d740        0     1                 .L0 
    d770     d770        0     1                 .L0 
    d7a0     d7a0        0     1                 .L0 
    d7b8     d7b8        0     1                 .L0 
    d7d0     d7d0        0     1                 .L0 
    d7e8     d7e8        0     1                 .L0 
    d800     d800        0     1                 .L0 
    d818     d818        0     1                 .L0 
    d840     d840        0     1                 .L0 
    d858     d858        0     1                 .L0 
    d870     d870        0     1                 .L0 
    d888     d888        0     1                 .L0 
    d8a0     d8a0        0     1                 .L0 
       0        0    3cab7     1 .debug_str
       0        0    3cab7     1         <internal>:(.debug_str)
       0        0       93     1 .comment
       0        0       93     1         <internal>:(.comment)
       0        0       1c     1 .riscv.attributes
       0        0       1c     1         <internal>:(.riscv.attributes)
       0        0      14c     4 .debug_frame
       0        0       58     4         /home/u/develop/riscv_os_rust/target/riscv32i-unknown-none-elf/debug/deps/riscv_os_rust-12deafda19753ebd.1bu88p5r2timwm4uqpbt203cu.rcgu.o:(.debug_frame)
       0        0        0     1                 .L0 
       0        0        0     1                 $d
      58       58       28     4         /home/u/develop/riscv_os_rust/target/riscv32i-unknown-none-elf/debug/deps/riscv_os_rust-12deafda19753ebd.53ji8b1jq2ls8wncfovhobsou.rcgu.o:(.debug_frame)
      58       58        0     1                 .L0 
      58       58        0     1                 $d
      80       80       50     4         /home/u/develop/riscv_os_rust/target/riscv32i-unknown-none-elf/debug/deps/riscv_os_rust-12deafda19753ebd.9vn2a4zenjnvyuw4tpml9sw8a.rcgu.o:(.debug_frame)
      80       80        0     1                 .L0 
      80       80        0     1                 $d
      d0       d0       50     4         /home/u/develop/riscv_os_rust/target/riscv32i-unknown-none-elf/debug/deps/riscv_os_rust-12deafda19753ebd.afkkr8xjcztptktbyy9y39map.rcgu.o:(.debug_frame)
      d0       d0        0     1                 .L0 
      d0       d0        0     1                 $d
     120      120       2c     4         /home/u/develop/riscv_os_rust/target/riscv32i-unknown-none-elf/debug/deps/riscv_os_rust-12deafda19753ebd.enhj97f4piyhc9xt494araed0.rcgu.o:(.debug_frame)
     120      120        0     1                 .L0 
     120      120        0     1                 $d
       0        0    2534c     1 .debug_line
       0        0       a2     1         /home/u/develop/riscv_os_rust/target/riscv32i-unknown-none-elf/debug/deps/riscv_os_rust-12deafda19753ebd.1bu88p5r2timwm4uqpbt203cu.rcgu.o:(.debug_line)
       0        0        0     1                 .Lline_table_start0
       0        0        0     1                 $d
      a2       a2      32f     1         /home/u/develop/riscv_os_rust/target/riscv32i-unknown-none-elf/debug/deps/riscv_os_rust-12deafda19753ebd.53ji8b1jq2ls8wncfovhobsou.rcgu.o:(.debug_line)
      a2       a2        0     1                 .Lline_table_start0
      a2       a2        0     1                 $d
     3d1      3d1      3e9     1         /home/u/develop/riscv_os_rust/target/riscv32i-unknown-none-elf/debug/deps/riscv_os_rust-12deafda19753ebd.9vn2a4zenjnvyuw4tpml9sw8a.rcgu.o:(.debug_line)
     3d1      3d1        0     1                 .Lline_table_start0
     3d1      3d1        0     1                 $d
     7ba      7ba      1e1     1         /home/u/develop/riscv_os_rust/target/riscv32i-unknown-none-elf/debug/deps/riscv_os_rust-12deafda19753ebd.afkkr8xjcztptktbyy9y39map.rcgu.o:(.debug_line)
     7ba      7ba        0     1                 .Lline_table_start0
     7ba      7ba        0     1                 $d
     99b      99b       b3     1         /home/u/develop/riscv_os_rust/target/riscv32i-unknown-none-elf/debug/deps/riscv_os_rust-12deafda19753ebd.enhj97f4piyhc9xt494araed0.rcgu.o:(.debug_line)
     99b      99b        0     1                 .Lline_table_start0
     99b      99b        0     1                 $d
     a4e      a4e    1e519     1         /home/u/.rustup/toolchains/nightly-x86_64-unknown-linux-gnu/lib/rustlib/riscv32i-unknown-none-elf/lib/libcore-bf7d222d0ce7676f.rlib(core-bf7d222d0ce7676f.core.4d02cc0f8c18e725-cgu.0.rcgu.o):(.debug_line)
     a4e      a4e        0     1                 .Lline_table_start0
     a4e      a4e        0     1                 $d
   1ef67    1ef67       89     1         /home/u/.rustup/toolchains/nightly-x86_64-unknown-linux-gnu/lib/rustlib/riscv32i-unknown-none-elf/lib/libcompiler_builtins-20b151bf0444a219.rlib(compiler_builtins-20b151bf0444a219.compiler_builtins.a1118c3463fd1229-cgu.079.rcgu.o):(.debug_line)
   1ef67    1ef67        0     1                 .Lline_table_start0
   1ef67    1ef67        0     1                 $d
   1eff0    1eff0       a9     1         /home/u/.rustup/toolchains/nightly-x86_64-unknown-linux-gnu/lib/rustlib/riscv32i-unknown-none-elf/lib/libcompiler_builtins-20b151bf0444a219.rlib(compiler_builtins-20b151bf0444a219.compiler_builtins.a1118c3463fd1229-cgu.080.rcgu.o):(.debug_line)
   1eff0    1eff0        0     1                 .Lline_table_start0
   1eff0    1eff0        0     1                 $d
   1f099    1f099       4a     1         /home/u/.rustup/toolchains/nightly-x86_64-unknown-linux-gnu/lib/rustlib/riscv32i-unknown-none-elf/lib/libcompiler_builtins-20b151bf0444a219.rlib(compiler_builtins-20b151bf0444a219.compiler_builtins.a1118c3463fd1229-cgu.112.rcgu.o):(.debug_line)
   1f099    1f099        0     1                 .Lline_table_start0
   1f099    1f099        0     1                 $d
   1f0e3    1f0e3     114b     1         /home/u/.rustup/toolchains/nightly-x86_64-unknown-linux-gnu/lib/rustlib/riscv32i-unknown-none-elf/lib/libcompiler_builtins-20b151bf0444a219.rlib(compiler_builtins-20b151bf0444a219.compiler_builtins.a1118c3463fd1229-cgu.005.rcgu.o):(.debug_line)
   1f0e3    1f0e3        0     1                 .Lline_table_start0
   1f0e3    1f0e3        0     1                 $d
   20095    20095        0     1                 .Lline_table_start1
   200cf    200cf        0     1                 .Lline_table_start2
   20194    20194        0     1                 .Lline_table_start3
   2022e    2022e      8d4     1         /home/u/.rustup/toolchains/nightly-x86_64-unknown-linux-gnu/lib/rustlib/riscv32i-unknown-none-elf/lib/libcompiler_builtins-20b151bf0444a219.rlib(compiler_builtins-20b151bf0444a219.compiler_builtins.a1118c3463fd1229-cgu.015.rcgu.o):(.debug_line)
   2022e    2022e        0     1                 .Lline_table_start0
   2022e    2022e        0     1                 $d
   20a3d    20a3d        0     1                 .Lline_table_start1
   20b02    20b02      2cf     1         /home/u/.rustup/toolchains/nightly-x86_64-unknown-linux-gnu/lib/rustlib/riscv32i-unknown-none-elf/lib/libcompiler_builtins-20b151bf0444a219.rlib(compiler_builtins-20b151bf0444a219.compiler_builtins.a1118c3463fd1229-cgu.114.rcgu.o):(.debug_line)
   20b02    20b02        0     1                 .Lline_table_start0
   20b02    20b02        0     1                 $d
   20d2f    20d2f        0     1                 .Lline_table_start1
   20dd1    20dd1      3b3     1         /home/u/.rustup/toolchains/nightly-x86_64-unknown-linux-gnu/lib/rustlib/riscv32i-unknown-none-elf/lib/libcompiler_builtins-20b151bf0444a219.rlib(compiler_builtins-20b151bf0444a219.compiler_builtins.a1118c3463fd1229-cgu.128.rcgu.o):(.debug_line)
   20dd1    20dd1        0     1                 .Lline_table_start0
   20dd1    20dd1        0     1                 $d
   21041    21041        0     1                 .Lline_table_start1
   21184    21184       a1     1         /home/u/.rustup/toolchains/nightly-x86_64-unknown-linux-gnu/lib/rustlib/riscv32i-unknown-none-elf/lib/libcompiler_builtins-20b151bf0444a219.rlib(compiler_builtins-20b151bf0444a219.compiler_builtins.a1118c3463fd1229-cgu.134.rcgu.o):(.debug_line)
   21184    21184        0     1                 .Lline_table_start0
   21184    21184        0     1                 $d
   211f6    211f6        0     1                 .Lline_table_start1
   21225    21225      ca2     1         /home/u/.rustup/toolchains/nightly-x86_64-unknown-linux-gnu/lib/rustlib/riscv32i-unknown-none-elf/lib/libcompiler_builtins-20b151bf0444a219.rlib(compiler_builtins-20b151bf0444a219.compiler_builtins.a1118c3463fd1229-cgu.006.rcgu.o):(.debug_line)
   21225    21225        0     1                 .Lline_table_start0
   21225    21225        0     1                 $d
   21ec7    21ec7       f9     1         /home/u/.rustup/toolchains/nightly-x86_64-unknown-linux-gnu/lib/rustlib/riscv32i-unknown-none-elf/lib/libcompiler_builtins-20b151bf0444a219.rlib(compiler_builtins-20b151bf0444a219.compiler_builtins.a1118c3463fd1229-cgu.137.rcgu.o):(.debug_line)
   21ec7    21ec7        0     1                 .Lline_table_start0
   21ec7    21ec7        0     1                 $d
   21f62    21f62        0     1                 .Lline_table_start1
   21f91    21f91        0     1                 .Lline_table_start2
   21fc0    21fc0       9a     1         /home/u/.rustup/toolchains/nightly-x86_64-unknown-linux-gnu/lib/rustlib/riscv32i-unknown-none-elf/lib/libcompiler_builtins-20b151bf0444a219.rlib(compiler_builtins-20b151bf0444a219.compiler_builtins.a1118c3463fd1229-cgu.156.rcgu.o):(.debug_line)
   21fc0    21fc0        0     1                 .Lline_table_start0
   21fc0    21fc0        0     1                 $d
   2202b    2202b        0     1                 .Lline_table_start1
   2205a    2205a      2ca     1         /home/u/.rustup/toolchains/nightly-x86_64-unknown-linux-gnu/lib/rustlib/riscv32i-unknown-none-elf/lib/libcompiler_builtins-20b151bf0444a219.rlib(compiler_builtins-20b151bf0444a219.compiler_builtins.a1118c3463fd1229-cgu.177.rcgu.o):(.debug_line)
   2205a    2205a        0     1                 .Lline_table_start0
   2205a    2205a        0     1                 $d
   22247    22247        0     1                 .Lline_table_start1
   22324    22324      2ca     1         /home/u/.rustup/toolchains/nightly-x86_64-unknown-linux-gnu/lib/rustlib/riscv32i-unknown-none-elf/lib/libcompiler_builtins-20b151bf0444a219.rlib(compiler_builtins-20b151bf0444a219.compiler_builtins.a1118c3463fd1229-cgu.183.rcgu.o):(.debug_line)
   22324    22324        0     1                 .Lline_table_start0
   22324    22324        0     1                 $d
   22511    22511        0     1                 .Lline_table_start1
   225ee    225ee       a1     1         /home/u/.rustup/toolchains/nightly-x86_64-unknown-linux-gnu/lib/rustlib/riscv32i-unknown-none-elf/lib/libcompiler_builtins-20b151bf0444a219.rlib(compiler_builtins-20b151bf0444a219.compiler_builtins.a1118c3463fd1229-cgu.185.rcgu.o):(.debug_line)
   225ee    225ee        0     1                 .Lline_table_start0
   225ee    225ee        0     1                 $d
   22660    22660        0     1                 .Lline_table_start1
   2268f    2268f       4a     1         /home/u/.rustup/toolchains/nightly-x86_64-unknown-linux-gnu/lib/rustlib/riscv32i-unknown-none-elf/lib/libcompiler_builtins-20b151bf0444a219.rlib(compiler_builtins-20b151bf0444a219.compiler_builtins.a1118c3463fd1229-cgu.199.rcgu.o):(.debug_line)
   2268f    2268f        0     1                 .Lline_table_start0
   2268f    2268f        0     1                 $d
   226d9    226d9      271     1         /home/u/.rustup/toolchains/nightly-x86_64-unknown-linux-gnu/lib/rustlib/riscv32i-unknown-none-elf/lib/libcompiler_builtins-20b151bf0444a219.rlib(compiler_builtins-20b151bf0444a219.compiler_builtins.a1118c3463fd1229-cgu.200.rcgu.o):(.debug_line)
   226d9    226d9        0     1                 .Lline_table_start0
   226d9    226d9        0     1                 $d
   2286d    2286d        0     1                 .Lline_table_start1
   2294a    2294a      4a9     1         /home/u/.rustup/toolchains/nightly-x86_64-unknown-linux-gnu/lib/rustlib/riscv32i-unknown-none-elf/lib/libcompiler_builtins-20b151bf0444a219.rlib(compiler_builtins-20b151bf0444a219.compiler_builtins.a1118c3463fd1229-cgu.201.rcgu.o):(.debug_line)
   2294a    2294a        0     1                 .Lline_table_start0
   2294a    2294a        0     1                 $d
   22ca0    22ca0        0     1                 .Lline_table_start1
   22df3    22df3       9a     1         /home/u/.rustup/toolchains/nightly-x86_64-unknown-linux-gnu/lib/rustlib/riscv32i-unknown-none-elf/lib/libcompiler_builtins-20b151bf0444a219.rlib(compiler_builtins-20b151bf0444a219.compiler_builtins.a1118c3463fd1229-cgu.209.rcgu.o):(.debug_line)
   22df3    22df3        0     1                 .Lline_table_start0
   22df3    22df3        0     1                 $d
   22e5e    22e5e        0     1                 .Lline_table_start1
   22e8d    22e8d      2db     1         /home/u/.rustup/toolchains/nightly-x86_64-unknown-linux-gnu/lib/rustlib/riscv32i-unknown-none-elf/lib/libcompiler_builtins-20b151bf0444a219.rlib(compiler_builtins-20b151bf0444a219.compiler_builtins.a1118c3463fd1229-cgu.211.rcgu.o):(.debug_line)
   22e8d    22e8d        0     1                 .Lline_table_start0
   22e8d    22e8d        0     1                 $d
   23054    23054        0     1                 .Lline_table_start1
   23139    23139        0     1                 .Lline_table_start2
   23168    23168       8f     1         /home/u/.rustup/toolchains/nightly-x86_64-unknown-linux-gnu/lib/rustlib/riscv32i-unknown-none-elf/lib/libcompiler_builtins-20b151bf0444a219.rlib(compiler_builtins-20b151bf0444a219.compiler_builtins.a1118c3463fd1229-cgu.215.rcgu.o):(.debug_line)
   23168    23168        0     1                 .Lline_table_start0
   23168    23168        0     1                 $d
   231c8    231c8        0     1                 .Lline_table_start1
   231f7    231f7       fc     1         /home/u/.rustup/toolchains/nightly-x86_64-unknown-linux-gnu/lib/rustlib/riscv32i-unknown-none-elf/lib/libcompiler_builtins-20b151bf0444a219.rlib(compiler_builtins-20b151bf0444a219.compiler_builtins.a1118c3463fd1229-cgu.216.rcgu.o):(.debug_line)
   231f7    231f7        0     1                 .Lline_table_start0
   231f7    231f7        0     1                 $d
   232b0    232b0        0     1                 .Lline_table_start1
   232f3    232f3      2fc     1         /home/u/.rustup/toolchains/nightly-x86_64-unknown-linux-gnu/lib/rustlib/riscv32i-unknown-none-elf/lib/libcompiler_builtins-20b151bf0444a219.rlib(compiler_builtins-20b151bf0444a219.compiler_builtins.a1118c3463fd1229-cgu.217.rcgu.o):(.debug_line)
   232f3    232f3        0     1                 .Lline_table_start0
   232f3    232f3        0     1                 $d
   234db    234db        0     1                 .Lline_table_start1
   235c0    235c0        0     1                 .Lline_table_start2
   235ef    235ef      306     1         /home/u/.rustup/toolchains/nightly-x86_64-unknown-linux-gnu/lib/rustlib/riscv32i-unknown-none-elf/lib/libcompiler_builtins-20b151bf0444a219.rlib(compiler_builtins-20b151bf0444a219.compiler_builtins.a1118c3463fd1229-cgu.220.rcgu.o):(.debug_line)
   235ef    235ef        0     1                 .Lline_table_start0
   235ef    235ef        0     1                 $d
   23818    23818        0     1                 .Lline_table_start1
   238f5    238f5       9a     1         /home/u/.rustup/toolchains/nightly-x86_64-unknown-linux-gnu/lib/rustlib/riscv32i-unknown-none-elf/lib/libcompiler_builtins-20b151bf0444a219.rlib(compiler_builtins-20b151bf0444a219.compiler_builtins.a1118c3463fd1229-cgu.232.rcgu.o):(.debug_line)
   238f5    238f5        0     1                 .Lline_table_start0
   238f5    238f5        0     1                 $d
   23960    23960        0     1                 .Lline_table_start1
   2398f    2398f      270     1         /home/u/.rustup/toolchains/nightly-x86_64-unknown-linux-gnu/lib/rustlib/riscv32i-unknown-none-elf/lib/libcompiler_builtins-20b151bf0444a219.rlib(compiler_builtins-20b151bf0444a219.compiler_builtins.a1118c3463fd1229-cgu.246.rcgu.o):(.debug_line)
   2398f    2398f        0     1                 .Lline_table_start0
   2398f    2398f        0     1                 $d
   23b22    23b22        0     1                 .Lline_table_start1
   23bff    23bff      271     1         /home/u/.rustup/toolchains/nightly-x86_64-unknown-linux-gnu/lib/rustlib/riscv32i-unknown-none-elf/lib/libcompiler_builtins-20b151bf0444a219.rlib(compiler_builtins-20b151bf0444a219.compiler_builtins.a1118c3463fd1229-cgu.250.rcgu.o):(.debug_line)
   23bff    23bff        0     1                 .Lline_table_start0
   23bff    23bff        0     1                 $d
   23d93    23d93        0     1                 .Lline_table_start1
   23e70    23e70       4a     1         /home/u/.rustup/toolchains/nightly-x86_64-unknown-linux-gnu/lib/rustlib/riscv32i-unknown-none-elf/lib/libcompiler_builtins-20b151bf0444a219.rlib(compiler_builtins-20b151bf0444a219.compiler_builtins.a1118c3463fd1229-cgu.259.rcgu.o):(.debug_line)
   23e70    23e70        0     1                 .Lline_table_start0
   23e70    23e70        0     1                 $d
   23eba    23eba     1448     1         /home/u/.rustup/toolchains/nightly-x86_64-unknown-linux-gnu/lib/rustlib/riscv32i-unknown-none-elf/lib/libcompiler_builtins-20b151bf0444a219.rlib(compiler_builtins-20b151bf0444a219.compiler_builtins.a1118c3463fd1229-cgu.000.rcgu.o):(.debug_line)
   23eba    23eba        0     1                 .Lline_table_start0
   23eba    23eba        0     1                 $d
   25238    25238        0     1                 .Lline_table_start1
   25268    25268        0     1                 .Lline_table_start2
   25302    25302       4a     1         /home/u/.rustup/toolchains/nightly-x86_64-unknown-linux-gnu/lib/rustlib/riscv32i-unknown-none-elf/lib/libcompiler_builtins-20b151bf0444a219.rlib(compiler_builtins-20b151bf0444a219.compiler_builtins.a1118c3463fd1229-cgu.277.rcgu.o):(.debug_line)
   25302    25302        0     1                 .Lline_table_start0
   25302    25302        0     1                 $d
       0        0     9e70     4 .symtab
       0        0     9e70     4         <internal>:(.symtab)
       0        0       ae     1 .shstrtab
       0        0       ae     1         <internal>:(.shstrtab)
       0        0     3b38     1 .strtab
       0        0     3b38     1         <internal>:(.strtab)
